7
12
18
23
29
36
42
48
56
62
69
74
80
86
91
97
104
109
113
118
123
129
134
139
144
151
156
161
166
171
176
181
188
192
199
206
211
216
220
226
230
236
240
245
250
255
259
264
269
274
279
283
288
293
298
302
307
310
315
319
324
328
333
338
343
349
353
357
362
368
373
377
382
386
390
395
399
403
409
414
418
423
427
431
435
440
444
448
452
457
462
466
471
475
479
483
487
492
497
502
506
511
515
520
525
529
533
538
542
547
551
555
559
564
570
574
578
582
585
590
594
599
603
608
612
616
621
626
630
634
640
645
650
654
660
663
668
672
676
682
686
690
694
698
703
708
712
716
720
725
730
734
738
743
747
751
755
760
764
769
773
777
781
786
792
796
801
806
811
815
820
824
829
833
837
841
846
850
854
859
864
867
871
876
881
885
890
894
899
903
907
912
918
922
927
931
936
940
944
949
954
960
966
971
975
980
985
990
994
999
1003
1008
1013
1018
1023
1029
1035
1040
1046
1051
1056
1060
1065
1070
1076
1080
1086
1091
1098
1102
1109
1114
1119
1124
1129
1134
1140
1145
1152
1158
1164
1171
1176
1181
1187
1195
1200
1206
1211
1219
1224
1228
1234
1242
1248
1255
1261
1267
1274
1279
1285
1291
1297
1302
1307
1314
1320
1326
1333
1340
1346
1353
1363
1369
1375
1383
1389
1399
1405
1414
1422
1429
1435
1442
1450
1456
1462
1471
1478
1487
1494
1500
1507
1514
1524
1533
1542
1549
1557
1566
1573
1585
1597
1607
1613
1621
1630
1638
1655
1664
1673
1681
1689
1698
1708
1719
1731
1742
1752
1762
1770
1777
1786
1794
1803
1813
1826
1837
1844
1854
1878
1888
1898
1908
1920
1931
1939
1946
1954
1962
1972
1979
1988
1994
2006
2015
2024
2035
2045
2056
2065
2076
2087
2100
2117
2126
2136
2145
2158
2167
2178
2186
2193
2201
2209
2219
2226
2232
2240
2248
2255
2262
2269
2276
2284
2290
2297
2303
2311
2317
2323
2330
2337
2343
2350
2356
2363
2370
2377
2382
2388
2396
2404
2410
2417
2423
2429
2436
2442
2448
2456
2464
2470
2476
2481
2487
2494
2504
2510
2516
2521
2528
2533
2539
2546
2553
2559
2564
2569
2575
2581
2586
2591
2597
2603
2608
2613
2618
2624
2630
2636
2640
2646
2650
2655
2661
2668
2672
2679
2682
2688
2694
2699
2704
2709
2713
2717
2722
2727
2732
2737
2742
2746
2751
2757
2762
2767
2771
2776
2781
2785
2790
2795
2799
2803
2808
2814
2818
2823
2827
2831
2837
2841
2846
2849
2853
2858
2863
2867
2872
2877
2881
2886
2890
2895
2899
2903
2909
2914
2918
2922
2926
2931
2934
2938
2943
2948
2952
2957
2962
2966
2970
2974
2978
2983
2988
2992
2996
3000
3005
3010
3014
3019
3023
3027
3031
3036
3040
3044
3048
3052
3056
3060
3064
3069
3073
3078
3083
3087
3091
3095
3099
3103
3107
3111
3115
3119
3123
3127
3131
3135
3140
3143
3148
3152
3156
3161
3166
3170
3175
3179
3183
3189
3193
3197
3202
3206
3210
3214
3219
3222
3227
3230
3235
3239
3244
3249
3252
3257
3262
3267
3270
3275
3279
3283
3287
3291
3296
3300
3305
3310
3313
3318
3322
3326
3331
3336
3340
3345
3351
3355
3360
3364
3368
3373
3378
3382
3387
3391
3395
3399
3404
3408
3413
3417
3424
3429
3434
3438
3442
3448
3452
3458
3462
3467
3472
3476
3481
3487
3492
3497
3501
3506
3511
3516
3521
3527
3531
3535
3540
3546
3550
3555
3560
3565
3571
3575
3581
3587
3593
3600
3605
3610
3615
3620
3624
3631
3636
3640
3646
3652
3657
3664
3671
3676
3682
3687
3693
3699
3704
3711
3715
3721
3728
3735
3740
3746
3752
3759
3764
3770
3777
3784
3790
3796
3802
3807
3815
3826
3831
3837
3843
3849
3856
3861
3868
3875
3880
3886
3894
3900
3907
3914
3920
3929
3935
3942
3950
3957
3964
3973
3980
3987
3997
4005
4014
4025
4034
4041
4048
4057
4066
4074
4083
4089
4097
4103
4112
4123
4132
4141
4149
4158
4165
4174
4179
4188
4196
4214
4221
4231
4240
4250
4261
4272
4282
4289
4300
4326
4336
4354
4381
4400
4408
4420
4430
4437
4448
4456
4464
4474
4485
4499
4508
4516
4524
4538
4547
4561
4571
4580
4592
4598
4608
4619
4627
4639
4647
4655
4665
4672
4680
4688
4697
4704
4713
4726
4734
4742
4750
4759
4767
4773
4782
4789
4796
4801
4809
4816
4824
4831
4837
4843
4849
4855
4862
4872
4879
4887
4893
4899
4906
4913
4920
4925
4932
4938
4944
4949
4958
4964
4969
4976
4982
4988
4995
