Warn about uninitialized values.
-- Using default output directory /mnt/data0/root/Projects/RescueNet-RL/ns-3.46.1/build
-- [33mProceeding without cmake-format[0m
-- [33mPython: development libraries were not found[0m
-- [33mBoost was not found[0m
-- [33mdocs: doxygen documentation not enabled due to missing dependencies: doxygen dot dia[0m
-- Failed to locate sphinx-build executable (missing: SPHINX_EXECUTABLE) 
-- [33mdocs: sphinx documentation not enabled due to missing dependencies: Sphinx epstopdf pdflatex latexmk convert dvipng dia[0m
-- [33mInt128 was not found. Falling back to Cairo.[0m
-- Processing src/antenna
-- Boost Bessel function is required for CircularApertureAntennaModel  on platforms using Clang libc++ such as macOS.  You may need to clean up the CMake cache after installing it to pass this check.
-- Processing src/aodv
-- Processing src/applications
-- Processing src/bridge
-- Processing src/brite
-- [33mSkipping src/brite[0m
-- Processing src/buildings
-- Processing src/click
-- [33mSkipping src/click[0m
-- Processing src/config-store
-- Processing src/core
-- Boost Units are an optional feature of length.cc.  Ubuntu ships it within the libboost-dev package.  You may need to clean up the CMake cache after installing it to pass this check.
-- Processing src/csma
-- Processing src/csma-layout
-- Processing src/dsdv
-- Processing src/dsr
-- Processing src/energy
-- Processing src/fd-net-device
-- Could NOT find PkgConfig (missing: PKG_CONFIG_EXECUTABLE) 
-- Processing src/flow-monitor
-- Processing src/internet
-- Processing src/internet-apps
-- Processing src/lr-wpan
-- Processing src/lte
-- Processing src/mesh
-- Processing src/mobility
-- Processing src/netanim
-- Processing src/network
-- Processing src/nix-vector-routing
-- Processing src/olsr
-- Processing src/openflow
-- [33mSkipping src/openflow[0m
-- Processing src/point-to-point
-- Processing src/point-to-point-layout
-- Processing src/propagation
-- Processing src/sixlowpan
-- Processing src/spectrum
-- Processing src/stats
-- Processing src/tap-bridge
-- Processing src/topology-read
-- Processing src/traffic-control
-- Processing src/uan
-- Processing src/virtual-net-device
-- Processing src/wifi
-- Processing src/zigbee
-- ---- Summary of ns-3 settings:
Build profile                 : default
Build directory               : /mnt/data0/root/Projects/RescueNet-RL/ns-3.46.1/build
Build with runtime asserts    : [32mON[0m
Build with runtime logging    : [32mON[0m
Build version embedding       : OFF (not requested)
BRITE Integration             : [31mOFF (Missing headers: "Brite.h" and missing libraries: "brite")[0m
DES Metrics event collection  : OFF (not requested)
DPDK NetDevice                : OFF (not requested)
Emulation FdNetDevice         : [31mOFF (missing dependency)[0m
Examples                      : OFF (not requested)
File descriptor NetDevice     : [31mOFF (missing dependency)[0m
GNU Scientific Library (GSL)  : [31mOFF (GSL was not found)[0m
GtkConfigStore                : [31mOFF (Harfbuzz is required by GTK3 and was not found)[0m
LibXml2 support               : [31mOFF (LibXML2 was not found)[0m
MPI Support                   : OFF (not requested)
ns-3 Click Integration        : [31mOFF (Missing headers: "simclick.h" and missing libraries: "nsclick click")[0m
ns-3 OpenFlow Integration     : [31mOFF (Missing headers: "openflow.h" and missing libraries: "openflow")[0m
Netmap emulation FdNetDevice  : [31mOFF (missing dependency)[0m
PyViz visualizer              : [31mOFF (Python Bindings are disabled)[0m
Python Bindings               : OFF (not requested)
SQLite support                : [31mOFF (missing dependency)[0m
Eigen3 support                : [31mOFF (Eigen was not found)[0m
Tap Bridge                    : [32mON[0m
Tap FdNetDevice               : [31mOFF (missing dependency)[0m
Tests                         : OFF (not requested)


Modules configured to be built:
antenna                   aodv                      applications              
bridge                    buildings                 config-store              
core                      csma                      csma-layout               
dsdv                      dsr                       energy                    
flow-monitor              internet                  internet-apps             
lr-wpan                   lte                       mesh                      
mobility                  netanim                   network                   
nix-vector-routing        olsr                      point-to-point            
point-to-point-layout     propagation               sixlowpan                 
spectrum                  stats                     tap-bridge                
topology-read             traffic-control           uan                       
virtual-net-device        wifi                      zigbee                    


Modules that cannot be built:
brite                     click                     fd-net-device             
mpi                       openflow                  test                      
visualizer                


-- Configuring done
-- Generating done
-- Build files have been written to: /mnt/data0/root/Projects/RescueNet-RL/ns-3.46.1/cmake-cache
Finished executing the following commands:
/usr/bin/cmake -S /mnt/data0/root/Projects/RescueNet-RL/ns-3.46.1 -B /mnt/data0/root/Projects/RescueNet-RL/ns-3.46.1/cmake-cache --warn-uninitialized
Finished executing the following commands:
/usr/bin/cmake --build /mnt/data0/root/Projects/RescueNet-RL/ns-3.46.1/cmake-cache -j 3
========================================
   应急通信数字孪生平台 - NS-3
========================================

[1] 加载部署配置...
    地图: 5000x5000
    节点总数: 1385
    用户:1360 宏站:6 背负:19 小站:0 中继:0

[2] 创建节点...

[3] 配置移动模型...

[4] 安装 Internet 协议栈...

[5] 配置WiFi...

[6] 配置LTE...

[7] 创建Socket...

[8] 打开追踪文件...

[9] 调度事件...
    仿真时长: 10s
    灾害时间: 5s

[10] 运行仿真...
========================================
!!! DISASTER AT 5s !!!
========================================
  -> Macro offline: 6
  -> Manpack online: 19
  -> Disaster transition complete (no LTE handover)

========================================
   仿真完成!
   活跃链路峰值: 40
   接收包: 0
========================================
