1
2
3
4
5
6
7
8
9
10
11
12
13
14
15
16
17
18
19
20
21
22
23
24
25
26
27
28
29
30
31
32
33
34
35
36
37
38
39
40
41
43
44
45
46
47
48
49
50
51
52
54
55
56
57
58
59
60
61
62
63
64
65
66
67
68
69
70
71
72
73
74
75
76
77
78
79
80
81
82
83
84
85
86
87
88
89
90
91
92
92
93
94
95
96
97
99
99
100
101
102
103
105
105
106
107
108
109
110
112
113
114
114
116
117
118
119
119
120
121
123
123
124
125
127
128
129
130
131
132
133
134
135
136
137
139
140
141
142
143
144
145
146
147
149
149
151
151
153
154
155
155
156
157
158
159
160
161
162
163
164
165
166
167
168
169
170
171
172
173
174
175
176
178
179
180
181
182
182
183
184
185
186
188
189
190
190
191
193
193
195
195
196
198
199
200
201
202
202
203
205
206
207
208
209
210
211
212
212
214
215
216
217
218
219
220
221
222
223
224
225
226
227
229
229
231
231
232
233
234
235
237
237
238
239
240
241
242
243
244
245
246
247
248
249
251
252
253
254
255
256
257
258
259
260
261
262
263
264
265
266
267
268
269
270
271
272
273
274
275
276
277
278
279
280
281
282
282
283
285
286
287
288
289
290
290
291
292
293
294
296
297
297
298
299
301
302
303
304
305
306
307
308
309
310
311
312
313
314
315
317
318
319
320
320
321
322
324
325
326
327
328
329
330
331
332
333
334
334
336
337
338
339
340
341
342
342
343
344
345
346
347
348
349
351
352
353
354
355
356
356
357
359
359
360
362
363
364
365
366
367
368
369
370
371
372
372
373
374
375
376
378
379
380
381
382
383
384
385
386
387
388
389
390
392
392
393
394
395
397
397
398
399
401
401
402
403
404
405
407
407
408
409
410
411
413
414
415
416
417
418
419
420
421
422
422
424
425
426
427
428
428
429
430
431
433
434
435
436
437
439
439
441
442
443
444
445
446
447
448
449
450
451
453
454
455
456
457
458
459
459
461
461
462
463
464
465
466
467
468
468
469
471
472
473
474
475
476
477
478
479
480
481
482
483
484
485
486
487
488
489
490
491
492
493
494
495
496
497
498
499
500
501
502
503
504
505
506
507
508
509
510
511
512
512
514
515
516
517
518
519
521
522
523
524
525
525
527
528
529
530
531
532
533
534
535
536
537
538
539
539
541
541
542
543
544
546
546
548
549
550
551
552
553
554
555
557
558
559
560
561
562
563
564
565
566
567
568
569
570
571
572
573
574
575
576
577
578
579
580
581
582
583
584
586
587
587
589
590
591
592
593
594
595
596
597
598
599
600
601
602
604
604
605
606
607
608
609
610
611
612
612
614
615
616
617
618
619
620
621
622
623
624
625
626
627
627
628
629
631
632
633
635
636
637
638
639
640
641
642
643
644
645
646
647
648
649
650
651
652
653
654
655
656
657
658
659
660
661
662
663
664
665
666
667
668
669
670
671
672
673
674
675
676
677
678
678
680
681
682
683
684
684
686
687
688
689
690
691
692
693
693
695
696
696
697
698
700
701
702
703
704
705
707
708
709
710
711
712
713
714
714
716
716
718
719
720
721
722
723
724
725
726
727
728
729
730
731
732
733
734
735
736
738
738
740
741
742
743
744
745
746
747
748
749
750
751
752
753
753
754
755
756
757
758
759
760
761
762
763
763
765
766
767
768
768
770
771
771
772
774
774
775
776
777
778
779
780
781
782
783
784
785
786
787
788
789
790
791
792
793
794
795
796
797
799
801
802
803
804
805
806
807
808
809
810
811
812
813
814
815
816
817
818
820
821
822
823
824
825
826
826
828
829
830
831
832
833
834
835
836
837
838
839
840
841
842
843
844
845
846
847
849
850
851
852
853
854
854
856
857
858
858
859
861
861
863
863
864
865
866
867
868
869
870
871
872
873
874
875
876
877
879
880
881
882
882
884
884
885
886
887
888
889
890
891
892
893
894
895
896
897
898
899
900
902
902
903
904
905
906
907
908
909
910
911
912
913
914
915
916
917
918
919
919
920
921
923
924
925
926
927
928
929
930
931
932
933
934
936
937
938
939
940
940
941
943
944
945
945
947
947
948
950
951
952
953
954
955
956
957
958
959
960
961
962
962
963
965
966
967
968
969
969
971
972
973
974
975
976
977
978
979
980
981
983
984
984
986
987
988
988
989
990
991
993
994
995
996
997
998
999
1000
1002
1005
1007
1009
1011
1012
1014
1016
1018
1020
1022
1024
1026
1028
1031
1034
1035
1037
1039
1042
1043
1046
1048
1050
1052
1054
1056
1058
1061
1063
1065
1067
1069
1072
1075
1077
1080
1082
1084
1086
1088
1090
1092
1094
1096
1100
1102
1104
1105
1107
1109
1111
1113
1115
1117
1119
1121
1123
1125
1127
1129
1131
1133
1135
1136
1138
1140
1142
1144
1147
1149
1151
1153
1155
1157
1159
1161
1163
1166
1168
1170
1172
1173
1175
1177
1179
1180
1182
1184
1187
1189
1191
1193
1194
1196
1198
1200
1202
1204
1207
1209
1212
1214
1215
1217
1219
1221
1223
1224
1226
1228
1230
1232
1234
1237
1239
1241
1243
1245
1247
1249
1251
1253
1254
1256
1258
1261
1263
1265
1268
1270
1271
1274
1276
1278
1280
1282
1283
1285
1288
1289
1291
1293
1294
1297
1299
1301
1303
1305
1308
1310
1312
1314
1316
1319
1320
1322
1324
1326
1328
1330
1332
1334
1336
1338
1340
1342
1344
1346
1348
1350
1352
1354
1357
1359
1361
1363
1365
1367
1369
1371
1373
1375
1377
1378
1380
1382
1385
1387
1389
1391
1393
1395
1396
1399
1401
1403
1405
1407
1409
1411
1413
1415
1417
1419
1421
1423
1424
1427
1429
1431
1433
1434
1436
1438
1440
1441
1444
1446
1448
1449
1451
1453
1455
1457
1459
1461
1463
1465
1467
1469
1471
1473
1476
1477
1480
1481
1483
1485
1488
1490
1492
1494
1496
1498
1500
1502
1504
1506
1508
1511
1513
1515
1517
1519
1521
1523
1526
1528
1530
1532
1534
1536
1538
1540
1543
1545
1547
1549
1551
1553
1556
1558
1560
1561
1564
1566
1568
1570
1572
1574
1576
1579
1581
1583
1584
1586
1588
1590
1593
1595
1597
1599
1601
1605
1607
1609
1611
1613
1616
1618
1621
1622
1624
1626
1628
1631
1633
1635
1637
1639
1640
1642
1645
1647
1649
1651
1653
1656
1658
1660
1662
1664
1666
1668
1669
1671
1673
1675
1677
1680
1682
1685
1688
1689
1691
1694
1696
1697
1701
1702
1704
1707
1709
1710
1712
1714
1716
1718
1719
1721
1723
1725
1728
1730
1732
1734
1736
1738
1740
1742
1744
1746
1748
1749
1751
1753
1755
1757
1759
1760
1763
1765
1767
1769
1771
1773
1775
1778
1779
1782
1784
1786
1788
1790
1792
1794
1796
1798
1800
1813
1826
1840
1854
1870
1887
1900
1918
1933
1952
1969
1982
1995
2009
2025
2039
2054
2071
2086
2103
2122
2141
2156
2171
2189
2201
2203
2204
2205
2207
2208
2209
2211
2212
2214
2215
2216
2217
2219
2220
2221
2222
2224
2225
2226
2227
2228
2229
2230
2231
2232
2234
2235
2236
2237
2239
2240
2241
2242
2244
2245
2246
2247
2248
2249
2250
2251
2252
2253
2255
2256
2257
2258
2260
2261
2263
2264
2265
2266
2267
2269
2270
2272
2273
2274
2276
2276
2278
2279
2280
2281
2282
2283
2285
2286
2287
2288
2290
2291
2292
2293
2294
2295
2297
2298
2299
2301
2302
2303
2304
2305
2306
2308
2309
2310
2312
2313
2314
2316
2317
2318
2320
2321
2322
2323
2324
2326
2327
2328
2329
2331
2332
2333
2334
2335
2336
2338
2339
2340
2342
2343
2344
2345
2346
2348
2349
2350
2351
2352
2353
2355
2356
2357
2359
2360
2361
2362
2364
2365
2366
2367
2369
2370
2371
2372
2373
2374
2376
2376
2377
2379
2380
2381
2382
2383
2384
2386
2387
2388
2389
2390
2392
2393
2394
2395
2396
2397
2398
2399
2400
2401
2403
2404
2405
2406
2408
2409
2410
2411
2412
2413
2415
2416
2417
2418
2419
2421
2422
2423
2424
2425
2427
2428
2429
2430
2432
2433
2434
2435
2436
2437
2439
2440
2441
2443
2444
2446
2447
2448
2449
2451
2452
2453
2455
2456
2458
2459
2460
2461
2463
2464
2465
2466
2467
2469
2470
2471
2472
2473
2475
2476
2477
2478
2479
2481
2482
2483
2485
2486
2487
2489
2490
2491
2492
2494
2495
2496
2498
2500
2501
2502
2503
2504
2505
2507
2509
2510
2511
2512
2514
2515
2516
2518
2519
2520
2521
2523
2524
2525
2526
2527
2528
2529
2530
2532
2533
2534
2535
2537
2538
2539
2540
2542
2543
2545
2546
2547
2548
2550
2551
2552
2553
2554
2555
2557
2558
2559
2560
2561
2562
2563
2565
2566
2567
2568
2570
2571
2572
2573
2574
2575
2576
2577
2579
2580
2581
2583
2584
2586
2588
2589
2590
2591
2592
2593
2595
2596
2597
2598
2599
2600
2601
2602
2604
2605
2606
2607
2608
2609
2611
2612
2613
2614
2616
2616
2617
2619
2620
2621
2622
2624
2625
2626
2628
2629
2631
2632
2633
2634
2635
2636
2638
2639
2640
2641
2643
2644
2645
2646
2648
2649
2650
2651
2652
2653
2654
2656
2657
2658
2659
2660
2661
2663
2664
2665
2667
2668
2669
2670
2672
2673
2675
2676
2677
2678
2680
2681
2682
2683
2685
2686
2687
2688
2689
2690
2692
2693
2694
2695
2696
2697
2699
2700
2702
2704
2705
2706
2707
2709
2710
2711
2712
2713
2714
2715
2716
2718
2719
2720
2721
2722
2724
2725
2726
2727
2728
2730
2732
2733
2734
2735
2736
2738
2739
2740
2741
2743
2744
2745
2746
2748
2749
2750
2752
2753
2754
2755
2757
2758
2759
2760
2762
2763
2764
2765
2766
2767
2769
2770
2771
2772
2773
2774
2775
2776
2777
2779
2780
2781
2783
2784
2785
2786
2788
2789
2790
2791
2792
2793
2794
2795
2797
2798
2799
2800
2802
2803
2804
2805
2807
2808
2809
2810
2811
2812
2814
2815
2816
2817
2819
2820
2821
2823
2824
2825
2826
2827
2829
2830
2831
2832
2833
2834
2836
2837
2838
2839
2840
2842
2843
2844
2845
2846
2848
2849
2850
2851
2853
2854
2855
2856
2858
2859
2861
2862
2864
2865
2866
2867
2868
2869
2870
2871
2872
2873
2875
2876
2877
2878
2879
2880
2882
2883
2884
2885
2886
2887
2889
2890
2891
2892
2894
2895
2896
2897
2899
2900
2901
2902
2904
2905
2907
2908
2909
2910
2912
2913
2915
2916
2917
2918
2920
2921
2922
2923
2925
2926
2927
2928
2929
2931
2932
2934
2935
2936
2937
2939
2940
2941
2943
2944
2945
2947
2948
2949
2951
2952
2953
2955
2956
2957
2958
2960
2961
2962
2963
2965
2966
2968
2969
2970
2971
2972
2973
2975
2976
2977
2979
2980
2981
2982
2984
2985
2986
2987
2989
2990
2992
2993
2994
2995
2996
2998
2999
3001
3002
3003
3004
3006
3007
3008
3009
3011
3012
3013
3014
3016
3017
3018
3020
3022
3023
3024
3025
3026
3028
3029
3030
3032
3033
3035
3036
3037
3038
3039
3040
3041
3043
3044
3045
3046
3048
3049
3050
3051
3053
3054
3055
3057
3058
3059
3061
3062
3063
3064
3066
3067
3068
3069
3070
3072
3073
3074
3075
3077
3078
3080
3081
3082
3083
3085
3085
3087
3088
3089
3090
3091
3092
3093
3094
3095
3097
3098
3099
3100
3101
3103
3104
3105
3107
3108
3109
3110
3111
3113
3114
3115
3117
3118
3119
3120
3121
3122
3124
3124
3126
3127
3128
3130
3131
3132
3134
3135
3136
3137
3138
3139
3141
3142
3143
3144
3146
3147
3148
3149
3151
3152
3153
3155
3156
3158
3159
3161
3162
3163
3164
3165
3166
3167
3169
3170
3171
3172
3174
3175
3176
3177
3179
3180
3181
3182
3183
3184
3185
3186
3187
3188
3190
3191
3192
3193
3194
3195
3196
3198
3199
3200
3201
3202
3204
3205
3206
3207
3209
3210
3211
3213
3214
3215
3216
3217
3218
3219
3220
3222
3223
3224
3225
3227
3228
3229
3230
3231
3233
3234
3235
3236
3238
3239
3240
3241
3242
3243
3245
3246
3247
3248
3249
3251
3252
3254
3255
3256
3257
3259
3260
3261
3263
3264
3266
3267
3268
3269
3270
3271
3272
3273
3275
3276
3277
3278
3279
3280
3282
3283
3284
3285
3286
3287
3289
3290
3292
3293
3294
3295
3296
3297
3298
3300
3301
3302
3303
3304
3305
3306
3307
3308
3309
3311
3312
3313
3314
3315
3317
3318
3319
3320
3321
3322
3323
3324
3326
3327
3328
3330
3331
3332
3333
3334
3335
3337
3338
3339
3340
3342
3343
3344
3346
3347
3348
3349
3350
3351
3353
3354
3355
3356
3358
3359
3360
3361
3362
3364
3365
3366
3367
3368
3369
3370
3371
3372
3374
3375
3377
3378
3379
3380
3381
3382
3384
3385
3386
3388
3389
3390
3391
3392
3394
3395
3396
3397
3398
3399
3401
3402
3403
3404
3406
3407
3408
3409
3410
3411
3412
3414
3415
3416
3417
3418
3420
3421
3423
3424
3426
3427
3428
3430
3431
3432
3434
3435
3436
3437
3438
3440
3441
3443
3445
3446
3447
3448
3449
3451
3452
3453
3455
3456
3457
3458
3459
3460
3462
3463
3464
3465
3466
3468
3469
3470
3471
3472
3473
3475
3476
3478
3479
3480
3481
3482
3483
3485
3486
3487
3489
3490
3491
3492
3493
3494
3495
3497
3498
3499
3503
3507
3511
3515
3519
3523
3527
3530
3534
3538
3542
3547
3551
3556
3559
3564
3567
3572
3577
3581
3584
3589
3592
3597
3601
3607
3610
3614
3618
3621
3625
3628
3631
3635
3638
3642
3647
3652
3656
3660
3664
3667
3671
3675
3680
3685
3688
3693
3696
3701
3704
3708
3712
3716
3720
3726
3729
3733
3737
3743
3747
3750
3754
3760
3764
3767
3770
3774
3779
3783
3787
3791
3794
3799
3803
3807
3812
3816
3821
3825
3829
3833
3837
3841
3847
3850
3854
3857
3862
3865
3869
3874
3878
3882
3886
3890
3894
3899
3903
3908
3912
3915
3919
3922
3927
3930
3934
3939
3942
3946
3949
3953
3957
3961
3965
3968
3973
3977
3981
3986
3989
3994
3998
4002
4006
4011
4014
4022
4027
4031
4036
4040
4045
4049
4052
4057
4061
4065
4070
4074
4078
4081
4085
4089
4092
4096
4100
4104
4107
4110
4114
4118
4122
4126
4130
4134
4139
4143
4147
4150
4155
4159
4163
4167
4171
4176
4180
4184
4189
4192
4197
4238
4274
4320
4355
4408
4447
4476
4501
4502
4503
4503
4504
4505
4506
4507
4508
4509
4510
4510
4511
4512
4513
4514
4515
4516
4517
4518
4518
4519
4520
4521
4522
4523
4523
4524
4525
4526
4527
4528
4529
4530
4531
4532
4532
4533
4534
4535
4536
4537
4538
4538
4539
4540
4541
4542
4543
4544
4545
4545
4546
4547
4548
4549
4550
4551
4552
4553
4553
4554
4555
4556
4557
4558
4559
4559
4560
4561
4562
4563
4564
4565
4566
4566
4567
4568
4569
4569
4570
4571
4572
4573
4574
4575
4576
4577
4577
4578
4579
4580
4581
4582
4582
4583
4584
4585
4586
4587
4588
4589
4589
4590
4591
4592
4593
4594
4594
4596
4596
4597
4598
4599
4600
4601
4602
4602
4603
4604
4605
4606
4606
4607
4608
4609
4610
4611
4612
4613
4613
4614
4615
4616
4617
4618
4619
4620
4620
4621
4622
4623
4623
4624
4625
4626
4627
4628
4628
4629
4630
4631
4631
4632
4633
4634
4635
4636
4637
4638
4639
4640
4641
4642
4642
4643
4644
4645
4646
4647
4648
4649
4649
4650
4651
4652
4653
4654
4654
4655
4656
4657
4658
4659
4660
4660
4661
4662
4663
4664
4665
4666
4666
4667
4668
4669
4670
4671
4672
4673
4674
4675
4676
4677
4678
4679
4680
4680
4681
4682
4683
4684
4685
4686
4687
4688
4688
4689
4690
4691
4692
4693
4693
4694
4695
4696
4697
4698
4699
4700
4701
4702
4703
4703
4704
4705
4706
4707
4708
4709
4710
4711
4712
4713
4714
4714
4715
4716
4717
4718
4719
4720
4720
4721
4722
4723
4724
4725
4726
4727
4728
4729
4729
4730
4731
4732
4733
4733
4734
4735
4736
4737
4738
4738
4739
4740
4741
4742
4743
4744
4745
4745
4746
4747
4748
4749
4750
4751
4752
4753
4754
4755
4756
4757
4757
4758
4759
4760
4761
4762
4762
4763
4764
4765
4766
4766
4767
4768
4769
4770
4771
4772
4773
4773
4774
4775
4776
4777
4777
4778
4779
4780
4781
4782
4783
4784
4785
4785
4786
4787
4788
4789
4790
4790
4791
4792
4793
4794
4795
4795
4797
4797
4798
4799
4800
4801
4802
4802
4803
4804
4805
4806
4807
4807
4808
4809
4810
4811
4812
4812
4814
4814
4815
4816
4817
4818
4818
4819
4820
4821
4822
4823
4824
4824
4825
4826
4827
4828
4829
4830
4831
4831
4832
4834
4834
4835
4836
4837
4838
4839
4840
4841
4842
4843
4844
4844
4845
4846
4847
4848
4849
4849
4851
4851
4852
4853
4854
4855
4856
4856
4857
4858
4859
4860
4861
4862
4863
4864
4865
4865
4866
4867
4868
4869
4870
4871
4872
4872
4873
4874
4875
4876
4877
4877
4878
4879
4880
4881
4882
4883
4884
4885
4886
4887
4887
4888
4889
4890
4891
4892
4893
4894
4895
4895
4896
4897
4898
4898
4899
4900
4901
4902
4903
4904
4904
4905
4906
4907
4907
4908
4909
4910
4910
4911
4912
4913
4914
4915
4916
4916
4917
4918
4919
4920
4921
4922
4923
4923
4925
4925
4926
4927
4928
4929
4930
4931
4931
4932
4933
4934
4935
4936
4937
4937
4938
4939
4940
4941
4941
4942
4943
4944
4945
4946
4946
4947
4948
4949
4950
4951
4952
4952
4953
4954
4955
4956
4957
4958
4959
4959
4960
4961
4962
4963
4964
4965
4966
4967
4968
4969
4970
4970
4971
4972
4973
4974
4975
4976
4977
4978
4979
4980
4981
4982
4983
4984
4984
4985
4986
4987
4988
4989
4990
4991
4991
4992
4993
4994
4995
4996
4997
4998
4999
5000
5000
5001
5002
5003
5004
5005
5006
5007
5008
5008
5009
5010
5011
5012
5013
5013
5014
5015
5016
5017
5018
5019
5019
5020
5021
5022
5023
5024
5025
5025
5026
5027
5028
5029
5030
5030
5031
5032
5033
5034
5034
5035
5036
5037
5038
5039
5040
5041
5041
5042
5043
5044
5045
5046
5046
5048
5048
5049
5050
5051
5052
5053
5054
5054
5056
5057
5057
5058
5059
5060
5061
5061
5062
5063
5064
5065
5065
5066
5067
5068
5070
5070
5071
5072
5073
5074
5074
5075
5076
5077
5077
5078
5079
5080
5081
5082
5082
5083
5084
5085
5086
5087
5088
5088
5089
5090
5091
5092
5092
5093
5094
5095
5096
5097
5098
5099
5100
5100
5101
5103
5103
5105
5105
5106
5107
5108
5109
5109
5110
5111
5112
5113
5113
5114
5115
5116
5117
5118
5119
5120
5120
5121
5122
5123
5124
5125
5126
5127
5127
5128
5129
5130
5131
5132
5133
5134
5135
5136
5137
5138
5138
5139
5140
5141
5142
5142
5143
5144
5145
5146
5147
5147
5148
5149
5150
5151
5152
5153
5153
5154
5155
5156
5156
5157
5158
5159
5160
5160
5161
5162
5163
5164
5165
5166
5167
5167
5168
5169
5170
5171
5172
5173
5174
5175
5176
5177
5177
5178
5179
5180
5181
5182
5183
5183
5184
5185
5186
5186
5187
5188
5189
5190
5191
5192
5193
5193
5194
5195
5196
5197
5198
5199
5200
5201
5202
5202
5203
5204
5205
5206
5207
5208
5209
5210
5211
5212
5212
5213
5214
5215
5216
5216
5217
5218
5219
5220
5221
5222
5223
5224
5225
5226
5226
5227
5228
5229
5230
5231
5232
5233
5234
5234
5236
5236
5237
5238
5239
5240
5241
5242
5243
5244
5245
5246
5247
5248
5248
5249
5250
5251
5252
5253
5254
5254
5255
5256
5257
5258
5259
5259
5260
5261
5262
5263
5264
5265
5266
5267
5268
5269
5269
5270
5271
5272
5273
5274
5275
5275
5276
5277
5278
5279
5280
5281
5282
5282
5283
5284
5285
5286
5286
5287
5288
5289
5290
5291
5292
5293
5294
5294
5295
5296
5297
5298
5299
5300
5301
5302
5303
5304
5305
5306
5307
5308
5308
5309
5310
5311
5312
5313
5313
5314
5315
5316
5317
5318
5318
5319
5320
5321
5322
5323
5323
5324
5325
5326
5328
5329
5330
5331
5332
5332
5333
5334
5335
5335
5336
5337
5338
5339
5340
5341
5342
5342
5343
5344
5345
5346
5346
5348
5349
5349
5350
5351
5352
5352
5353
5354
5355
5356
5357
5358
5358
5359
5360
5361
5362
5362
5363
5364
5365
5366
5367
5368
5368
5369
5370
5371
5372
5373
5373
5374
5375
5376
5377
5378
5379
5380
5381
5382
5383
5383
5384
5385
5386
5387
5387
5388
5389
5390
5390
5392
5392
5393
5394
5395
5396
5397
5398
5399
5399
5400
5401
5402
5403
5404
5405
5406
5407
5408
5409
5410
5410
5412
5413
5413
5414
5415
5416
5417
5418
5418
5419
5420
5421
5422
5423
5424
5425
5426
5427
5427
5428
5430
5431
5431
5433
5433
5434
5435
5436
5437
5438
5439
5440
5441
5442
5442
5443
5444
5445
5446
5447
5448
5449
5450
5450
5451
5452
5453
5454
5455
5456
5457
5458
5459
5459
5460
5461
5462
5463
5464
5465
5466
5467
5468
5468
5469
5470
5471
5472
5473
5473
5475
5475
5476
5477
5478
5479
5480
5481
5482
5483
5483
5484
5485
5486
5487
5488
5489
5490
5490
5491
5492
5492
5493
5494
5495
5496
5497
5498
5498
5499
5500
5501
5502
5503
5503
5504
5505
5506
5507
5508
5509
5510
5511
5512
5513
5514
5515
5516
5516
5517
5518
5519
5520
5521
5522
5523
5524
5525
5525
5526
5527
5528
5529
5530
5531
5532
5533
5533
5534
5535
5536
5537
5538
5539
5540
5541
5542
5543
5544
5545
5545
5547
5548
5548
5549
5550
5551
5552
5553
5553
5554
5555
5556
5557
5559
5560
5561
5562
5563
5564
5564
5565
5566
5567
5568
5569
5569
5570
5571
5572
5572
5573
5574
5575
5576
5577
5577
5578
5579
5580
5581
5582
5582
5584
5584
5585
5586
5587
5588
5589
5590
5590
5591
5592
5593
5594
5595
5596
5596
5597
5598
5599
5600
5601
5602
5602
5603
5604
5605
5606
5607
5608
5608
5609
5610
5611
5612
5613
5613
5614
5615
5616
5617
5618
5618
5619
5620
5621
5622
5623
5624
5625
5625
5626
5627
5628
5629
5630
5631
5632
5633
5634
5635
5636
5637
5637
5638
5639
5640
5641
5641
5643
5643
5644
5645
5646
5647
5647
5649
5649
5650
5651
5652
5652
5653
5654
5655
5656
5657
5658
5659
5660
5660
5661
5662
5663
5663
5664
5665
5666
5667
5668
5669
5670
5671
5672
5672
5673
5674
5675
5676
5677
5678
5678
5679
5680
5681
5682
5683
5684
5685
5686
5687
5688
5688
5689
5690
5691
5692
5693
5694
5695
5695
5696
5697
5698
5699
5699
5700
5701
5702
5703
5704
5705
5706
5707
5708
5709
5710
5711
5711
5712
5713
5714
5715
5716
5717
5718
5719
5719
5720
5721
5722
5722
5724
5724
5726
5727
5727
5728
5730
5731
5731
5733
5734
5735
5735
5736
5737
5738
5739
5740
5741
5741
5743
5744
5744
5745
5746
5747
5748
5749
5749
5750
5751
5752
5753
5754
5755
5756
5757
5757
5759
5760
5760
5761
5762
5763
5764
5765
5765
5766
5767
5768
5769
5770
5771
5772
5773
5774
5774
5775
5776
5777
5778
5779
5779
5780
5782
5782
5783
5784
5785
5786
5787
5787
5788
5789
5790
5791
5792
5793
5794
5794
5795
5796
5797
5798
5799
5799
5802
5803
5805
5806
5808
5810
5812
5814
5816
5817
5819
5821
5822
5824
5826
5828
5830
5832
5834
5836
5838
5840
5842
5843
5845
5847
5849
5851
5853
5855
5857
5859
5861
5862
5864
5865
5867
5869
5870
5872
5874
5876
5878
5880
5881
5883
5885
5887
5888
5890
5892
5894
5896
5897
5899
5901
5902
5904
5906
5908
5910
5911
5913
5915
5916
5918
5919
5921
5923
5925
5927
5928
5930
5932
5933
5935
5937
5938
5940
5942
5944
5946
5947
5949
5951
5952
5954
5956
5958
5960
5962
5964
5966
5968
5969
5971
5972
5974
5976
5978
5979
5981
5982
5984
5985
5988
5990
5992
5994
5996
5998
6000
6001
6004
6005
6007
6008
6010
6011
6014
6015
6016
6018
6019
6021
6022
6024
6026
6027
6030
6031
6034
6035
6037
6039
6041
6043
6044
6046
6047
6049
6051
6053
6055
6056
6057
6059
6061
6062
6064
6065
6067
6069
6070
6072
6073
6075
6077
6079
6080
6083
6084
6086
6088
6089
6091
6092
6094
6096
6098
6101
6103
6104
6106
6108
6109
6111
6112
6114
6116
6118
6120
6122
6124
6125
6127
6129
6130
6132
6133
6136
6137
6140
6141
6143
6144
6147
6148
6150
6152
6154
6156
6158
6159
6161
6163
6164
6166
6168
6169
6171
6173
6174
6176
6178
6179
6181
6182
6185
6187
6188
6189
6191
6192
6194
6196
6197
6199
6200
6202
6203
6206
6208
6209
6211
6213
6214
6216
6218
6220
6221
6223
6225
6226
6228
6230
6231
6233
6235
6237
6239
6241
6242
6244
6246
6248
6249
6251
6253
6255
6257
6258
6260
6262
6263
6265
6266
6268
6270
6272
6273
6276
6277
6279
6281
6282
6284
6286
6288
6289
6291
6292
6294
6296
6298
6299
6301
6303
6305
6307
6308
6310
6312
6313
6315
6317
6318
6320
6321
6323
6325
6326
6328
6329
6331
6332
6334
6335
6337
6339
6340
6342
6344
6346
6348
6350
6351
6353
6355
6357
6359
6360
6362
6363
6365
6367
6368
6369
6371
6373
6374
6376
6378
6380
6382
6384
6386
6387
6389
6391
6393
6394
6396
6398
6400
6402
6404
6405
6407
6409
6410
6412
6414
6415
6417
6419
6420
6422
6425
6427
6428
6430
6432
6434
6435
6437
6439
6441
6442
6444
6446
6447
6449
6451
6453
6454
6456
6458
6459
6461
6463
6465
6467
6468
6470
6471
6473
6475
6477
6478
6480
6482
6483
6485
6487
6488
6490
6492
6494
6495
6497
6499
6500
6507
6514
6521
6531
6539
6547
6554
6562
6568
6579
6588
6598
6604
6612
6619
6628
6636
6646
6654
6662
6670
6678
6685
6694
6701
6710
6722
6732
6741
6749
6756
6764
6771
6778
6785
6792
6798
6807
6815
6823
6831
6838
6845
6853
6864
6871
6878
6889
6897
6904
6911
6920
6929
6935
6945
6953
6959
6969
6978
6987
6994
7001
7003
7004
7006
7007
7008
7010
7011
7012
7014
7015
7016
7017
7019
7020
7022
7023
7024
7026
7027
7028
7029
7031
7032
7034
7036
7037
7039
7040
7041
7043
7044
7045
7046
7047
7049
7050
7051
7053
7054
7055
7057
7058
7059
7060
7062
7063
7064
7066
7067
7068
7069
7071
7072
7073
7075
7076
7078
7079
7080
7082
7083
7085
7086
7087
7088
7090
7091
7092
7094
7096
7097
7099
7100
7102
7103
7104
7106
7107
7108
7109
7111
7112
7113
7115
7117
7118
7120
7122
7123
7125
7126
7127
7129
7131
7132
7133
7135
7136
7137
7139
7140
7141
7143
7144
7145
7147
7148
7149
7151
7152
7153
7155
7156
7157
7159
7160
7161
7163
7164
7165
7166
7167
7169
7170
7172
7173
7174
7175
7176
7178
7179
7180
7182
7183
7184
7185
7186
7188
7189
7191
7192
7194
7195
7196
7198
7200
7201
7203
7204
7205
7206
7207
7209
7210
7212
7213
7215
7216
7218
7219
7221
7222
7224
7225
7226
7228
7229
7230
7231
7232
7234
7235
7236
7238
7239
7240
7241
7243
7244
7246
7247
7248
7249
7251
7252
7254
7255
7256
7257
7259
7260
7261
7262
7264
7266
7267
7268
7269
7271
7273
7274
7275
7277
7278
7279
7281
7282
7283
7284
7286
7287
7289
7290
7292
7293
7294
7295
7296
7297
7299
7300
7301
7303
7304
7305
7307
7308
7309
7310
7311
7313
7314
7316
7317
7318
7319
7320
7322
7324
7325
7326
7328
7330
7331
7332
7334
7336
7337
7338
7340
7341
7342
7344
7345
7346
7347
7349
7350
7351
7353
7354
7355
7357
7358
7359
7361
7362
7363
7365
7367
7368
7369
7370
7372
7373
7375
7376
7378
7379
7381
7382
7383
7385
7386
7387
7389
7390
7391
7393
7394
7396
7397
7399
7400
7402
7403
7404
7406
7407
7409
7410
7411
7413
7414
7416
7417
7418
7420
7421
7422
7423
7425
7426
7427
7428
7430
7431
7432
7434
7435
7436
7438
7439
7440
7442
7443
7444
7446
7447
7449
7450
7451
7452
7454
7455
7456
7457
7459
7460
7461
7463
7464
7465
7467
7468
7469
7471
7472
7473
7474
7476
7477
7478
7479
7481
7482
7483
7485
7487
7488
7490
7491
7493
7494
7495
7497
7498
7500
7501
7502
7503
7505
7506
7507
7508
7510
7511
7512
7514
7515
7516
7517
7519
7520
7521
7522
7524
7525
7526
7528
7529
7530
7532
7533
7534
7536
7537
7539
7541
7542
7543
7545
7546
7548
7549
7550
7552
7554
7555
7556
7558
7559
7560
7562
7563
7564
7566
7567
7568
7570
7571
7572
7574
7575
7577
7579
7580
7581
7582
7584
7585
7586
7588
7589
7591
7592
7593
7595
7596
7598
7599
7600
7601
7603
7604
7605
7607
7608
7609
7611
7612
7614
7616
7617
7619
7620
7621
7623
7624
7625
7627
7628
7630
7631
7633
7634
7635
7636
7638
7639
7640
7642
7643
7645
7646
7647
7649
7650
7651
7653
7654
7655
7657
7659
7660
7661
7663
7664
7665
7667
7668
7670
7671
7672
7674
7675
7677
7678
7680
7681
7682
7684
7685
7687
7688
7689
7691
7692
7694
7695
7697
7698
7699
7701
7702
7704
7705
7706
7708
7709
7711
7712
7714
7715
7717
7718
7720
7721
7722
7724
7725
7726
7728
7729
7730
7732
7734
7735
7736
7738
7739
7740
7741
7742
7744
7745
7747
7749
7750
7751
7752
7754
7755
7756
7758
7759
7761
7763
7764
7765
7766
7768
7769
7770
7771
7772
7773
7775
7776
7778
7779
7781
7782
7784
7785
7787
7789
7790
7792
7793
7795
7796
7797
7799
7800
7802
7803
7805
7807
7808
7810
7811
7813
7814
7816
7817
7819
7820
7822
7823
7824
7825
7827
7828
7829
7831
7832
7833
7834
7836
7837
7838
7840
7841
7843
7845
7846
7848
7849
7851
7852
7853
7855
7856
7857
7859
7860
7861
7863
7865
7866
7867
7869
7870
7871
7873
7874
7875
7877
7878
7879
7881
7882
7883
7885
7886
7888
7889
7890
7891
7893
7894
7895
7897
7898
7899
7900
7902
7903
7904
7905
7906
7908
7909
7910
7912
7913
7914
7916
7917
7918
7919
7921
7922
7923
7925
7926
7927
7929
7930
7932
7933
7934
7935
7936
7938
7939
7940
7942
7944
7946
7947
7948
7950
7951
7953
7954
7955
7957
7958
7960
7961
7963
7964
7966
7967
7969
7970
7972
7973
7974
7975
7976
7977
7979
7980
7982
7983
7985
7986
7987
7988
7990
7991
7992
7994
7995
7997
7999
8000
