9
18
27
37
46
55
64
73
82
91
101
117
132
147
162
177
193
208
208
208
209
209
209
210
210
211
211
211
212
212
213
213
213
214
214
215
215
215
216
216
217
217
217
218
218
219
219
219
220
220
221
221
221
222
222
223
223
223
224
224
225
225
225
226
226
227
227
227
228
228
229
229
229
230
230
230
231
231
232
232
232
233
233
234
234
234
235
235
236
236
236
237
237
238
238
238
239
239
240
240
240
241
241
242
242
242
243
243
244
244
244
245
245
246
246
246
247
247
248
248
248
249
249
250
250
250
251
251
251
252
252
253
253
253
254
254
255
255
255
256
256
257
257
257
258
258
259
259
259
260
260
261
261
261
262
262
263
263
263
264
264
265
265
265
266
266
267
267
267
268
268
269
269
269
270
270
271
271
271
272
272
272
273
273
274
274
274
275
275
276
276
276
277
277
278
278
278
279
279
280
280
280
281
281
282
282
282
283
283
284
284
284
285
285
286
286
286
287
287
288
288
288
289
289
290
290
290
291
291
292
292
292
293
293
293
294
294
295
295
295
296
296
297
297
297
298
298
299
299
299
300
300
301
301
301
302
302
303
303
303
304
304
305
305
305
306
306
307
307
307
308
308
309
309
309
310
310
311
311
311
312
312
313
313
313
314
314
314
315
315
316
316
316
317
317
318
318
318
319
319
320
320
320
321
321
322
322
322
323
323
324
324
324
325
325
326
326
326
327
327
328
328
328
329
329
330
330
330
331
331
332
332
332
333
333
334
334
334
335
335
336
336
336
337
337
337
338
338
339
339
339
340
340
341
341
341
342
342
343
343
343
344
344
345
345
345
346
346
347
347
347
348
348
349
349
349
350
350
351
351
351
352
352
352
353
353
354
354
355
355
356
356
356
357
357
358
358
359
359
359
360
360
361
361
362
362
362
363
363
364
364
365
365
366
366
366
367
367
368
368
369
369
369
370
370
371
371
372
372
373
373
373
374
374
375
375
376
376
376
377
377
378
378
379
379
379
380
380
381
381
382
382
383
383
383
384
384
385
385
386
386
386
387
387
388
388
389
389
390
390
390
391
391
392
392
393
393
393
394
394
395
395
396
396
397
397
397
398
398
399
399
400
400
400
401
401
402
402
403
403
403
404
404
405
405
406
406
407
407
407
408
408
409
409
410
410
410
411
411
412
412
413
413
414
414
414
415
415
416
416
417
417
417
418
418
419
419
420
420
420
421
421
422
422
423
423
424
424
424
425
425
426
426
427
427
427
428
428
429
429
430
430
431
431
431
432
432
433
433
434
434
434
435
435
436
436
437
437
438
438
438
439
439
440
440
441
441
441
442
442
443
443
444
444
444
445
445
446
446
447
447
448
448
448
449
449
450
450
451
451
451
452
452
453
453
454
454
455
455
455
456
456
457
457
458
458
458
459
459
460
460
461
461
461
462
462
463
463
464
464
465
465
465
466
466
467
467
468
468
468
469
469
470
470
471
471
472
472
472
473
473
474
474
475
475
475
476
476
477
477
478
478
478
479
479
480
480
481
481
482
482
482
483
483
484
484
485
485
485
486
486
487
487
488
488
489
489
489
490
490
491
491
492
492
492
493
493
494
494
495
495
496
496
496
497
497
498
498
499
499
499
500
500
501
501
502
502
502
503
503
504
504
505
505
506
506
506
507
507
508
508
509
509
509
510
510
511
511
512
512
513
513
513
514
514
515
515
516
516
516
517
517
518
518
519
519
519
520
520
521
521
522
522
523
523
523
524
524
525
525
526
526
526
527
527
528
528
529
529
530
530
530
531
531
532
532
533
533
533
534
534
535
535
536
536
537
537
537
538
538
539
539
540
540
540
541
541
542
542
543
543
543
544
544
545
545
546
546
547
547
547
548
548
549
549
550
550
550
551
551
552
552
553
553
554
554
554
555
555
556
556
557
557
557
558
558
559
559
560
560
560
561
561
562
562
563
563
564
564
564
565
565
566
566
567
567
567
568
568
569
569
570
570
571
571
571
572
572
573
573
574
574
574
575
575
576
576
577
577
577
578
578
579
579
580
580
581
581
581
582
582
583
583
584
584
584
585
585
586
586
587
587
588
588
588
589
589
590
590
591
591
591
592
592
593
593
594
594
595
595
595
596
596
597
597
598
598
598
599
599
600
600
601
601
601
602
602
603
603
604
604
605
605
605
606
606
607
607
608
608
608
609
609
610
610
611
611
612
612
612
613
613
614
614
615
615
615
616
616
617
617
618
618
618
619
619
620
620
621
621
622
622
622
623
623
624
624
625
625
625
626
626
627
627
628
628
629
629
629
630
630
631
631
632
632
632
633
633
634
634
635
635
635
636
636
637
637
638
638
639
639
639
640
640
641
641
642
642
642
643
643
644
644
645
645
646
646
646
647
647
648
648
649
649
649
650
650
651
651
652
652
653
653
653
654
654
655
655
656
656
656
657
657
658
658
659
659
659
660
660
661
661
662
662
663
663
663
664
664
665
665
666
666
666
667
667
668
668
669
669
670
670
670
671
671
672
672
673
673
673
674
674
675
675
676
676
676
677
677
678
678
679
679
680
680
680
681
681
682
682
683
683
683
684
684
685
685
686
686
687
687
687
688
688
689
689
690
690
690
691
691
692
692
693
693
694
694
694
695
695
696
696
697
697
697
698
698
699
699
700
700
700
701
701
702
702
703
703
704
704
704
705
705
706
706
707
707
707
707
708
708
708
709
709
709
710
710
710
710
711
711
711
712
712
712
713
713
713
714
714
714
715
715
715
715
716
716
716
717
717
717
718
718
718
719
719
719
719
720
720
720
721
721
721
722
722
722
723
723
723
723
724
724
724
725
725
725
726
726
726
727
727
727
727
728
728
728
729
729
729
730
730
730
731
731
731
731
732
732
732
733
733
733
734
734
734
735
735
735
735
736
736
736
737
737
737
738
738
738
739
739
739
739
740
740
740
741
741
741
742
742
742
743
743
743
743
744
744
744
745
745
745
746
746
746
747
747
747
747
748
748
748
749
749
749
750
750
750
751
751
751
751
752
752
752
753
753
753
754
754
754
755
755
755
755
756
756
756
757
757
757
758
758
758
759
759
759
760
760
760
760
761
761
761
762
762
762
763
763
763
764
764
764
764
765
765
765
766
766
766
767
767
767
768
768
768
768
769
769
769
770
770
770
771
771
771
772
772
772
772
773
773
773
774
774
774
775
775
775
776
776
776
776
777
777
777
778
778
778
779
779
779
780
780
780
780
781
781
781
782
782
782
783
783
783
784
784
784
784
785
785
785
786
786
786
787
787
787
788
788
788
788
789
789
789
790
790
790
791
791
791
792
792
792
792
793
793
793
794
794
794
795
795
795
796
796
796
796
797
797
797
798
798
798
799
799
799
800
800
800
801
801
801
801
802
802
802
803
803
803
804
804
804
805
805
805
805
806
806
806
807
807
807
808
808
808
809
809
809
809
810
810
810
811
811
811
812
812
812
813
813
813
813
814
814
814
815
815
815
816
816
816
817
817
817
817
818
818
818
819
819
819
820
820
820
821
821
821
821
822
822
822
823
823
823
824
824
824
825
825
825
825
826
826
826
827
827
827
828
828
828
829
829
829
829
830
830
830
831
831
831
832
832
832
833
833
833
833
834
834
834
835
835
835
836
836
836
837
837
837
837
838
838
838
839
839
839
840
840
840
841
841
841
842
842
842
842
843
843
843
844
844
844
845
845
845
846
846
846
846
847
847
847
848
848
848
849
849
849
850
850
850
850
851
851
851
852
852
852
853
853
853
854
854
854
854
855
855
855
856
856
856
857
857
857
858
858
858
858
865
872
879
885
892
899
906
913
919
926
933
940
947
953
960
967
974
980
987
994
1001
1008
1014
1021
1028
1034
1035
1035
1035
1036
1036
1037
1037
1038
1038
1039
1039
1040
1040
1041
1041
1042
1042
1043
1044
1044
1045
1045
1046
1046
1047
1047
1048
1048
1049
1049
1050
1050
1051
1051
1052
1052
1053
1053
1054
1054
1055
1056
1056
1057
1057
1058
1058
1059
1059
1060
1060
1061
1061
1062
1062
1063
1063
1064
1064
1065
1065
1066
1066
1067
1068
1068
1069
1069
1070
1070
1071
1071
1072
1072
1073
1073
1074
1074
1075
1075
1076
1076
1077
1077
1078
1078
1079
1079
1080
1081
1081
1082
1082
1083
1083
1084
1084
1085
1085
1086
1086
1087
1087
1088
1088
1089
1089
1090
1090
1091
1091
1092
1093
1093
1094
1094
1095
1095
1096
1096
1097
1097
1098
1098
1099
1099
1100
1100
1101
1101
1102
1102
1103
1103
1104
1104
1105
1106
1106
1107
1107
1108
1108
1109
1109
1110
1110
1111
1111
1112
1112
1113
1113
1114
1114
1115
1115
1116
1116
1117
1118
1118
1119
1119
1120
1120
1121
1121
1122
1122
1123
1123
1124
1124
1125
1125
1126
1126
1127
1127
1128
1128
1129
1129
1130
1131
1131
1132
1132
1133
1133
1134
1134
1135
1135
1136
1136
1137
1137
1138
1138
1139
1139
1140
1140
1141
1141
1142
1143
1143
1144
1144
1145
1145
1146
1146
1147
1147
1148
1148
1149
1149
1150
1150
1151
1151
1152
1152
1153
1153
1154
1154
1155
1156
1156
1157
1157
1158
1158
1159
1159
1160
1160
1166
1173
1179
1186
1192
1199
1206
1212
1219
1225
1232
1238
1241
1242
1243
1243
1244
1245
1245
1245
1246
1247
1248
1248
1249
1250
1250
1251
1252
1253
1253
1254
1255
1255
1256
1257
1257
1258
1259
1260
1260
1261
1262
1262
1263
1264
1265
1265
1266
1267
1267
1268
1269
1269
1270
1271
1272
1272
1273
1274
1274
1275
1276
1276
1277
1278
1279
1279
1280
1281
1281
1282
1283
1284
1284
1285
1286
1286
1287
1288
1288
1289
1290
1291
1291
1292
1293
1293
1294
1295
1296
1296
1297
1298
1298
1299
1300
1300
1301
1302
1303
1303
1304
1305
1305
1306
1307
1308
1308
1309
1310
1310
1311
1312
1312
1313
1314
1315
1315
1316
1317
1317
1318
1319
1319
1320
1321
1322
1322
1323
1324
1324
1325
1326
1327
1327
1328
1329
1329
1330
1331
1331
1332
1333
1334
1334
1335
1336
1336
1337
1338
1339
1339
1340
1341
1341
1342
1343
1343
1344
1345
1346
1346
1347
1348
1348
1349
1350
1351
1351
1352
1353
1353
1354
1355
1355
1356
1357
1358
1358
1359
1360
1360
1361
1362
1362
1363
1364
1365
1365
1366
1367
1367
1368
1369
1370
1370
1371
1372
1372
1373
1374
1374
1375
1376
1377
1377
1378
1379
1379
1380
1381
1382
1382
1383
1384
1384
1385
1386
1386
1387
1388
1389
1389
1390
1391
1391
1392
1393
1394
1394
1395
1396
1396
1397
1398
1398
1399
1400
1401
1401
1401
1402
1402
1402
1403
1403
1404
1404
1405
1405
1406
1406
1407
1407
1408
1408
1408
1409
1409
1410
1410
1411
1411
1412
1412
1413
1413
1414
1414
1414
1415
1415
1416
1416
1417
1417
1418
1418
1419
1419
1420
1420
1420
1421
1421
1422
1422
1423
1423
1424
1424
1425
1425
1426
1426
1426
1427
1427
1428
1428
1429
1429
1430
1430
1431
1431
1432
1432
1433
1433
1433
1434
1434
1435
1435
1436
1436
1437
1437
1438
1438
1439
1439
1439
1440
1440
1441
1441
1442
1442
1443
1443
1444
1444
1445
1445
1445
1446
1446
1447
1447
1448
1448
1449
1449
1450
1450
1451
1451
1451
1452
1452
1453
1453
1454
1454
1455
1455
1456
1456
1457
1457
1457
1458
1458
1459
1459
1460
1460
1461
1461
1462
1462
1463
1463
1463
1464
1464
1465
1465
1466
1466
1467
1467
1468
1468
1469
1469
1470
1470
1470
1471
1471
1472
1472
1473
1473
1474
1474
1475
1475
1476
1476
1476
1477
1477
1478
1478
1479
1479
1480
1480
1481
1481
1482
1482
1482
1483
1483
1484
1484
1485
1485
1486
1486
1487
1487
1488
1488
1488
1489
1489
1490
1490
1491
1491
1492
1492
1493
1493
1494
1494
1494
1495
1495
1496
1496
1497
1497
1498
1498
1499
1499
1500
1500
1501
1501
1501
1502
1502
1503
1503
1504
1504
1505
1505
1506
1506
1507
1507
1507
1508
1508
1509
1509
1510
1510
1511
1511
1512
1512
1513
1513
1513
1514
1514
1515
1515
1516
1516
1517
1517
1518
1518
1519
1519
1519
1520
1520
1521
1521
1522
1522
1523
1523
1524
1524
1525
1525
1525
1526
1526
1527
1527
1528
1528
1529
1529
1530
1530
1531
1531
1531
1532
1532
1533
1533
1534
1534
1535
1535
1536
1536
1537
1537
1538
1538
1538
1539
1539
1540
1540
1541
1541
1542
1542
1543
1543
1544
1544
1544
1545
1545
1546
1546
1547
1547
1548
1548
1549
1549
1550
1550
1550
1551
1551
1552
1552
1553
1553
1554
1554
1555
1555
1556
1556
1556
1557
1557
1558
1558
1559
1559
1560
1560
1561
1561
1562
1562
1562
1563
1563
1564
1564
1565
1565
1566
1566
1567
1567
1568
1568
1569
1569
1569
1570
1570
1571
1571
1572
1572
1573
1573
1574
1574
1575
1575
1575
1576
1576
1577
1577
1578
1578
1579
1579
1580
1580
1581
1581
1581
1582
1582
1583
1583
1584
1584
1585
1585
1586
1586
1587
1587
1587
1588
1588
1589
1589
1590
1590
1591
1591
1592
1592
1593
1593
1593
1594
1594
1595
1595
1596
1596
1597
1597
1598
1598
1599
1599
1599
1600
1600
1601
1601
1602
1602
1603
1603
1604
1604
1605
1605
1606
1606
1606
1607
1607
1608
1608
1609
1609
1610
1610
1611
1611
1612
1612
1612
1613
1613
1614
1614
1615
1615
1616
1616
1617
1617
1618
1618
1618
1619
1619
1620
1620
1621
1621
1622
1622
1623
1623
1624
1624
1624
1625
1625
1626
1626
1627
1627
1628
1628
1629
1629
1630
1630
1630
1631
1631
1632
1632
1633
1633
1634
1634
1635
1635
1636
1636
1637
1637
1637
1638
1638
1639
1639
1640
1640
1641
1641
1642
1642
1643
1643
1643
1644
1644
1645
1645
1646
1646
1647
1647
1648
1648
1649
1649
1649
1650
1650
1651
1651
1652
1652
1653
1653
1654
1654
1655
1655
1655
1656
1656
1657
1657
1658
1658
1659
1659
1660
1660
1661
1661
1661
1662
1662
1663
1663
1664
1664
1665
1665
1666
1666
1667
1667
1667
1668
1668
1669
1669
1670
1670
1671
1671
1672
1672
1673
1673
1674
1674
1674
1675
1675
1676
1676
1677
1677
1678
1678
1679
1679
1680
1680
1680
1681
1681
1682
1682
1683
1683
1684
1684
1685
1685
1686
1686
1686
1687
1687
1688
1688
1689
1689
1690
1690
1691
1691
1692
1692
1692
1693
1693
1694
1694
1695
1695
1696
1696
1697
1697
1698
1698
1698
1699
1699
1700
1700
1701
1701
1702
1702
1703
1703
1704
1704
1705
1705
1705
1706
1706
1707
1707
1708
1708
1709
1709
1710
1710
1711
1711
1711
1712
1712
1713
1713
1713
1714
1714
1714
1715
1715
1715
1716
1716
1716
1717
1717
1717
1718
1718
1718
1719
1719
1719
1720
1720
1720
1721
1721
1721
1722
1722
1722
1723
1723
1723
1724
1724
1724
1725
1725
1725
1726
1726
1726
1727
1727
1727
1728
1728
1728
1729
1729
1729
1730
1730
1730
1731
1731
1731
1732
1732
1732
1733
1733
1733
1734
1734
1734
1735
1735
1735
1736
1736
1736
1737
1737
1737
1738
1738
1738
1739
1739
1739
1740
1740
1740
1741
1741
1741
1742
1742
1742
1743
1743
1743
1744
1744
1744
1745
1745
1745
1746
1746
1746
1747
1747
1747
1748
1748
1748
1749
1749
1749
1750
1750
1750
1751
1751
1751
1752
1752
1752
1753
1753
1753
1754
1754
1754
1755
1755
1755
1756
1756
1756
1757
1757
1757
1758
1758
1758
1759
1759
1759
1760
1760
1760
1761
1761
1761
1762
1762
1762
1763
1763
1763
1764
1764
1764
1765
1765
1765
1766
1766
1766
1767
1767
1767
1768
1768
1768
1769
1769
1769
1770
1770
1770
1771
1771
1771
1772
1772
1772
1773
1773
1773
1774
1774
1774
1775
1775
1775
1776
1776
1776
1777
1777
1777
1778
1778
1778
1779
1779
1779
1780
1780
1780
1781
1781
1781
1782
1782
1782
1783
1783
1783
1784
1784
1784
1785
1785
1785
1786
1786
1786
1787
1787
1787
1788
1788
1788
1789
1789
1789
1790
1790
1790
1791
1791
1791
1792
1792
1792
1793
1793
1793
1794
1794
1794
1795
1795
1795
1796
1796
1796
1797
1797
1797
1798
1798
1798
1799
1799
1799
1800
1800
1800
1801
1801
1801
1802
1802
1802
1803
1803
1803
1804
1804
1804
1805
1805
1805
1806
1806
1806
1807
1807
1807
1808
1808
1808
1809
1809
1809
1810
1810
1810
1811
1811
1811
1812
1812
1812
1813
1813
1813
1814
1814
1814
1815
1815
1815
1816
1816
1816
1817
1817
1817
1818
1818
1818
1819
1819
1819
1820
1820
1820
1821
1821
1821
1822
1822
1822
1823
1823
1823
1824
1824
1824
1825
1825
1825
1826
1826
1826
1827
1827
1827
1828
1828
1828
1829
1829
1829
1830
1830
1830
1831
1831
1831
1832
1832
1832
1833
1833
1833
1834
1834
1834
1835
1835
1835
1836
1836
1836
1837
1837
1837
1838
1838
1838
1839
1839
1839
1840
1840
1840
1841
1841
1841
1842
1842
1842
1843
1843
1843
1844
1844
1844
1845
1845
1845
1846
1846
1846
1847
1847
1847
1848
1848
1848
1849
1849
1849
1850
1850
1850
1851
1851
1851
1852
1852
1852
1853
1853
1853
1854
1854
1854
1855
1855
1855
1856
1856
1856
1857
1857
1857
1858
1858
1858
1859
1859
1859
1860
1860
1860
1861
1861
1861
1862
1862
1862
1863
1863
1863
1864
1864
1864
1865
1865
1865
1866
1866
1866
1867
1867
1867
1868
1868
1868
1869
1869
1869
1870
1870
1870
1871
1871
1871
1872
1872
1872
1873
1873
1873
1874
1874
1874
1875
1875
1875
1876
1876
1876
1877
1877
1877
1878
1878
1878
1879
1879
1879
1880
1880
1880
1881
1881
1881
1882
1882
1882
1883
1883
1883
1884
1884
1884
1885
1885
1885
1886
1886
1886
1887
1887
1887
1888
1888
1888
1889
1889
1889
1890
1890
1890
1891
1891
1891
1892
1892
1892
1893
1893
1893
1894
1894
1894
1895
1895
1895
1896
1896
1896
1897
1897
1897
1898
1898
1898
1899
1899
1899
1900
1900
1900
1901
1901
1901
1902
1902
1902
1903
1903
1903
1904
1904
1904
1905
1905
1905
1906
1906
1906
1907
1907
1907
1908
1908
1908
1909
1909
1909
1910
1910
1910
1911
1911
1911
1912
1912
1912
1913
1913
1913
1914
1914
1914
1915
1915
1915
1916
1916
1916
1917
1917
1917
1918
1918
1918
1919
1919
1919
1920
1920
1920
1921
1921
1921
1922
1922
1922
1923
1923
1923
1924
1924
1924
1925
1925
1925
1926
1926
1926
1927
1927
1927
1928
1928
1928
1929
1929
1929
1930
1930
1930
1931
1931
1931
1932
1932
1932
1933
1933
1933
1934
1934
1934
1935
1935
1935
1936
1936
1936
1937
1937
1937
1938
1938
1938
1939
1939
1939
1940
1940
1940
1941
1941
1941
1942
1942
1942
1943
1943
1943
1944
1944
1944
1945
1945
1945
1946
1946
1946
1947
1947
1947
1948
1948
1948
1949
1949
1949
1950
1950
1950
1951
1951
1951
1952
1952
1952
1953
1953
1953
1954
1954
1954
1955
1955
1955
1956
1956
1956
1957
1957
1957
1958
1958
1958
1959
1959
1959
1960
1960
1960
1961
1961
1961
1962
1962
1962
1963
1963
1963
1964
1964
1964
1965
1965
1965
1966
1966
1966
1967
1967
1967
1968
1968
1968
1969
1969
1969
1970
1970
1970
1971
1971
1971
1972
1972
1972
1973
1973
1973
1974
1974
1974
1975
1975
1975
1976
1976
1976
1977
1977
1977
1978
1978
1978
1979
1979
1979
1980
1980
1980
1981
1981
1981
1982
1982
1982
1983
1983
1983
1984
1984
1984
1985
1985
1985
1986
1986
1986
1987
1987
1987
1988
1988
1988
1989
1989
1989
1990
1990
1990
1991
1991
1991
1992
1992
1992
1993
1993
1993
1994
1994
1994
1995
1995
1995
1996
1996
1996
1997
1997
1997
1998
1998
1998
1999
1999
1999
2000
2000
2000
2001
2001
2001
2002
2002
2002
2003
2003
2003
2004
2004
2004
2005
2005
2005
2006
2006
2006
2007
2007
2007
2008
2008
2008
2009
2009
2009
2010
2010
2010
2011
2011
2011
2012
2012
2012
2013
2013
2013
2014
2014
2014
2015
2015
2015
2016
2016
2016
2017
2017
2017
2018
2018
2018
2019
2019
2019
2020
2020
2020
2021
2021
2021
2022
2022
2022
2023
2023
2023
2024
2024
2024
2025
2025
2025
2026
2026
2026
2027
2027
2027
2028
2028
2028
2029
2029
2029
2030
2030
2030
2031
2031
2031
2032
2032
2032
2033
2033
2033
2034
2034
2034
2035
2035
2035
2036
2036
2036
2037
2037
2037
2038
2038
2038
2039
2039
2039
2040
2040
2040
2041
2041
2041
2042
2042
2042
2043
2043
2043
2044
2044
2044
2045
2045
2045
2046
2046
2046
2047
2047
2047
2048
2048
2048
2049
2049
2049
2050
2050
2050
2051
2051
2051
2052
2052
2052
2053
2053
2053
2054
2054
2054
2055
2055
2055
2056
2056
2056
2057
2057
2057
2058
2058
2058
2059
2059
2059
2060
2060
2060
2061
2061
2061
2062
2062
2062
2063
2063
2063
2064
2064
2064
2065
2065
2065
2066
2066
2066
2067
2067
2067
2068
2068
2068
2069
2069
2069
2070
2070
2070
2071
2071
2071
2072
2072
2072
2073
2073
2073
2074
2074
2074
2075
2075
2075
2076
2076
2076
2077
2077
2077
2078
2078
2078
2079
2079
2079
2080
2080
2080
2081
2081
2081
2082
2082
2082
2083
2083
2083
2084
2084
2084
2085
2085
2085
2086
2086
2086
2087
2087
2087
2088
2088
2088
2089
2089
2089
2090
2090
2090
2091
2091
2091
2092
2092
2092
2093
2093
2093
2094
2094
2094
2095
2095
2095
2096
2096
2096
2097
2097
2097
2098
2098
2098
2099
2099
2099
2100
2100
2100
2101
2101
2101
2102
2102
2102
2103
2103
2103
2104
2104
2104
2105
2105
2105
2106
2106
2106
2107
2112
2117
2122
2127
2132
2137
2142
2147
2152
2157
2162
2168
2173
2178
2183
2188
2193
2198
2203
2208
2213
2218
2224
2229
2234
2239
2244
2249
2254
2259
2264
2269
2274
2280
2284
2285
2285
2285
2286
2286
2287
2287
2288
2288
2288
2289
2289
2290
2290
2291
2291
2292
2292
2293
2293
2293
2294
2294
2295
2295
2296
2296
2297
2297
2298
2298
2298
2299
2299
2300
2300
2301
2301
2302
2302
2302
2303
2303
2304
2304
2305
2305
2306
2306
2307
2307
2307
2308
2308
2309
2309
2310
2310
2311
2311
2312
2312
2312
2313
2313
2314
2314
2315
2315
2316
2316
2317
2317
2317
2318
2318
2319
2319
2320
2320
2321
2321
2321
2322
2322
2323
2323
2324
2324
2325
2325
2326
2326
2326
2327
2327
2328
2328
2329
2329
2330
2330
2331
2331
2331
2332
2332
2333
2333
2334
2334
2335
2335
2336
2336
2336
2337
2337
2338
2338
2339
2339
2340
2340
2340
2341
2341
2342
2342
2343
2343
2344
2344
2345
2345
2345
2346
2346
2347
2347
2348
2348
2349
2349
2350
2350
2350
2351
2351
2352
2352
2353
2353
2354
2354
2355
2355
2355
2356
2356
2357
2357
2358
2358
2359
2359
2359
2360
2360
2361
2361
2362
2362
2363
2363
2364
2364
2364
2365
2365
2366
2366
2367
2367
2368
2368
2369
2369
2369
2370
2370
2371
2371
2372
2372
2373
2373
2374
2374
2374
2375
2375
2376
2376
2377
2377
2378
2378
2378
2379
2379
2380
2380
2381
2381
2382
2382
2383
2383
2383
2384
2384
2385
2385
2386
2386
2387
2387
2388
2388
2388
2389
2389
2390
2390
2391
2391
2392
2392
2393
2393
2393
2394
2394
2395
2395
2396
2396
2397
2397
2397
2398
2398
2399
2399
2400
2400
2401
2401
2402
2402
2402
2403
2403
2404
2404
2405
2405
2406
2406
2407
2407
2407
2408
2414
2421
2427
2434
2440
2447
2453
2460
2466
2473
2474
2474
2475
2475
2475
2476
2476
2477
2477
2477
2478
2478
2478
2479
2479
2479
2479
2480
2480
2480
2481
2481
2481
2482
2482
2482
2483
2483
2483
2484
2484
2485
2485
2485
2486
2486
2486
2487
2487
2487
2488
2488
2488
2489
2489
2489
2490
2490
2490
2491
2491
2492
2492
2492
2493
2493
2493
2494
2494
2494
2495
2495
2495
2496
2496
2496
2497
2497
2497
2498
2498
2498
2499
2499
2500
2500
2500
2501
2501
2501
2502
2502
2502
2503
2503
2503
2504
2504
2504
2505
2505
2505
2506
2506
2506
2507
2507
2508
2508
2508
2509
2509
2509
2510
2510
2510
2511
2511
2511
2512
2512
2512
2513
2513
2513
2514
2514
2515
2515
2515
2516
2516
2516
2517
2517
2517
2518
2518
2518
2519
2519
2519
2520
2520
2520
2521
2521
2521
2522
2522
2523
2523
2523
2524
2524
2524
2525
2525
2525
2526
2526
2526
2527
2527
2527
2528
2528
2528
2529
2529
2530
2530
2530
2531
2531
2531
2532
2532
2532
2533
2533
2533
2534
2534
2534
2535
2535
2535
2536
2536
2536
2537
2537
2538
2538
2538
2539
2539
2539
2540
2540
2540
2541
2541
2541
2542
2542
2542
2543
2543
2543
2544
2544
2544
2545
2545
2546
2546
2546
2547
2547
2547
2548
2548
2548
2549
2549
2549
2550
2550
2550
2551
2551
2551
2552
2552
2553
2553
2553
2554
2554
2554
2555
2555
2555
2556
2556
2556
2557
2557
2557
2558
2558
2558
2559
2559
2559
2560
2560
2561
2561
2561
2562
2562
2562
2563
2563
2563
2564
2564
2564
2565
2565
2565
2566
2566
2566
2567
2567
2568
2568
2568
2569
2569
2569
2570
2570
2570
2571
2571
2571
2572
2572
2572
2573
2573
2573
2574
2574
2574
2575
2575
2576
2576
2576
2577
2577
2577
2578
2578
2578
2579
2579
2579
2580
2580
2580
2581
2581
2581
2582
2582
2582
2583
2583
2584
2584
2584
2585
2585
2585
2586
2586
2586
2587
2587
2587
2588
2588
2588
2589
2589
2589
2590
2590
2591
2591
2591
2592
2592
2592
2593
2593
2593
2594
2594
2594
2595
2595
2595
2596
2596
2596
2597
2597
2597
2598
2598
2599
2599
2599
2600
2600
2600
2601
2601
2601
2602
2602
2602
2603
2603
2603
2604
2604
2604
2605
2605
2606
2606
2606
2607
2607
2607
2608
2608
2608
2609
2609
2609
2610
2610
2610
2611
2611
2611
2612
2612
2612
2613
2613
2614
2614
2614
2615
2615
2615
2616
2616
2616
2617
2617
2617
2618
2618
2618
2619
2619
2619
2620
2620
2620
2621
2621
2622
2622
2622
2623
2623
2623
2624
2624
2624
2625
2625
2625
2626
2626
2626
2627
2627
2627
2628
2628
2629
2629
2629
2630
2630
2630
2631
2631
2631
2632
2632
2632
2633
2633
2633
2634
2634
2634
2635
2635
2635
2636
2636
2637
2637
2637
2638
2638
2638
2639
2639
2639
2640
2640
2640
2641
2641
2641
2642
2642
2642
2643
2643
2644
2644
2644
2645
2645
2645
2646
2646
2646
2647
2647
2647
2648
2648
2648
2649
2649
2649
2650
2650
2650
2651
2651
2652
2652
2652
2653
2653
2653
2654
2654
2654
2655
2655
2655
2656
2656
2656
2657
2657
2657
2658
2658
2658
2659
2659
2660
2660
2660
2661
2661
2661
2662
2662
2662
2663
2663
2663
2664
2664
2664
2665
2665
2665
2666
2666
2667
2667
2667
2668
2668
2668
2669
2669
2669
2670
2670
2670
2671
2671
2671
2672
2672
2672
2673
2673
2673
2674
2674
2675
2675
2675
2676
2676
2676
2677
2677
2677
2678
2678
2678
2679
2679
2679
2680
2680
2680
2681
2681
2682
2682
2682
2683
2683
2683
2684
2684
2684
2685
2685
2685
2686
2686
2686
2687
2687
2687
2688
2688
2688
2689
2689
2690
2690
2690
2691
2691
2691
2692
2692
2692
2693
2693
2693
2694
2694
2694
2695
2695
2695
2696
2696
2696
2697
2697
2698
2698
2698
2699
2699
2699
2700
2700
2700
2701
2701
2701
2702
2702
2702
2703
2703
2703
2704
2704
2705
2705
2705
2706
2706
2706
2707
2707
2707
2708
2708
2708
2709
2709
2709
2710
2710
2710
2711
2711
2711
2712
2712
2713
2713
2713
2714
2714
2714
2715
2715
2715
2716
2716
2716
2717
2717
2717
2718
2718
2718
2719
2719
2720
2720
2720
2721
2721
2721
2722
2722
2722
2723
2723
2723
2724
2724
2724
2725
2725
2725
2726
2726
2726
2727
2727
2728
2728
2728
2729
2729
2729
2730
2730
2730
2731
2731
2731
2732
2732
2732
2733
2733
2733
2734
2734
2734
2735
2735
2736
2736
2736
2737
2737
2737
2738
2738
2738
2739
2739
2739
2740
2740
2740
2741
2741
2741
2742
2742
2742
2742
2743
2743
2743
2744
2744
2744
2745
2745
2745
2746
2746
2746
2747
2747
2747
2747
2748
2748
2748
2749
2749
2749
2750
2750
2750
2751
2751
2751
2752
2752
2752
2752
2753
2753
2753
2754
2754
2754
2755
2755
2755
2756
2756
2756
2757
2757
2757
2757
2758
2758
2758
2759
2759
2759
2760
2760
2760
2761
2761
2761
2762
2762
2762
2762
2763
2763
2763
2764
2764
2764
2765
2765
2765
2766
2766
2766
2767
2767
2767
2767
2768
2768
2768
2769
2769
2769
2770
2770
2770
2771
2771
2771
2772
2772
2772
2772
2773
2773
2773
2774
2774
2774
2775
2775
2775
2776
2776
2776
2777
2777
2777
2777
2778
2778
2778
2779
2779
2779
2780
2780
2780
2781
2781
2781
2782
2782
2782
2782
2783
2783
2783
2784
2784
2784
2785
2785
2785
2786
2786
2786
2786
2787
2787
2787
2788
2788
2788
2789
2789
2789
2790
2790
2790
2791
2791
2791
2791
2792
2792
2792
2793
2793
2793
2794
2794
2794
2795
2795
2795
2796
2796
2796
2796
2797
2797
2797
2798
2798
2798
2799
2799
2799
2800
2800
2800
2801
2801
2801
2801
2802
2802
2802
2803
2803
2803
2804
2804
2804
2805
2805
2805
2806
2806
2806
2806
2807
2807
2807
2808
2808
2808
2809
2809
2809
2810
2810
2810
2811
2811
2811
2811
2812
2812
2812
2813
2813
2813
2814
2814
2814
2815
2815
2815
2816
2816
2816
2816
2817
2817
2817
2818
2818
2818
2819
2819
2819
2820
2820
2820
2821
2821
2821
2821
2822
2822
2822
2823
2823
2823
2824
2824
2824
2825
2825
2825
2826
2826
2826
2826
2827
2827
2827
2828
2828
2828
2829
2829
2829
2830
2830
2830
2831
2831
2831
2831
2832
2832
2832
2833
2833
2833
2834
2834
2834
2835
2835
2835
2836
2836
2836
2836
2837
2837
2837
2838
2838
2838
2839
2839
2839
2840
2840
2840
2841
2841
2841
2841
2842
2842
2842
2843
2843
2843
2844
2844
2844
2845
2845
2845
2846
2846
2846
2846
2847
2847
2847
2848
2848
2848
2849
2849
2849
2850
2850
2850
2851
2851
2851
2851
2852
2852
2852
2853
2853
2853
2854
2854
2854
2855
2855
2855
2856
2856
2856
2856
2860
2864
2869
2873
2877
2881
2885
2889
2893
2897
2901
2905
2909
2913
2918
2922
2926
2930
2934
2938
2942
2946
2950
2954
2958
2963
2967
2971
2975
2979
2983
2987
2991
2995
2999
3003
3008
3012
3016
3020
3025
3032
3039
3045
3052
3058
3065
3071
3078
3085
3091
3098
3102
3103
3103
3103
3104
3104
3104
3104
3105
3105
3105
3106
3106
3106
3107
3107
3108
3108
3108
3109
3109
3109
3110
3110
3110
3111
3111
3111
3112
3112
3113
3113
3113
3114
3114
3114
3115
3115
3115
3116
3116
3116
3117
3117
3118
3118
3118
3119
3119
3119
3120
3120
3120
3121
3121
3122
3122
3122
3123
3123
3123
3124
3124
3124
3125
3125
3125
3126
3126
3127
3127
3127
3128
3128
3128
3129
3129
3129
3130
3130
3130
3131
3131
3132
3132
3132
3133
3133
3133
3134
3134
3134
3135
3135
3136
3136
3136
3137
3137
3137
3138
3138
3138
3139
3139
3139
3140
3140
3141
3141
3141
3142
3142
3142
3143
3143
3143
3144
3144
3144
3145
3145
3146
3146
3146
3147
3147
3147
3148
3148
3148
3149
3149
3149
3150
3150
3151
3151
3151
3152
3152
3152
3153
3153
3153
3154
3154
3155
3155
3155
3156
3156
3156
3157
3157
3157
3158
3158
3158
3159
3159
3160
3160
3160
3161
3161
3161
3162
3162
3162
3163
3163
3163
3164
3164
3165
3165
3165
3166
3166
3166
3167
3167
3167
3168
3168
3169
3169
3169
3170
3170
3170
3171
3171
3171
3172
3172
3172
3173
3173
3174
3174
3174
3175
3175
3175
3176
3176
3176
3177
3177
3177
3178
3178
3179
3179
3179
3180
3180
3180
3181
3181
3181
3182
3182
3182
3183
3183
3184
3184
3184
3185
3185
3185
3186
3186
3186
3187
3187
3188
3188
3188
3189
3189
3189
3190
3190
3190
3191
3191
3191
3192
3192
3193
3193
3193
3194
3194
3194
3195
3195
3195
3196
3196
3196
3197
3197
3198
3198
3198
3199
3199
3199
3200
3200
3200
3201
3201
3202
3202
3202
3203
3203
3203
3204
3204
3204
3205
3205
3205
3206
3206
3207
3207
3207
3208
3208
3208
3209
3209
3209
3210
3210
3210
3211
3211
3212
3212
3212
3213
3213
3213
3214
3214
3214
3215
3215
3215
3216
3216
3217
3217
3217
3218
3218
3218
3219
3219
3219
3220
3220
3221
3221
3221
3222
3222
3222
3223
3223
3223
3224
3224
3224
3225
3225
3226
3226
3226
3227
3227
3227
3228
3228
3228
3229
3229
3229
3230
3230
3231
3231
3231
3232
3232
3232
3233
3233
3233
3234
3234
3235
3235
3235
3236
3236
3236
3237
3237
3237
3238
3238
3238
3239
3239
3240
3240
3240
3241
3241
3241
3242
3242
3242
3243
3243
3243
3244
3244
3245
3245
3245
3246
3246
3246
3247
3247
3247
3248
3248
3248
3249
3249
3250
3250
3250
3251
3251
3251
3252
3252
3252
3253
3253
3254
3254
3254
3255
3255
3255
3256
3256
3256
3257
3257
3257
3258
3258
3259
3259
3259
3260
3260
3260
3261
3261
3261
3262
3262
3262
3263
3263
3264
3264
3264
3265
3265
3265
3266
3266
3266
3267
3267
3268
3268
3268
3269
3269
3269
3270
3270
3270
3271
3271
3271
3272
3272
3273
3273
3273
3274
3274
3274
3275
3275
3275
3276
3276
3276
3277
3277
3278
3278
3278
3279
3279
3279
3280
3280
3280
3281
3281
3281
3282
3282
3283
3283
3283
3284
3284
3284
3285
3285
3285
3286
3286
3287
3287
3287
3288
3288
3288
3289
3289
3289
3290
3290
3290
3291
3291
3292
3292
3292
3293
3293
3293
3294
3294
3294
3295
3295
3295
3296
3296
3297
3297
3297
3298
3298
3298
3299
3299
3299
3300
3300
3301
3301
3301
3302
3302
3302
3303
3303
3303
3304
3304
3304
3305
3305
3306
3306
3306
3307
3307
3307
3308
3308
3308
3309
3309
3309
3310
3310
3311
3311
3311
3312
3312
3312
3313
3313
3313
3314
3314
3315
3315
3315
3316
3316
3316
3317
3317
3317
3318
3318
3318
3319
3319
3320
3320
3320
3321
3321
3321
3322
3322
3322
3323
3323
3323
3324
3324
3325
3325
3325
3326
3326
3326
3327
3327
3327
3328
3328
3328
3329
3329
3330
3330
3330
3331
3331
3331
3332
3332
3332
3333
3333
3334
3334
3334
3335
3335
3335
3336
3336
3336
3337
3337
3337
3338
3338
3339
3339
3339
3340
3340
3340
3341
3341
3341
3342
3342
3342
3343
3343
3344
3344
3344
3345
3345
3345
3346
3346
3346
3347
3347
3348
3348
3348
3349
3349
3349
3350
3350
3350
3351
3351
3351
3352
3352
3353
3353
3353
3354
3354
3354
3355
3355
3355
3356
3356
3356
3357
3357
3358
3358
3358
3359
3359
3359
3360
3360
3360
3361
3361
3361
3362
3362
3363
3363
3363
3364
3364
3364
3365
3365
3365
3366
3366
3367
3367
3367
3368
3368
3368
3369
3369
3369
3370
3370
3370
3371
3371
3372
3372
3372
3373
3373
3373
3374
3374
3374
3375
3375
3375
3376
3376
3377
3377
3377
3378
3378
3378
3379
3379
3379
3380
3380
3381
3381
3381
3382
3382
3382
3383
3383
3383
3384
3384
3384
3385
3385
3386
3386
3386
3387
3387
3387
3388
3388
3388
3389
3389
3389
3390
3390
3391
3391
3391
3392
3392
3392
3393
3393
3393
3394
3394
3394
3395
3395
3396
3396
3396
3397
3397
3397
3398
3398
3398
3399
3399
3400
3400
3400
3401
3401
3401
3402
3402
3402
3403
3403
3403
3404
3404
3405
3405
3405
3406
3406
3406
3407
3407
3407
3408
3408
3408
3409
3409
3410
3410
3410
3411
3411
3411
3412
3412
3412
3413
3413
3414
3414
3414
3415
3415
3415
3416
3416
3416
3417
3417
3417
3418
3418
3419
3419
3419
3420
3420
3420
3421
3421
3421
3422
3422
3422
3423
3423
3424
3424
3424
3425
3425
3425
3426
3426
3426
3427
3427
3427
3428
3428
3429
3429
3429
3430
3430
3430
3431
3431
3431
3432
3432
3433
3433
3433
3433
3434
3434
3434
3435
3435
3435
3435
3436
3436
3436
3437
3437
3437
3438
3438
3438
3439
3439
3439
3439
3440
3440
3440
3441
3441
3441
3442
3442
3442
3443
3443
3443
3444
3444
3444
3444
3445
3445
3445
3446
3446
3446
3447
3447
3447
3448
3448
3448
3448
3449
3449
3449
3450
3450
3450
3451
3451
3451
3452
3452
3452
3453
3453
3453
3453
3454
3454
3454
3455
3455
3455
3456
3456
3456
3457
3457
3457
3457
3458
3458
3458
3459
3459
3459
3460
3460
3460
3461
3461
3461
3462
3462
3462
3462
3463
3463
3463
3464
3464
3464
3465
3465
3465
3466
3466
3466
3466
3467
3467
3467
3468
3468
3468
3469
3469
3469
3470
3470
3470
3470
3471
3471
3471
3472
3472
3472
3473
3473
3473
3474
3474
3474
3475
3475
3475
3475
3476
3476
3476
3477
3477
3477
3478
3478
3478
3479
3479
3479
3479
3480
3480
3480
3481
3481
3481
3482
3482
3482
3483
3483
3483
3484
3484
3484
3484
3485
3485
3485
3486
3486
3486
3487
3487
3487
3488
3488
3488
3488
3489
3489
3489
3490
3490
3490
3491
3491
3491
3492
3492
3492
3493
3493
3493
3493
3494
3494
3494
3495
3495
3495
3496
3496
3496
3497
3497
3497
3497
3498
3498
3498
3499
3499
3499
3500
3500
3500
3501
3501
3501
3502
3502
3502
3502
3503
3503
3503
3504
3504
3504
3505
3505
3505
3506
3506
3506
3506
3507
3507
3507
3508
3508
3508
3509
3509
3509
3510
3510
3510
3511
3511
3511
3511
3512
3512
3512
3513
3513
3513
3514
3514
3514
3515
3515
3515
3515
3516
3516
3516
3517
3517
3517
3518
3518
3518
3519
3519
3519
3520
3520
3520
3520
3521
3521
3521
3522
3522
3522
3523
3523
3523
3524
3524
3524
3524
3525
3525
3525
3526
3526
3526
3527
3527
3527
3528
3528
3528
3529
3529
3529
3529
3530
3530
3530
3531
3531
3531
3532
3532
3532
3533
3533
3533
3533
3534
3534
3534
3535
3535
3535
3536
3536
3536
3537
3537
3537
3538
3538
3538
3538
3539
3539
3539
3540
3540
3540
3541
3541
3541
3542
3542
3542
3542
3543
3543
3544
3544
3545
3546
3547
3547
3548
3549
3550
3550
3551
3552
3553
3553
3554
3555
3556
3556
3557
3558
3559
3559
3560
3561
3562
3562
3563
3564
3565
3565
3566
3567
3568
3568
3569
3570
3571
3571
3572
3573
3574
3574
3575
3576
3577
3577
3578
3579
3580
3580
3581
3582
3583
3583
3584
3585
3586
3586
3587
3588
3589
3589
3590
3591
3592
3592
3593
3594
3595
3595
3596
3597
3598
3598
3599
3600
3601
3601
3602
3603
3604
3604
3605
3606
3607
3607
3608
3609
3610
3610
3611
3612
3613
3613
3614
3615
3616
3616
3617
3618
3619
3619
3620
3621
3622
3622
3623
3624
3625
3625
3626
3627
3628
3628
3629
3630
3631
3631
3632
3633
3634
3634
3635
3636
3637
3637
3638
3639
3640
3640
3641
3642
3643
3643
3644
3645
3646
3646
3647
3648
3649
3649
3650
3651
3652
3652
3653
3654
3655
3655
3656
3657
3658
3658
3659
3660
3661
3661
3662
3663
3664
3664
3665
3666
3667
3667
3668
3669
3670
3670
3671
3672
3673
3673
3674
3675
3676
3676
3677
3678
3679
3679
3680
3681
3682
3682
3683
3684
3685
3685
3686
3687
3688
3688
3689
3690
3691
3691
3692
3693
3694
3694
3695
3696
3697
3698
3698
3699
3700
3701
3701
3702
3703
3704
3704
3705
3706
3707
3707
3708
3709
3710
3710
3711
3712
3713
3713
3714
3715
3716
3716
3717
3718
3719
3719
3720
3721
3722
3722
3723
3724
3725
3725
3726
3727
3728
3728
3729
3730
3731
3731
3732
3733
3734
3734
3735
3736
3737
3737
3738
3739
3740
3740
3741
3742
3743
3743
3744
3745
3746
3746
3747
3748
3749
3749
3750
3751
3765
3780
3796
3811
3826
3841
3856
3871
3886
3901
3916
3931
3947
3954
3959
3962
3964
3970
3975
3981
3986
3991
3997
4002
4007
4007
4008
4008
4008
4008
4009
4009
4009
4010
4010
4011
4011
4011
4012
4012
4012
4013
4013
4014
4014
4014
4015
4015
4015
4016
4016
4017
4017
4017
4018
4018
4018
4019
4019
4020
4020
4020
4021
4021
4021
4022
4022
4022
4023
4023
4024
4024
4024
4025
4025
4025
4026
4026
4027
4027
4027
4028
4028
4028
4029
4029
4030
4030
4030
4031
4031
4031
4032
4032
4033
4033
4033
4034
4034
4034
4035
4035
4036
4036
4036
4037
4037
4037
4038
4038
4038
4039
4039
4040
4040
4040
4041
4041
4041
4042
4042
4043
4043
4043
4044
4044
4044
4045
4045
4046
4046
4046
4047
4047
4047
4048
4048
4049
4049
4049
4050
4050
4050
4051
4051
4051
4052
4052
4053
4053
4053
4054
4054
4054
4055
4055
4056
4056
4056
4057
4057
4057
4058
4058
4059
4059
4059
4060
4060
4060
4061
4061
4062
4062
4062
4063
4063
4063
4064
4064
4064
4065
4065
4066
4066
4066
4067
4067
4067
4068
4068
4069
4069
4069
4070
4070
4070
4071
4071
4072
4072
4072
4073
4073
4073
4074
4074
4075
4075
4075
4076
4076
4076
4077
4077
4077
4078
4078
4079
4079
4079
4080
4080
4080
4081
4081
4082
4082
4082
4083
4083
4083
4084
4084
4085
4085
4085
4086
4086
4086
4087
4087
4088
4088
4088
4089
4089
4089
4090
4090
4090
4091
4091
4092
4092
4092
4093
4093
4093
4094
4094
4095
4095
4095
4096
4096
4096
4097
4097
4098
4098
4098
4099
4099
4099
4100
4100
4101
4101
4101
4102
4102
4102
4103
4103
4103
4104
4104
4105
4105
4105
4106
4106
4106
4107
4107
4108
4108
4108
4109
4109
4109
4110
4110
4111
4111
4111
4112
4112
4112
4113
4113
4114
4114
4114
4115
4115
4115
4116
4116
4116
4117
4117
4118
4118
4118
4119
4119
4119
4120
4120
4121
4121
4121
4122
4122
4122
4123
4123
4124
4124
4124
4125
4125
4125
4126
4126
4127
4127
4127
4128
4128
4128
4129
4129
4130
4130
4130
4131
4131
4131
4132
4132
4132
4133
4133
4134
4134
4134
4135
4135
4135
4136
4136
4137
4138
4139
4139
4140
4141
4141
4142
4143
4143
4144
4145
4145
4146
4147
4148
4148
4149
4150
4150
4151
4152
4152
4153
4154
4155
4155
4156
4157
4157
4158
4159
4159
4160
4161
4161
4162
4163
4164
4164
4165
4166
4166
4167
4168
4168
4169
4170
4170
4171
4172
4173
4173
4174
4175
4175
4176
4177
4177
4178
4179
4179
4180
4181
4182
4182
4183
4184
4184
4185
4186
4186
4187
4188
4189
4189
4190
4191
4191
4192
4193
4193
4194
4195
4195
4196
4197
4198
4198
4199
4200
4200
4201
4202
4202
4203
4204
4204
4205
4206
4207
4207
4208
4209
4209
4210
4211
4211
4212
4213
4213
4214
4215
4216
4216
4217
4218
4218
4219
4220
4220
4221
4222
4223
4223
4224
4225
4225
4226
4227
4227
4228
4229
4229
4230
4231
4232
4232
4233
4234
4234
4235
4236
4236
4237
4238
4238
4239
4240
4241
4241
4242
4243
4243
4244
4245
4245
4246
4247
4247
4248
4249
4250
4250
4251
4252
4252
4253
4254
4254
4255
4256
4256
4257
4258
4259
4259
4260
4261
4261
4262
4263
4263
4264
4265
4266
4266
4267
4268
4268
4269
4270
4270
4271
4272
4272
4273
4274
4275
4275
4276
4277
4277
4278
4279
4279
4280
4281
4281
4282
4283
4284
4284
4285
4286
4286
4287
4288
4288
4289
4290
4290
4291
4292
4293
4293
4294
4295
4295
4296
4297
4297
4298
4299
4300
4300
4301
4302
4302
4303
4304
4304
4305
4306
4306
4307
4308
4309
4309
4310
4311
4311
4312
4313
4313
4314
4315
4315
4316
4317
4318
4318
4319
4320
4320
4321
4322
4322
4323
4324
4324
4325
4326
4327
4327
4328
4329
4329
4330
4331
4331
4332
4333
4334
4334
4335
4336
4336
4337
4338
4338
4339
4340
4340
4341
4342
4343
4343
4344
4345
4345
4346
4347
4347
4348
4349
4349
4350
4351
4352
4352
4353
4354
4354
4355
4356
4356
4357
4358
4358
4359
4360
4361
4361
4362
4363
4363
4364
4365
4365
4366
4367
4368
4368
4369
4370
4370
4371
4372
4372
4373
4374
4374
4375
4376
4377
4377
4378
4379
4379
4380
4381
4381
4382
4383
4383
4384
4385
4386
4386
4387
4388
4388
4389
4390
4390
4391
4392
4392
4393
4394
4395
4395
4396
4397
4397
4398
4399
4399
4400
4401
4402
4402
4403
4404
4404
4405
4406
4406
4407
4408
4408
4409
4410
4411
4411
4412
4413
4413
4414
4415
4415
4416
4417
4417
4418
4419
4420
4420
4421
4422
4422
4423
4424
4424
4425
4426
4426
4427
4428
4429
4429
4430
4431
4431
4432
4433
4433
4434
4435
4436
4436
4437
4438
4438
4439
4440
4440
4441
4442
4442
4443
4444
4445
4445
4446
4447
4447
4448
4449
4449
4450
4451
4451
4452
4453
4454
4454
4455
4456
4456
4457
4458
4458
4459
4460
4460
4461
4462
4463
4463
4464
4465
4465
4466
4467
4467
4468
4469
4470
4470
4471
4472
4472
4473
4474
4474
4475
4476
4476
4477
4478
4479
4479
4480
4481
4481
4482
4483
4483
4484
4485
4485
4486
4487
4488
4488
4492
4497
4501
4505
4509
4514
4518
4522
4527
4531
4535
4539
4544
4548
4552
4556
4561
4565
4569
4574
4578
4582
4586
4591
4595
4599
4603
4608
4612
4616
4621
4625
4629
4633
4638
4642
4646
4650
4651
4652
4653
4654
4654
4655
4655
4656
4657
4657
4658
4659
4659
4660
4661
4662
4662
4663
4664
4665
4665
4666
4667
4667
4668
4669
4670
4670
4671
4672
4672
4673
4674
4675
4675
4676
4677
4678
4678
4679
4680
4680
4681
4682
4683
4683
4684
4685
4686
4686
4687
4688
4688
4689
4690
4691
4691
4692
4693
4694
4694
4695
4696
4696
4697
4698
4699
4699
4700
4701
4701
4702
4703
4704
4704
4705
4706
4707
4707
4708
4709
4709
4710
4711
4712
4712
4713
4714
4715
4715
4716
4717
4717
4718
4719
4720
4720
4721
4722
4723
4723
4724
4725
4725
4726
4727
4728
4728
4729
4730
4730
4731
4732
4733
4733
4734
4735
4736
4736
4737
4738
4738
4739
4740
4741
4741
4742
4743
4744
4744
4745
4746
4746
4747
4748
4749
4749
4750
4751
4752
4752
4753
4754
4754
4755
4756
4757
4757
4758
4759
4759
4760
4761
4762
4762
4763
4764
4765
4765
4766
4767
4767
4768
4769
4770
4770
4771
4772
4773
4773
4774
4775
4775
4776
4777
4778
4778
4779
4780
4780
4781
4782
4783
4783
4784
4785
4786
4786
4787
4788
4788
4789
4790
4791
4791
4792
4793
4794
4794
4795
4796
4796
4797
4798
4799
4799
4800
4801
4802
4802
4803
4804
4804
4805
4806
4807
4807
4808
4809
4809
4810
4811
4812
4812
4813
4814
4815
4815
4816
4817
4817
4818
4819
4820
4820
4821
4822
4823
4823
4824
4825
4825
4826
4827
4828
4828
4829
4830
4831
4831
4832
4833
4833
4834
4835
4836
4836
4837
4838
4838
4839
4840
4841
4841
4842
4843
4844
4844
4845
4846
4846
4847
4848
4849
4849
4850
4851
4852
4852
4853
4854
4854
4855
4856
4857
4857
4858
4859
4860
4860
4861
4862
4862
4863
4864
4865
4865
4866
4867
4867
4868
4869
4870
4870
4871
4872
4873
4873
4874
4875
4875
4876
4877
4878
4878
4879
4880
4881
4881
4882
4883
4883
4884
4885
4886
4886
4887
4888
4889
4889
4890
4891
4891
4892
4893
4894
4894
4895
4896
4900
4905
4910
4915
4920
4925
4930
4935
4940
4945
4950
4950
4951
4951
4952
4953
4953
4954
4955
4955
4956
4957
4958
4958
4959
4960
4960
4961
4962
4962
4963
4964
4965
4965
4966
4967
4967
4968
4969
4969
4970
4971
4972
4972
4973
4974
4974
4975
4976
4976
4977
4978
4978
4979
4980
4981
4981
4982
4983
4983
4984
4985
4985
4986
4987
4988
4988
4989
4990
4990
4991
4992
4992
4993
4994
4995
4995
4996
4997
4997
4998
4999
4999
