[2026-05-28 18:26:38] [ACTION] [DISASTER_IMPORT] POST /api/disaster-imports scenario=extreme_rainstorm severity=level_4 session_sample_limit=100
[2026-05-28 18:26:38] [BACKEND] [DISASTER_IMPORT] import_id=imp_20260528_102638_021a6b status=ready users=3500 sampled_sessions=1000 stations_total=94 active=21 degraded=33 offline=40
[2026-05-28 18:26:38] [BACKEND] [DISASTER_IMPORT] detail import_id=imp_20260528_102638_021a6b scenario=超强暴雨/特别严重 grid=10x12 heatmap_cells=41 deployments=94
[2026-05-28 18:26:38] [BACKEND] [DISASTER_IMPORT_COMM] import_id=imp_20260528_102638_021a6b comm_type=cellular_5g_700mhz deployment_count=26
[2026-05-28 18:26:38] [BACKEND] [DISASTER_IMPORT_COMM] import_id=imp_20260528_102638_021a6b comm_type=satellite_ka deployment_count=9
[2026-05-28 18:26:38] [BACKEND] [DISASTER_IMPORT_COMM] import_id=imp_20260528_102638_021a6b comm_type=shortwave_hf deployment_count=8
[2026-05-28 18:26:38] [BACKEND] [DISASTER_IMPORT_COMM] import_id=imp_20260528_102638_021a6b comm_type=wifi6_mesh deployment_count=51
[2026-05-28 18:26:38] [BACKEND] [DISASTER_DEPLOYMENT] import_id=imp_20260528_102638_021a6b deployment_id=extreme_rainstorm_level_4_cellular_5g_700mhz_backpack_micro_cell_cell_001 comm=cellular_5g_700mhz station_type=backpack_micro_cell status=offline grid=(5,8) downlink=0.089 radius_km=0.0 cell_users=0
[2026-05-28 18:26:38] [BACKEND] [DISASTER_DEPLOYMENT] import_id=imp_20260528_102638_021a6b deployment_id=extreme_rainstorm_level_4_cellular_5g_700mhz_backpack_micro_cell_cell_002 comm=cellular_5g_700mhz station_type=backpack_micro_cell status=offline grid=(5,4) downlink=0.093 radius_km=0.0 cell_users=0
[2026-05-28 18:26:38] [BACKEND] [DISASTER_DEPLOYMENT] import_id=imp_20260528_102638_021a6b deployment_id=extreme_rainstorm_level_4_cellular_5g_700mhz_backpack_micro_cell_cell_003 comm=cellular_5g_700mhz station_type=backpack_micro_cell status=offline grid=(2,8) downlink=0.097 radius_km=0.0 cell_users=0
[2026-05-28 18:26:38] [BACKEND] [DISASTER_DEPLOYMENT] import_id=imp_20260528_102638_021a6b deployment_id=extreme_rainstorm_level_4_cellular_5g_700mhz_backpack_micro_cell_cell_004 comm=cellular_5g_700mhz station_type=backpack_micro_cell status=degraded grid=(7,8) downlink=3.427 radius_km=0.158 cell_users=9
[2026-05-28 18:26:38] [BACKEND] [DISASTER_DEPLOYMENT] import_id=imp_20260528_102638_021a6b deployment_id=extreme_rainstorm_level_4_cellular_5g_700mhz_backpack_micro_cell_cell_005 comm=cellular_5g_700mhz station_type=backpack_micro_cell status=active grid=(3,2) downlink=5.246 radius_km=0.208 cell_users=12
[2026-05-28 18:26:38] [BACKEND] [DISASTER_DEPLOYMENT] import_id=imp_20260528_102638_021a6b deployment_id=extreme_rainstorm_level_4_cellular_5g_700mhz_backpack_micro_cell_cell_006 comm=cellular_5g_700mhz station_type=backpack_micro_cell status=offline grid=(4,11) downlink=0.109 radius_km=0.0 cell_users=0
[2026-05-28 18:26:38] [BACKEND] [DISASTER_DEPLOYMENT] import_id=imp_20260528_102638_021a6b deployment_id=extreme_rainstorm_level_4_cellular_5g_700mhz_backpack_micro_cell_cell_007 comm=cellular_5g_700mhz station_type=backpack_micro_cell status=degraded grid=(8,3) downlink=3.847 radius_km=0.148 cell_users=10
[2026-05-28 18:26:38] [BACKEND] [DISASTER_DEPLOYMENT] import_id=imp_20260528_102638_021a6b deployment_id=extreme_rainstorm_level_4_cellular_5g_700mhz_backpack_micro_cell_cell_008 comm=cellular_5g_700mhz station_type=backpack_micro_cell status=degraded grid=(0,5) downlink=3.008 radius_km=0.153 cell_users=8
[2026-05-28 18:26:38] [BACKEND] [DISASTER_DEPLOYMENT] import_id=imp_20260528_102638_021a6b deployment_id=extreme_rainstorm_level_4_cellular_5g_700mhz_backpack_micro_cell_cell_009 comm=cellular_5g_700mhz station_type=backpack_micro_cell status=offline grid=(7,11) downlink=0.093 radius_km=0.0 cell_users=0
[2026-05-28 18:26:38] [BACKEND] [DISASTER_DEPLOYMENT] import_id=imp_20260528_102638_021a6b deployment_id=extreme_rainstorm_level_4_cellular_5g_700mhz_backpack_micro_cell_cell_010 comm=cellular_5g_700mhz station_type=backpack_micro_cell status=offline grid=(5,0) downlink=0.097 radius_km=0.0 cell_users=0
[2026-05-28 18:26:38] [BACKEND] [DISASTER_DEPLOYMENT] import_id=imp_20260528_102638_021a6b deployment_id=extreme_rainstorm_level_4_cellular_5g_700mhz_low_band_macro_cell_cell_001 comm=cellular_5g_700mhz station_type=low_band_macro_cell status=offline grid=(3,7) downlink=0.312 radius_km=0.0 cell_users=0
[2026-05-28 18:26:38] [BACKEND] [DISASTER_DEPLOYMENT] import_id=imp_20260528_102638_021a6b deployment_id=extreme_rainstorm_level_4_cellular_5g_700mhz_low_band_macro_cell_cell_002 comm=cellular_5g_700mhz station_type=low_band_macro_cell status=offline grid=(6,7) downlink=0.326 radius_km=0.0 cell_users=0
[2026-05-28 18:26:38] [BACKEND] [DISASTER_DEPLOYMENT] import_id=imp_20260528_102638_021a6b deployment_id=extreme_rainstorm_level_4_cellular_5g_700mhz_low_band_macro_cell_cell_003 comm=cellular_5g_700mhz station_type=low_band_macro_cell status=offline grid=(3,3) downlink=0.341 radius_km=0.0 cell_users=0
[2026-05-28 18:26:38] [BACKEND] [DISASTER_DEPLOYMENT] import_id=imp_20260528_102638_021a6b deployment_id=extreme_rainstorm_level_4_cellular_5g_700mhz_low_band_macro_cell_cell_004 comm=cellular_5g_700mhz station_type=low_band_macro_cell status=offline grid=(4,10) downlink=0.356 radius_km=0.0 cell_users=0
[2026-05-28 18:26:38] [BACKEND] [DISASTER_DEPLOYMENT] import_id=imp_20260528_102638_021a6b deployment_id=extreme_rainstorm_level_4_cellular_5g_700mhz_low_band_macro_cell_cell_005 comm=cellular_5g_700mhz station_type=low_band_macro_cell status=degraded grid=(7,4) downlink=12.579 radius_km=0.607 cell_users=31
[2026-05-28 18:26:38] [BACKEND] [DISASTER_DEPLOYMENT] import_id=imp_20260528_102638_021a6b deployment_id=extreme_rainstorm_level_4_cellular_5g_700mhz_low_band_macro_cell_cell_006 comm=cellular_5g_700mhz station_type=low_band_macro_cell status=offline grid=(0,6) downlink=0.384 radius_km=0.0 cell_users=0
[2026-05-28 18:26:38] [BACKEND] [DISASTER_DEPLOYMENT] import_id=imp_20260528_102638_021a6b deployment_id=extreme_rainstorm_level_4_cellular_5g_700mhz_low_band_macro_cell_cell_007 comm=cellular_5g_700mhz station_type=low_band_macro_cell status=degraded grid=(7,11) downlink=13.566 radius_km=0.554 cell_users=34
[2026-05-28 18:26:38] [BACKEND] [DISASTER_DEPLOYMENT] import_id=imp_20260528_102638_021a6b deployment_id=extreme_rainstorm_level_4_cellular_5g_700mhz_low_band_macro_cell_cell_008 comm=cellular_5g_700mhz station_type=low_band_macro_cell status=degraded grid=(5,0) downlink=10.606 radius_km=0.572 cell_users=26
[2026-05-28 18:26:38] [BACKEND] [DISASTER_DEPLOYMENT] import_id=imp_20260528_102638_021a6b deployment_id=extreme_rainstorm_level_4_cellular_5g_700mhz_low_band_macro_cell_cell_009 comm=cellular_5g_700mhz station_type=low_band_macro_cell status=degraded grid=(1,11) downlink=11.099 radius_km=0.589 cell_users=28
[2026-05-28 18:26:38] [BACKEND] [DISASTER_DEPLOYMENT] import_id=imp_20260528_102638_021a6b deployment_id=extreme_rainstorm_level_4_cellular_5g_700mhz_temporary_macro_cell_cell_001 comm=cellular_5g_700mhz station_type=temporary_macro_cell status=offline grid=(4,8) downlink=0.21 radius_km=0.0 cell_users=0
[2026-05-28 18:26:38] [BACKEND] [DISASTER_DEPLOYMENT] import_id=imp_20260528_102638_021a6b deployment_id=extreme_rainstorm_level_4_cellular_5g_700mhz_temporary_macro_cell_cell_002 comm=cellular_5g_700mhz station_type=temporary_macro_cell status=offline grid=(6,5) downlink=0.22 radius_km=0.0 cell_users=0
[2026-05-28 18:26:38] [BACKEND] [DISASTER_DEPLOYMENT] import_id=imp_20260528_102638_021a6b deployment_id=extreme_rainstorm_level_4_cellular_5g_700mhz_temporary_macro_cell_cell_003 comm=cellular_5g_700mhz station_type=temporary_macro_cell status=offline grid=(1,5) downlink=0.23 radius_km=0.0 cell_users=0
[2026-05-28 18:26:38] [BACKEND] [DISASTER_DEPLOYMENT] import_id=imp_20260528_102638_021a6b deployment_id=extreme_rainstorm_level_4_cellular_5g_700mhz_temporary_macro_cell_cell_004 comm=cellular_5g_700mhz station_type=temporary_macro_cell status=offline grid=(6,10) downlink=0.24 radius_km=0.0 cell_users=0
[2026-05-28 18:26:38] [BACKEND] [DISASTER_DEPLOYMENT] import_id=imp_20260528_102638_021a6b deployment_id=extreme_rainstorm_level_4_cellular_5g_700mhz_temporary_macro_cell_cell_005 comm=cellular_5g_700mhz station_type=temporary_macro_cell status=offline grid=(5,1) downlink=0.249 radius_km=0.0 cell_users=0
[2026-05-28 18:26:38] [BACKEND] [DISASTER_DEPLOYMENT] import_id=imp_20260528_102638_021a6b deployment_id=extreme_rainstorm_level_4_cellular_5g_700mhz_temporary_macro_cell_cell_006 comm=cellular_5g_700mhz station_type=temporary_macro_cell status=active grid=(1,10) downlink=12.965 radius_km=0.467 cell_users=33
[2026-05-28 18:26:38] [BACKEND] [DISASTER_DEPLOYMENT] import_id=imp_20260528_102638_021a6b deployment_id=extreme_rainstorm_level_4_cellular_5g_700mhz_temporary_macro_cell_cell_007 comm=cellular_5g_700mhz station_type=temporary_macro_cell status=offline grid=(9,7) downlink=0.269 radius_km=0.0 cell_users=0
[2026-05-28 18:26:38] [BACKEND] [DISASTER_DEPLOYMENT] import_id=imp_20260528_102638_021a6b deployment_id=extreme_rainstorm_level_4_satellite_ka_fixed_satellite_gateway_cell_001 comm=satellite_ka station_type=fixed_satellite_gateway status=active grid=(6,5) downlink=15.613 radius_km=4.715 cell_users=19
[2026-05-28 18:26:38] [BACKEND] [DISASTER_DEPLOYMENT] import_id=imp_20260528_102638_021a6b deployment_id=extreme_rainstorm_level_4_satellite_ka_fixed_satellite_gateway_cell_002 comm=satellite_ka station_type=fixed_satellite_gateway status=active grid=(1,6) downlink=16.339 radius_km=4.869 cell_users=20
[2026-05-28 18:26:38] [BACKEND] [DISASTER_DEPLOYMENT] import_id=imp_20260528_102638_021a6b deployment_id=extreme_rainstorm_level_4_satellite_ka_fixed_satellite_gateway_cell_003 comm=satellite_ka station_type=fixed_satellite_gateway status=degraded grid=(7,10) downlink=11.604 radius_km=3.918 cell_users=16
[2026-05-28 18:26:38] [BACKEND] [DISASTER_DEPLOYMENT] import_id=imp_20260528_102638_021a6b deployment_id=extreme_rainstorm_level_4_satellite_ka_fixed_satellite_gateway_cell_004 comm=satellite_ka station_type=fixed_satellite_gateway status=active grid=(4,0) downlink=17.791 radius_km=5.176 cell_users=22
[2026-05-28 18:26:38] [BACKEND] [DISASTER_DEPLOYMENT] import_id=imp_20260528_102638_021a6b deployment_id=extreme_rainstorm_level_4_satellite_ka_vehicle_satellite_terminal_cell_001 comm=satellite_ka station_type=vehicle_satellite_terminal status=active grid=(6,6) downlink=8.718 radius_km=3.283 cell_users=12
[2026-05-28 18:26:38] [BACKEND] [DISASTER_DEPLOYMENT] import_id=imp_20260528_102638_021a6b deployment_id=extreme_rainstorm_level_4_satellite_ka_vehicle_satellite_terminal_cell_002 comm=satellite_ka station_type=vehicle_satellite_terminal status=active grid=(2,5) downlink=9.123 radius_km=3.391 cell_users=13
[2026-05-28 18:26:38] [BACKEND] [DISASTER_DEPLOYMENT] import_id=imp_20260528_102638_021a6b deployment_id=extreme_rainstorm_level_4_satellite_ka_vehicle_satellite_terminal_cell_003 comm=satellite_ka station_type=vehicle_satellite_terminal status=active grid=(5,11) downlink=9.528 radius_km=3.498 cell_users=14
[2026-05-28 18:26:38] [BACKEND] [DISASTER_DEPLOYMENT] import_id=imp_20260528_102638_021a6b deployment_id=extreme_rainstorm_level_4_satellite_ka_vehicle_satellite_terminal_cell_004 comm=satellite_ka station_type=vehicle_satellite_terminal status=offline grid=(6,1) downlink=0.199 radius_km=0.0 cell_users=0
[2026-05-28 18:26:38] [BACKEND] [DISASTER_DEPLOYMENT] import_id=imp_20260528_102638_021a6b deployment_id=extreme_rainstorm_level_4_satellite_ka_vehicle_satellite_terminal_cell_005 comm=satellite_ka station_type=vehicle_satellite_terminal status=active grid=(0,9) downlink=10.339 radius_km=3.712 cell_users=15
[2026-05-28 18:26:38] [BACKEND] [DISASTER_DEPLOYMENT] import_id=imp_20260528_102638_021a6b deployment_id=extreme_rainstorm_level_4_shortwave_hf_command_vehicle_radio_cell_001 comm=shortwave_hf station_type=command_vehicle_radio status=degraded grid=(3,8) downlink=0.138 radius_km=12.834 cell_users=2
[2026-05-28 18:26:38] [BACKEND] [DISASTER_DEPLOYMENT] import_id=imp_20260528_102638_021a6b deployment_id=extreme_rainstorm_level_4_shortwave_hf_command_vehicle_radio_cell_002 comm=shortwave_hf station_type=command_vehicle_radio status=degraded grid=(7,5) downlink=0.098 radius_km=10.337 cell_users=2
[2026-05-28 18:26:38] [BACKEND] [DISASTER_DEPLOYMENT] import_id=imp_20260528_102638_021a6b deployment_id=extreme_rainstorm_level_4_shortwave_hf_command_vehicle_radio_cell_003 comm=shortwave_hf station_type=command_vehicle_radio status=degraded grid=(1,4) downlink=0.151 radius_km=13.671 cell_users=2
[2026-05-28 18:26:38] [BACKEND] [DISASTER_DEPLOYMENT] import_id=imp_20260528_102638_021a6b deployment_id=extreme_rainstorm_level_4_shortwave_hf_command_vehicle_radio_cell_004 comm=shortwave_hf station_type=command_vehicle_radio status=offline grid=(5,11) downlink=0.003 radius_km=0.0 cell_users=0
[2026-05-28 18:26:38] [BACKEND] [DISASTER_DEPLOYMENT] import_id=imp_20260528_102638_021a6b deployment_id=extreme_rainstorm_level_4_shortwave_hf_field_shortwave_station_cell_001 comm=shortwave_hf station_type=field_shortwave_station status=degraded grid=(3,7) downlink=0.052 radius_km=7.22 cell_users=1
[2026-05-28 18:26:38] [BACKEND] [DISASTER_DEPLOYMENT] import_id=imp_20260528_102638_021a6b deployment_id=extreme_rainstorm_level_4_shortwave_hf_field_shortwave_station_cell_002 comm=shortwave_hf station_type=field_shortwave_station status=degraded grid=(7,7) downlink=0.08 radius_km=9.559 cell_users=1
[2026-05-28 18:26:38] [BACKEND] [DISASTER_DEPLOYMENT] import_id=imp_20260528_102638_021a6b deployment_id=extreme_rainstorm_level_4_shortwave_hf_field_shortwave_station_cell_003 comm=shortwave_hf station_type=field_shortwave_station status=degraded grid=(2,2) downlink=0.084 radius_km=9.861 cell_users=1
[2026-05-28 18:26:38] [BACKEND] [DISASTER_DEPLOYMENT] import_id=imp_20260528_102638_021a6b deployment_id=extreme_rainstorm_level_4_shortwave_hf_field_shortwave_station_cell_004 comm=shortwave_hf station_type=field_shortwave_station status=degraded grid=(3,11) downlink=0.088 radius_km=10.163 cell_users=1
[2026-05-28 18:26:38] [BACKEND] [DISASTER_DEPLOYMENT] import_id=imp_20260528_102638_021a6b deployment_id=extreme_rainstorm_level_4_wifi6_mesh_portable_hotspot_cell_001 comm=wifi6_mesh station_type=portable_hotspot status=offline grid=(5,6) downlink=0.074 radius_km=0.0 cell_users=0
[2026-05-28 18:26:38] [BACKEND] [DISASTER_DEPLOYMENT] import_id=imp_20260528_102638_021a6b deployment_id=extreme_rainstorm_level_4_wifi6_mesh_portable_hotspot_cell_002 comm=wifi6_mesh station_type=portable_hotspot status=offline grid=(3,6) downlink=0.077 radius_km=0.0 cell_users=0
[2026-05-28 18:26:38] [BACKEND] [DISASTER_DEPLOYMENT] import_id=imp_20260528_102638_021a6b deployment_id=extreme_rainstorm_level_4_wifi6_mesh_portable_hotspot_cell_003 comm=wifi6_mesh station_type=portable_hotspot status=offline grid=(5,8) downlink=0.08 radius_km=0.0 cell_users=0
[2026-05-28 18:26:38] [BACKEND] [DISASTER_DEPLOYMENT] import_id=imp_20260528_102638_021a6b deployment_id=extreme_rainstorm_level_4_wifi6_mesh_portable_hotspot_cell_004 comm=wifi6_mesh station_type=portable_hotspot status=offline grid=(4,3) downlink=0.084 radius_km=0.0 cell_users=0
[2026-05-28 18:26:38] [BACKEND] [DISASTER_DEPLOYMENT] import_id=imp_20260528_102638_021a6b deployment_id=extreme_rainstorm_level_4_wifi6_mesh_portable_hotspot_cell_005 comm=wifi6_mesh station_type=portable_hotspot status=offline grid=(2,9) downlink=0.087 radius_km=0.0 cell_users=0
[2026-05-28 18:26:38] [BACKEND] [DISASTER_DEPLOYMENT] import_id=imp_20260528_102638_021a6b deployment_id=extreme_rainstorm_level_4_wifi6_mesh_portable_hotspot_cell_006 comm=wifi6_mesh station_type=portable_hotspot status=offline grid=(7,6) downlink=0.09 radius_km=0.0 cell_users=0
[2026-05-28 18:26:38] [BACKEND] [DISASTER_DEPLOYMENT] import_id=imp_20260528_102638_021a6b deployment_id=extreme_rainstorm_level_4_wifi6_mesh_portable_hotspot_cell_007 comm=wifi6_mesh station_type=portable_hotspot status=active grid=(2,4) downlink=4.694 radius_km=0.063 cell_users=6
[2026-05-28 18:26:38] [BACKEND] [DISASTER_DEPLOYMENT] import_id=imp_20260528_102638_021a6b deployment_id=extreme_rainstorm_level_4_wifi6_mesh_portable_hotspot_cell_008 comm=wifi6_mesh station_type=portable_hotspot status=degraded grid=(5,10) downlink=2.495 radius_km=0.05 cell_users=4
[2026-05-28 18:26:38] [BACKEND] [DISASTER_DEPLOYMENT] import_id=imp_20260528_102638_021a6b deployment_id=extreme_rainstorm_level_4_wifi6_mesh_portable_hotspot_cell_009 comm=wifi6_mesh station_type=portable_hotspot status=offline grid=(6,3) downlink=0.077 radius_km=0.0 cell_users=0
[2026-05-28 18:26:38] [BACKEND] [DISASTER_DEPLOYMENT] import_id=imp_20260528_102638_021a6b deployment_id=extreme_rainstorm_level_4_wifi6_mesh_portable_hotspot_cell_010 comm=wifi6_mesh station_type=portable_hotspot status=offline grid=(1,7) downlink=0.08 radius_km=0.0 cell_users=0
[2026-05-28 18:26:38] [BACKEND] [DISASTER_DEPLOYMENT] import_id=imp_20260528_102638_021a6b deployment_id=extreme_rainstorm_level_4_wifi6_mesh_portable_hotspot_cell_011 comm=wifi6_mesh station_type=portable_hotspot status=degraded grid=(8,9) downlink=2.843 radius_km=0.047 cell_users=4
[2026-05-28 18:26:38] [BACKEND] [DISASTER_DEPLOYMENT] import_id=imp_20260528_102638_021a6b deployment_id=extreme_rainstorm_level_4_wifi6_mesh_portable_hotspot_cell_012 comm=wifi6_mesh station_type=portable_hotspot status=active grid=(3,1) downlink=4.352 radius_km=0.063 cell_users=6
[2026-05-28 18:26:38] [BACKEND] [DISASTER_DEPLOYMENT] import_id=imp_20260528_102638_021a6b deployment_id=extreme_rainstorm_level_4_wifi6_mesh_portable_hotspot_cell_013 comm=wifi6_mesh station_type=portable_hotspot status=degraded grid=(2,11) downlink=3.075 radius_km=0.05 cell_users=4
[2026-05-28 18:26:38] [BACKEND] [DISASTER_DEPLOYMENT] import_id=imp_20260528_102638_021a6b deployment_id=extreme_rainstorm_level_4_wifi6_mesh_portable_hotspot_cell_014 comm=wifi6_mesh station_type=portable_hotspot status=degraded grid=(8,4) downlink=3.191 radius_km=0.052 cell_users=5
[2026-05-28 18:26:38] [BACKEND] [DISASTER_DEPLOYMENT] import_id=imp_20260528_102638_021a6b deployment_id=extreme_rainstorm_level_4_wifi6_mesh_portable_hotspot_cell_015 comm=wifi6_mesh station_type=portable_hotspot status=offline grid=(0,4) downlink=0.074 radius_km=0.0 cell_users=0
[2026-05-28 18:26:38] [BACKEND] [DISASTER_DEPLOYMENT] import_id=imp_20260528_102638_021a6b deployment_id=extreme_rainstorm_level_4_wifi6_mesh_portable_hotspot_cell_016 comm=wifi6_mesh station_type=portable_hotspot status=active grid=(7,11) downlink=3.84 radius_km=0.061 cell_users=5
[2026-05-28 18:26:38] [BACKEND] [DISASTER_DEPLOYMENT] import_id=imp_20260528_102638_021a6b deployment_id=extreme_rainstorm_level_4_wifi6_mesh_portable_hotspot_cell_017 comm=wifi6_mesh station_type=portable_hotspot status=degraded grid=(5,0) downlink=2.727 radius_km=0.049 cell_users=4
[2026-05-28 18:26:38] [BACKEND] [DISASTER_DEPLOYMENT] import_id=imp_20260528_102638_021a6b deployment_id=extreme_rainstorm_level_4_wifi6_mesh_portable_hotspot_cell_018 comm=wifi6_mesh station_type=portable_hotspot status=active grid=(0,10) downlink=4.181 radius_km=0.065 cell_users=5
[2026-05-28 18:26:38] [BACKEND] [DISASTER_DEPLOYMENT] import_id=imp_20260528_102638_021a6b deployment_id=extreme_rainstorm_level_4_wifi6_mesh_shelter_mesh_node_cell_001 comm=wifi6_mesh station_type=shelter_mesh_node status=degraded grid=(4,5) downlink=5.556 radius_km=0.07 cell_users=6
[2026-05-28 18:26:38] [BACKEND] [DISASTER_DEPLOYMENT] import_id=imp_20260528_102638_021a6b deployment_id=extreme_rainstorm_level_4_wifi6_mesh_shelter_mesh_node_cell_002 comm=wifi6_mesh station_type=shelter_mesh_node status=degraded grid=(4,8) downlink=5.814 radius_km=0.072 cell_users=7
[2026-05-28 18:26:38] [BACKEND] [DISASTER_DEPLOYMENT] import_id=imp_20260528_102638_021a6b deployment_id=extreme_rainstorm_level_4_wifi6_mesh_shelter_mesh_node_cell_003 comm=wifi6_mesh station_type=shelter_mesh_node status=degraded grid=(5,5) downlink=6.073 radius_km=0.074 cell_users=7
[2026-05-28 18:26:38] [BACKEND] [DISASTER_DEPLOYMENT] import_id=imp_20260528_102638_021a6b deployment_id=extreme_rainstorm_level_4_wifi6_mesh_shelter_mesh_node_cell_004 comm=wifi6_mesh station_type=shelter_mesh_node status=active grid=(2,6) downlink=9.311 radius_km=0.098 cell_users=9
[2026-05-28 18:26:38] [BACKEND] [DISASTER_DEPLOYMENT] import_id=imp_20260528_102638_021a6b deployment_id=extreme_rainstorm_level_4_wifi6_mesh_shelter_mesh_node_cell_005 comm=wifi6_mesh station_type=shelter_mesh_node status=degraded grid=(6,8) downlink=6.59 radius_km=0.079 cell_users=7
[2026-05-28 18:26:38] [BACKEND] [DISASTER_DEPLOYMENT] import_id=imp_20260528_102638_021a6b deployment_id=extreme_rainstorm_level_4_wifi6_mesh_shelter_mesh_node_cell_006 comm=wifi6_mesh station_type=shelter_mesh_node status=offline grid=(4,3) downlink=0.202 radius_km=0.0 cell_users=0
[2026-05-28 18:26:38] [BACKEND] [DISASTER_DEPLOYMENT] import_id=imp_20260528_102638_021a6b deployment_id=extreme_rainstorm_level_4_wifi6_mesh_shelter_mesh_node_cell_007 comm=wifi6_mesh station_type=shelter_mesh_node status=offline grid=(2,9) downlink=0.209 radius_km=0.0 cell_users=0
[2026-05-28 18:26:38] [BACKEND] [DISASTER_DEPLOYMENT] import_id=imp_20260528_102638_021a6b deployment_id=extreme_rainstorm_level_4_wifi6_mesh_shelter_mesh_node_cell_008 comm=wifi6_mesh station_type=shelter_mesh_node status=degraded grid=(7,6) downlink=5.556 radius_km=0.074 cell_users=6
[2026-05-28 18:26:38] [BACKEND] [DISASTER_DEPLOYMENT] import_id=imp_20260528_102638_021a6b deployment_id=extreme_rainstorm_level_4_wifi6_mesh_shelter_mesh_node_cell_009 comm=wifi6_mesh station_type=shelter_mesh_node status=degraded grid=(2,4) downlink=5.814 radius_km=0.076 cell_users=7
[2026-05-28 18:26:38] [BACKEND] [DISASTER_DEPLOYMENT] import_id=imp_20260528_102638_021a6b deployment_id=extreme_rainstorm_level_4_wifi6_mesh_shelter_mesh_node_cell_010 comm=wifi6_mesh station_type=shelter_mesh_node status=offline grid=(5,10) downlink=0.179 radius_km=0.0 cell_users=0
[2026-05-28 18:26:38] [BACKEND] [DISASTER_DEPLOYMENT] import_id=imp_20260528_102638_021a6b deployment_id=extreme_rainstorm_level_4_wifi6_mesh_shelter_mesh_node_cell_011 comm=wifi6_mesh station_type=shelter_mesh_node status=degraded grid=(6,2) downlink=6.331 radius_km=0.07 cell_users=7
[2026-05-28 18:26:38] [BACKEND] [DISASTER_DEPLOYMENT] import_id=imp_20260528_102638_021a6b deployment_id=extreme_rainstorm_level_4_wifi6_mesh_shelter_mesh_node_cell_012 comm=wifi6_mesh station_type=shelter_mesh_node status=degraded grid=(1,8) downlink=6.59 radius_km=0.072 cell_users=7
[2026-05-28 18:26:38] [BACKEND] [DISASTER_DEPLOYMENT] import_id=imp_20260528_102638_021a6b deployment_id=extreme_rainstorm_level_4_wifi6_mesh_shelter_mesh_node_cell_013 comm=wifi6_mesh station_type=shelter_mesh_node status=degraded grid=(8,8) downlink=6.848 radius_km=0.074 cell_users=8
[2026-05-28 18:26:38] [BACKEND] [DISASTER_DEPLOYMENT] import_id=imp_20260528_102638_021a6b deployment_id=extreme_rainstorm_level_4_wifi6_mesh_shelter_mesh_node_cell_014 comm=wifi6_mesh station_type=shelter_mesh_node status=active grid=(3,2) downlink=10.451 radius_km=0.098 cell_users=11
[2026-05-28 18:26:38] [BACKEND] [DISASTER_DEPLOYMENT] import_id=imp_20260528_102638_021a6b deployment_id=extreme_rainstorm_level_4_wifi6_mesh_shelter_mesh_node_cell_015 comm=wifi6_mesh station_type=shelter_mesh_node status=active grid=(3,11) downlink=8.17 radius_km=0.101 cell_users=8
[2026-05-28 18:26:38] [BACKEND] [DISASTER_DEPLOYMENT] import_id=imp_20260528_102638_021a6b deployment_id=extreme_rainstorm_level_4_wifi6_mesh_shelter_mesh_node_cell_016 comm=wifi6_mesh station_type=shelter_mesh_node status=degraded grid=(8,4) downlink=5.814 radius_km=0.07 cell_users=7
[2026-05-28 18:26:38] [BACKEND] [DISASTER_DEPLOYMENT] import_id=imp_20260528_102638_021a6b deployment_id=extreme_rainstorm_level_4_wifi6_mesh_shelter_mesh_node_cell_017 comm=wifi6_mesh station_type=shelter_mesh_node status=active grid=(0,5) downlink=8.93 radius_km=0.092 cell_users=9
[2026-05-28 18:26:38] [BACKEND] [DISASTER_DEPLOYMENT] import_id=imp_20260528_102638_021a6b deployment_id=extreme_rainstorm_level_4_wifi6_mesh_shelter_mesh_node_cell_018 comm=wifi6_mesh station_type=shelter_mesh_node status=active grid=(7,11) downlink=9.311 radius_km=0.095 cell_users=9
[2026-05-28 18:26:38] [BACKEND] [DISASTER_DEPLOYMENT] import_id=imp_20260528_102638_021a6b deployment_id=extreme_rainstorm_level_4_wifi6_mesh_shelter_mesh_node_cell_019 comm=wifi6_mesh station_type=shelter_mesh_node status=degraded grid=(5,0) downlink=6.59 radius_km=0.076 cell_users=7
[2026-05-28 18:26:38] [BACKEND] [DISASTER_DEPLOYMENT] import_id=imp_20260528_102638_021a6b deployment_id=extreme_rainstorm_level_4_wifi6_mesh_shelter_mesh_node_cell_020 comm=wifi6_mesh station_type=shelter_mesh_node status=offline grid=(0,10) downlink=0.202 radius_km=0.0 cell_users=0
[2026-05-28 18:26:38] [BACKEND] [DISASTER_DEPLOYMENT] import_id=imp_20260528_102638_021a6b deployment_id=extreme_rainstorm_level_4_wifi6_mesh_shelter_mesh_node_cell_021 comm=wifi6_mesh station_type=shelter_mesh_node status=offline grid=(9,7) downlink=0.209 radius_km=0.0 cell_users=0
[2026-05-28 18:26:38] [BACKEND] [DISASTER_DEPLOYMENT] import_id=imp_20260528_102638_021a6b deployment_id=extreme_rainstorm_level_4_wifi6_mesh_shelter_mesh_node_cell_022 comm=wifi6_mesh station_type=shelter_mesh_node status=offline grid=(1,2) downlink=0.163 radius_km=0.0 cell_users=0
[2026-05-28 18:26:38] [BACKEND] [DISASTER_DEPLOYMENT] import_id=imp_20260528_102638_021a6b deployment_id=extreme_rainstorm_level_4_wifi6_mesh_vehicle_wifi_node_cell_001 comm=wifi6_mesh station_type=vehicle_wifi_node status=offline grid=(4,5) downlink=0.127 radius_km=0.0 cell_users=0
[2026-05-28 18:26:38] [BACKEND] [DISASTER_DEPLOYMENT] import_id=imp_20260528_102638_021a6b deployment_id=extreme_rainstorm_level_4_wifi6_mesh_vehicle_wifi_node_cell_002 comm=wifi6_mesh station_type=vehicle_wifi_node status=active grid=(3,8) downlink=6.645 radius_km=0.128 cell_users=7
[2026-05-28 18:26:38] [BACKEND] [DISASTER_DEPLOYMENT] import_id=imp_20260528_102638_021a6b deployment_id=extreme_rainstorm_level_4_wifi6_mesh_vehicle_wifi_node_cell_003 comm=wifi6_mesh station_type=vehicle_wifi_node status=degraded grid=(7,6) downlink=4.72 radius_km=0.103 cell_users=5
[2026-05-28 18:26:38] [BACKEND] [DISASTER_DEPLOYMENT] import_id=imp_20260528_102638_021a6b deployment_id=extreme_rainstorm_level_4_wifi6_mesh_vehicle_wifi_node_cell_004 comm=wifi6_mesh station_type=vehicle_wifi_node status=offline grid=(2,4) downlink=0.145 radius_km=0.0 cell_users=0
[2026-05-28 18:26:38] [BACKEND] [DISASTER_DEPLOYMENT] import_id=imp_20260528_102638_021a6b deployment_id=extreme_rainstorm_level_4_wifi6_mesh_vehicle_wifi_node_cell_005 comm=wifi6_mesh station_type=vehicle_wifi_node status=offline grid=(4,10) downlink=0.151 radius_km=0.0 cell_users=0
[2026-05-28 18:26:38] [BACKEND] [DISASTER_DEPLOYMENT] import_id=imp_20260528_102638_021a6b deployment_id=extreme_rainstorm_level_4_wifi6_mesh_vehicle_wifi_node_cell_006 comm=wifi6_mesh station_type=vehicle_wifi_node status=active grid=(7,3) downlink=7.826 radius_km=0.124 cell_users=8
[2026-05-28 18:26:38] [BACKEND] [DISASTER_DEPLOYMENT] import_id=imp_20260528_102638_021a6b deployment_id=extreme_rainstorm_level_4_wifi6_mesh_vehicle_wifi_node_cell_007 comm=wifi6_mesh station_type=vehicle_wifi_node status=offline grid=(0,7) downlink=0.162 radius_km=0.0 cell_users=0
[2026-05-28 18:26:38] [BACKEND] [DISASTER_DEPLOYMENT] import_id=imp_20260528_102638_021a6b deployment_id=extreme_rainstorm_level_4_wifi6_mesh_vehicle_wifi_node_cell_008 comm=wifi6_mesh station_type=vehicle_wifi_node status=offline grid=(8,9) downlink=0.127 radius_km=0.0 cell_users=0
[2026-05-28 18:26:38] [BACKEND] [DISASTER_DEPLOYMENT] import_id=imp_20260528_102638_021a6b deployment_id=extreme_rainstorm_level_4_wifi6_mesh_vehicle_wifi_node_cell_009 comm=wifi6_mesh station_type=vehicle_wifi_node status=active grid=(3,1) downlink=6.645 radius_km=0.136 cell_users=7
[2026-05-28 18:26:38] [BACKEND] [DISASTER_DEPLOYMENT] import_id=imp_20260528_102638_021a6b deployment_id=extreme_rainstorm_level_4_wifi6_mesh_vehicle_wifi_node_cell_010 comm=wifi6_mesh station_type=vehicle_wifi_node status=degraded grid=(2,11) downlink=4.72 radius_km=0.11 cell_users=5
[2026-05-28 18:26:38] [BACKEND] [DISASTER_DEPLOYMENT] import_id=imp_20260528_102638_021a6b deployment_id=extreme_rainstorm_level_4_wifi6_mesh_vehicle_wifi_node_cell_011 comm=wifi6_mesh station_type=vehicle_wifi_node status=offline grid=(9,4) downlink=0.145 radius_km=0.0 cell_users=0
[2026-05-28 18:26:38] [BACKEND] [DISASTER_HEATMAP] import_id=imp_20260528_102638_021a6b grid=(0,5) users=17 demand=None connected=None broadcast=None
[2026-05-28 18:26:38] [BACKEND] [DISASTER_HEATMAP] import_id=imp_20260528_102638_021a6b grid=(0,9) users=15 demand=None connected=None broadcast=None
[2026-05-28 18:26:38] [BACKEND] [DISASTER_HEATMAP] import_id=imp_20260528_102638_021a6b grid=(0,10) users=5 demand=None connected=None broadcast=None
[2026-05-28 18:26:38] [BACKEND] [DISASTER_HEATMAP] import_id=imp_20260528_102638_021a6b grid=(1,4) users=2 demand=None connected=None broadcast=None
[2026-05-28 18:26:38] [BACKEND] [DISASTER_HEATMAP] import_id=imp_20260528_102638_021a6b grid=(1,6) users=20 demand=None connected=None broadcast=None
[2026-05-28 18:26:38] [BACKEND] [DISASTER_HEATMAP] import_id=imp_20260528_102638_021a6b grid=(1,8) users=7 demand=None connected=None broadcast=None
[2026-05-28 18:26:38] [BACKEND] [DISASTER_HEATMAP] import_id=imp_20260528_102638_021a6b grid=(1,10) users=33 demand=None connected=None broadcast=None
[2026-05-28 18:26:38] [BACKEND] [DISASTER_HEATMAP] import_id=imp_20260528_102638_021a6b grid=(1,11) users=28 demand=None connected=None broadcast=None
[2026-05-28 18:26:38] [BACKEND] [DISASTER_HEATMAP] import_id=imp_20260528_102638_021a6b grid=(2,2) users=1 demand=None connected=None broadcast=None
[2026-05-28 18:26:38] [BACKEND] [DISASTER_HEATMAP] import_id=imp_20260528_102638_021a6b grid=(2,4) users=13 demand=None connected=None broadcast=None
[2026-05-28 18:26:38] [BACKEND] [DISASTER_HEATMAP] import_id=imp_20260528_102638_021a6b grid=(2,5) users=13 demand=None connected=None broadcast=None
[2026-05-28 18:26:38] [BACKEND] [DISASTER_HEATMAP] import_id=imp_20260528_102638_021a6b grid=(2,6) users=9 demand=None connected=None broadcast=None
[2026-05-28 18:26:38] [BACKEND] [DISASTER_HEATMAP] import_id=imp_20260528_102638_021a6b grid=(2,11) users=9 demand=None connected=None broadcast=None
[2026-05-28 18:26:38] [BACKEND] [DISASTER_HEATMAP] import_id=imp_20260528_102638_021a6b grid=(3,1) users=13 demand=None connected=None broadcast=None
[2026-05-28 18:26:38] [BACKEND] [DISASTER_HEATMAP] import_id=imp_20260528_102638_021a6b grid=(3,2) users=23 demand=None connected=None broadcast=None
[2026-05-28 18:26:38] [BACKEND] [DISASTER_HEATMAP] import_id=imp_20260528_102638_021a6b grid=(3,7) users=1 demand=None connected=None broadcast=None
[2026-05-28 18:26:38] [BACKEND] [DISASTER_HEATMAP] import_id=imp_20260528_102638_021a6b grid=(3,8) users=9 demand=None connected=None broadcast=None
[2026-05-28 18:26:38] [BACKEND] [DISASTER_HEATMAP] import_id=imp_20260528_102638_021a6b grid=(3,11) users=9 demand=None connected=None broadcast=None
[2026-05-28 18:26:38] [BACKEND] [DISASTER_HEATMAP] import_id=imp_20260528_102638_021a6b grid=(4,0) users=22 demand=None connected=None broadcast=None
[2026-05-28 18:26:38] [BACKEND] [DISASTER_HEATMAP] import_id=imp_20260528_102638_021a6b grid=(4,5) users=6 demand=None connected=None broadcast=None
[2026-05-28 18:26:38] [BACKEND] [DISASTER_HEATMAP] import_id=imp_20260528_102638_021a6b grid=(4,8) users=7 demand=None connected=None broadcast=None
[2026-05-28 18:26:38] [BACKEND] [DISASTER_HEATMAP] import_id=imp_20260528_102638_021a6b grid=(5,0) users=37 demand=None connected=None broadcast=None
[2026-05-28 18:26:38] [BACKEND] [DISASTER_HEATMAP] import_id=imp_20260528_102638_021a6b grid=(5,5) users=7 demand=None connected=None broadcast=None
[2026-05-28 18:26:38] [BACKEND] [DISASTER_HEATMAP] import_id=imp_20260528_102638_021a6b grid=(5,10) users=4 demand=None connected=None broadcast=None
[2026-05-28 18:26:38] [BACKEND] [DISASTER_HEATMAP] import_id=imp_20260528_102638_021a6b grid=(5,11) users=14 demand=None connected=None broadcast=None
[2026-05-28 18:26:38] [BACKEND] [DISASTER_HEATMAP] import_id=imp_20260528_102638_021a6b grid=(6,2) users=7 demand=None connected=None broadcast=None
[2026-05-28 18:26:38] [BACKEND] [DISASTER_HEATMAP] import_id=imp_20260528_102638_021a6b grid=(6,5) users=19 demand=None connected=None broadcast=None
[2026-05-28 18:26:38] [BACKEND] [DISASTER_HEATMAP] import_id=imp_20260528_102638_021a6b grid=(6,6) users=12 demand=None connected=None broadcast=None
[2026-05-28 18:26:38] [BACKEND] [DISASTER_HEATMAP] import_id=imp_20260528_102638_021a6b grid=(6,8) users=7 demand=None connected=None broadcast=None
[2026-05-28 18:26:38] [BACKEND] [DISASTER_HEATMAP] import_id=imp_20260528_102638_021a6b grid=(7,3) users=8 demand=None connected=None broadcast=None
[2026-05-28 18:26:38] [BACKEND] [DISASTER_HEATMAP] import_id=imp_20260528_102638_021a6b grid=(7,4) users=31 demand=None connected=None broadcast=None
[2026-05-28 18:26:38] [BACKEND] [DISASTER_HEATMAP] import_id=imp_20260528_102638_021a6b grid=(7,5) users=2 demand=None connected=None broadcast=None
[2026-05-28 18:26:38] [BACKEND] [DISASTER_HEATMAP] import_id=imp_20260528_102638_021a6b grid=(7,6) users=11 demand=None connected=None broadcast=None
[2026-05-28 18:26:38] [BACKEND] [DISASTER_HEATMAP] import_id=imp_20260528_102638_021a6b grid=(7,7) users=1 demand=None connected=None broadcast=None
[2026-05-28 18:26:38] [BACKEND] [DISASTER_HEATMAP] import_id=imp_20260528_102638_021a6b grid=(7,8) users=9 demand=None connected=None broadcast=None
[2026-05-28 18:26:38] [BACKEND] [DISASTER_HEATMAP] import_id=imp_20260528_102638_021a6b grid=(7,10) users=16 demand=None connected=None broadcast=None
[2026-05-28 18:26:38] [BACKEND] [DISASTER_HEATMAP] import_id=imp_20260528_102638_021a6b grid=(7,11) users=48 demand=None connected=None broadcast=None
[2026-05-28 18:26:38] [BACKEND] [DISASTER_HEATMAP] import_id=imp_20260528_102638_021a6b grid=(8,3) users=10 demand=None connected=None broadcast=None
[2026-05-28 18:26:38] [BACKEND] [DISASTER_HEATMAP] import_id=imp_20260528_102638_021a6b grid=(8,4) users=12 demand=None connected=None broadcast=None
[2026-05-28 18:26:38] [BACKEND] [DISASTER_HEATMAP] import_id=imp_20260528_102638_021a6b grid=(8,8) users=8 demand=None connected=None broadcast=None
[2026-05-28 18:26:38] [BACKEND] [DISASTER_HEATMAP] import_id=imp_20260528_102638_021a6b grid=(8,9) users=4 demand=None connected=None broadcast=None
[2026-05-28 18:26:38] [ACTION] [RAINSTORM_TEST] POST /api/simulate/stream scenario=extreme_rainstorm__level_4 algorithm=hmarl checkpoint=artifacts/runs/hmarl_extreme_rainstorm__level_4_4df9c5071709485ab70b66c646b910dc/hmarl_policy.pt import_id=imp_20260528_102638_021a6b episodes=1 seed=31 custom_base_stations=96
[2026-05-28 18:26:38] [STATUS] [RAINSTORM_TEST] state=initializing
[2026-05-28 18:26:38] [BACKEND] [RAINSTORM_TEST] 开始加载场景 extreme_rainstorm__level_4。
[2026-05-28 18:26:38] [BACKEND] [RAINSTORM_TEST] 灾害数据来源 import_id=imp_20260528_102638_021a6b。
[2026-05-28 18:26:38] [BACKEND] [RAINSTORM_TEST] 加载模型 artifacts/runs/hmarl_extreme_rainstorm__level_4_4df9c5071709485ab70b66c646b910dc/hmarl_policy.pt，算法=hmarl，协议=standard，episodes=1，stochastic=True，seed=31。
[2026-05-28 18:26:40] [STATUS] [RAINSTORM_TEST] state=running
[2026-05-28 18:26:40] [BACKEND] [RAINSTORM_TEST] 测试开始，终端将持续输出策略执行过程。
[2026-05-28 18:26:40] [BACKEND] [RAINSTORM_TEST] [Episode 1] 场景=extreme_rainstorm__level_4 | 灾害=rainstorm | 用户=3500 | reward_mode=coverage_balance | protocol=level4_hmarl_coordination
[2026-05-28 18:26:40] [BACKEND] [RAINSTORM_TEST] 初始网络 -> coverage=12.60% | broadcast=0.00% | connected=441/3500 | residual_bases=96
[2026-05-28 18:26:40] [BACKEND] [RAINSTORM_TEST] Step 01 | site#23 @(5, 8) cell-5-8 | device=短波保底通信台(shortwave_hf_station) | comm=Shortwave_HF | broadcast=satellite_broadcast | reward=+3.26
[2026-05-28 18:26:40] [BACKEND] [RAINSTORM_TEST] -> coverage=18.89% | broadcast=46.11% | remaining_budget=21.0 | Δcoverage=+6.29% | Δbroadcast=+46.11%
[2026-05-28 18:26:40] [BACKEND] [RAINSTORM_TEST] Step 02 | site#37 @(3, 3) cell-3-3 | device=短波保底通信台(shortwave_hf_station) | comm=Shortwave_HF | broadcast=satellite_broadcast | reward=+2.59
[2026-05-28 18:26:40] [BACKEND] [RAINSTORM_TEST] -> coverage=25.17% | broadcast=75.34% | remaining_budget=20.0 | Δcoverage=+6.29% | Δbroadcast=+29.23%
[2026-05-28 18:26:40] [BACKEND] [RAINSTORM_TEST] Step 03 | site#45 @(2, 8) cell-2-8 | device=短波保底通信台(shortwave_hf_station) | comm=Shortwave_HF | broadcast=satellite_broadcast | reward=+1.86
[2026-05-28 18:26:40] [BACKEND] [RAINSTORM_TEST] -> coverage=31.46% | broadcast=86.14% | remaining_budget=19.0 | Δcoverage=+6.29% | Δbroadcast=+10.80%
[2026-05-28 18:26:40] [BACKEND] [RAINSTORM_TEST] Step 04 | site#54 @(6, 3) cell-6-3 | device=短波保底通信台(shortwave_hf_station) | comm=Shortwave_HF | broadcast=satellite_broadcast | reward=+1.77
[2026-05-28 18:26:40] [BACKEND] [RAINSTORM_TEST] -> coverage=37.74% | broadcast=94.66% | remaining_budget=18.0 | Δcoverage=+6.29% | Δbroadcast=+8.51%
[2026-05-28 18:26:40] [BACKEND] [RAINSTORM_TEST] Step 05 | site#61 @(8, 8) cell-8-8 | device=短波保底通信台(shortwave_hf_station) | comm=Shortwave_HF | broadcast=satellite_broadcast | reward=+1.59
[2026-05-28 18:26:40] [BACKEND] [RAINSTORM_TEST] -> coverage=44.03% | broadcast=98.63% | remaining_budget=17.0 | Δcoverage=+6.29% | Δbroadcast=+3.97%
[2026-05-28 18:26:41] [BACKEND] [RAINSTORM_TEST] Step 06 | site#63 @(1, 2) cell-1-2 | device=短波保底通信台(shortwave_hf_station) | comm=Shortwave_HF | broadcast=satellite_broadcast | reward=+1.48
[2026-05-28 18:26:41] [BACKEND] [RAINSTORM_TEST] -> coverage=50.31% | broadcast=99.94% | remaining_budget=16.0 | Δcoverage=+6.29% | Δbroadcast=+1.31%
[2026-05-28 18:26:41] [BACKEND] [RAINSTORM_TEST] Step 07 | site#5 @(5, 0) cell-5-0 | device=短波保底通信台(shortwave_hf_station) | comm=Shortwave_HF | broadcast=satellite_broadcast | reward=+1.43
[2026-05-28 18:26:41] [BACKEND] [RAINSTORM_TEST] -> coverage=56.60% | broadcast=99.97% | remaining_budget=15.0 | Δcoverage=+6.29% | Δbroadcast=+0.03%
[2026-05-28 18:26:41] [BACKEND] [RAINSTORM_TEST] Step 08 | site#0 @(5, 11) cell-5-11 | device=短波保底通信台(shortwave_hf_station) | comm=Shortwave_HF | broadcast=satellite_broadcast | reward=+1.43
[2026-05-28 18:26:41] [BACKEND] [RAINSTORM_TEST] -> coverage=62.89% | broadcast=99.97% | remaining_budget=14.0 | Δcoverage=+6.29% | Δbroadcast=+0.00%
[2026-05-28 18:26:41] [BACKEND] [RAINSTORM_TEST] Step 09 | site#6 @(3, 11) cell-3-11 | device=短波保底通信台(shortwave_hf_station) | comm=Shortwave_HF | broadcast=satellite_broadcast | reward=+1.43
[2026-05-28 18:26:41] [BACKEND] [RAINSTORM_TEST] -> coverage=69.17% | broadcast=100.00% | remaining_budget=13.0 | Δcoverage=+6.29% | Δbroadcast=+0.03%
[2026-05-28 18:26:41] [BACKEND] [RAINSTORM_TEST] Step 10 | site#1 @(6, 5) cell-6-5 | device=短波保底通信台(shortwave_hf_station) | comm=Shortwave_HF | broadcast=satellite_broadcast | reward=+1.43
[2026-05-28 18:26:41] [BACKEND] [RAINSTORM_TEST] -> coverage=75.46% | broadcast=100.00% | remaining_budget=12.0 | Δcoverage=+6.29% | Δbroadcast=+0.00%
[2026-05-28 18:26:41] [BACKEND] [RAINSTORM_TEST] Step 11 | site#2 @(3, 7) cell-3-7 | device=短波保底通信台(shortwave_hf_station) | comm=Shortwave_HF | broadcast=satellite_broadcast | reward=+1.43
[2026-05-28 18:26:41] [BACKEND] [RAINSTORM_TEST] -> coverage=81.74% | broadcast=100.00% | remaining_budget=11.0 | Δcoverage=+6.29% | Δbroadcast=+0.00%
[2026-05-28 18:26:41] [BACKEND] [RAINSTORM_TEST] Step 12 | site#47 @(7, 8) cell-7-8 | device=短波保底通信台(shortwave_hf_station) | comm=Shortwave_HF | broadcast=satellite_broadcast | reward=+0.99
[2026-05-28 18:26:41] [BACKEND] [RAINSTORM_TEST] -> coverage=86.23% | broadcast=100.00% | remaining_budget=10.0 | Δcoverage=+4.49% | Δbroadcast=+0.00%
[2026-05-28 18:26:41] [BACKEND] [RAINSTORM_TEST] Step 13 | site#11 @(2, 2) cell-2-2 | device=短波保底通信台(shortwave_hf_station) | comm=Shortwave_HF | broadcast=satellite_broadcast | reward=+1.28
[2026-05-28 18:26:41] [BACKEND] [RAINSTORM_TEST] -> coverage=91.91% | broadcast=100.00% | remaining_budget=9.0 | Δcoverage=+5.69% | Δbroadcast=+0.00%
[2026-05-28 18:26:41] [BACKEND] [RAINSTORM_TEST] Step 14 | site#4 @(3, 8) cell-3-8 | device=短波保底通信台(shortwave_hf_station) | comm=Shortwave_HF | broadcast=satellite_broadcast | reward=+1.24
[2026-05-28 18:26:41] [BACKEND] [RAINSTORM_TEST] -> coverage=97.40% | broadcast=100.00% | remaining_budget=8.0 | Δcoverage=+5.49% | Δbroadcast=+0.00%
[2026-05-28 18:26:41] [BACKEND] [RAINSTORM_TEST] Step 15 | site#33 @(4, 5) cell-4-5 | device=短波保底通信台(shortwave_hf_station) | comm=Shortwave_HF | broadcast=satellite_broadcast | reward=+0.16
[2026-05-28 18:26:41] [BACKEND] [RAINSTORM_TEST] -> coverage=98.46% | broadcast=100.00% | remaining_budget=7.0 | Δcoverage=+1.06% | Δbroadcast=+0.00%
[2026-05-28 18:26:41] [BACKEND] [RAINSTORM_TEST] Step 16 | site#12 @(1, 6) cell-1-6 | device=Ka 卫星应急终端(ka_satellite_terminal) | comm=Satellite_Ka | broadcast=satellite_broadcast | reward=-0.19
[2026-05-28 18:26:41] [BACKEND] [RAINSTORM_TEST] -> coverage=98.89% | broadcast=100.00% | remaining_budget=6.0 | Δcoverage=+0.43% | Δbroadcast=+0.00%
[2026-05-28 18:26:42] [BACKEND] [RAINSTORM_TEST] Step 17 | site#27 @(3, 2) cell-3-2 | device=短波保底通信台(shortwave_hf_station) | comm=Shortwave_HF | broadcast=satellite_broadcast | reward=-0.02
[2026-05-28 18:26:42] [BACKEND] [RAINSTORM_TEST] -> coverage=99.20% | broadcast=100.00% | remaining_budget=5.0 | Δcoverage=+0.31% | Δbroadcast=+0.00%
[2026-05-28 18:26:42] [BACKEND] [RAINSTORM_TEST] Step 18 | site#9 @(1, 4) cell-1-4 | device=Ka 卫星应急终端(ka_satellite_terminal) | comm=Satellite_Ka | broadcast=satellite_broadcast | reward=-0.24
[2026-05-28 18:26:42] [BACKEND] [RAINSTORM_TEST] -> coverage=99.20% | broadcast=100.00% | remaining_budget=4.0 | Δcoverage=+0.00% | Δbroadcast=+0.00%
[2026-05-28 18:26:42] [BACKEND] [RAINSTORM_TEST] Step 19 | site#28 @(0, 5) cell-0-5 | device=Ka 卫星应急终端(ka_satellite_terminal) | comm=Satellite_Ka | broadcast=satellite_broadcast | reward=-0.19
[2026-05-28 18:26:42] [BACKEND] [RAINSTORM_TEST] -> coverage=99.66% | broadcast=100.00% | remaining_budget=3.0 | Δcoverage=+0.46% | Δbroadcast=+0.00%
[2026-05-28 18:26:42] [BACKEND] [RAINSTORM_TEST] Step 20 | site#5 @(5, 0) cell-5-0 | device=Ka 卫星应急终端(ka_satellite_terminal) | comm=Satellite_Ka | broadcast=satellite_broadcast | reward=-0.25
[2026-05-28 18:26:42] [BACKEND] [RAINSTORM_TEST] -> coverage=99.86% | broadcast=100.00% | remaining_budget=2.0 | Δcoverage=+0.20% | Δbroadcast=+0.00%
[2026-05-28 18:26:42] [BACKEND] [RAINSTORM_TEST] Step 21 | site#0 @(5, 11) cell-5-11 | device=Ka 卫星应急终端(ka_satellite_terminal) | comm=Satellite_Ka | broadcast=satellite_broadcast | reward=+1.02
[2026-05-28 18:26:42] [BACKEND] [RAINSTORM_TEST] -> coverage=99.97% | broadcast=100.00% | remaining_budget=1.0 | Δcoverage=+0.11% | Δbroadcast=+0.00%
[2026-05-28 18:26:42] [BACKEND] [RAINSTORM_TEST] 原始站点保留并参与恢复：96 个；恢复前 active=23 degraded=33 offline=40；部署后 active=87 degraded=4 offline=5，在线率 90.62%。
[2026-05-28 18:26:42] [BACKEND] [RAINSTORM_TEST] 恢复过程：64 个原始基站恢复在线，2 个离线基站恢复为降级可用。
[2026-05-28 18:26:42] [BACKEND] [RAINSTORM_TEST] 恢复原始基站：backpack 5G 700 MHz micro cell grid=(7, 8) degraded -> active | step=12。
[2026-05-28 18:26:42] [BACKEND] [RAINSTORM_TEST] 恢复原始基站：backpack 5G 700 MHz micro cell grid=(0, 5) degraded -> active | step=19。
[2026-05-28 18:26:42] [BACKEND] [RAINSTORM_TEST] 恢复原始基站：5G 700 MHz low-band macro cell grid=(5, 0) degraded -> active | step=7。
[2026-05-28 18:26:42] [BACKEND] [RAINSTORM_TEST] 恢复原始基站：command-vehicle shortwave radio grid=(3, 8) degraded -> active | step=14。
[2026-05-28 18:26:42] [BACKEND] [RAINSTORM_TEST] 恢复原始基站：command-vehicle shortwave radio grid=(1, 4) degraded -> active | step=18。
[2026-05-28 18:26:42] [BACKEND] [RAINSTORM_TEST] 恢复原始基站：field shortwave station grid=(3, 7) degraded -> active | step=11。
[2026-05-28 18:26:42] [BACKEND] [RAINSTORM_TEST] 还有 60 个原始基站恢复事件已写入部署后场景文件。
[2026-05-28 18:26:42] [BACKEND] [RAINSTORM_TEST] [Episode 1 完成] coverage=99.97% | broadcast=100.00% | connected=3499/3500 | reward=23.50 | steps=21 | reason=all_users_served
[2026-05-28 18:26:44] [RESULT] [RAINSTORM_TEST] avg_reward=23.499610878543095 avg_final_coverage=0.9997142857142857 replay_session_id=None
[2026-05-28 18:26:44] [RESULT] [RAINSTORM_TEST] report=1 initial_connected=None initial_users=3500 final_connected=None final_users=3500 final_coverage=0.9997142857142857
[2026-05-28 18:26:44] [RESULT_STEP] [RAINSTORM_TEST] report=1 step=1 action={} reward=3.2558152033058807 coverage=0.18885714285714286 connected=None/3500
[2026-05-28 18:26:44] [RESULT_STEP] [RAINSTORM_TEST] report=1 step=2 action={} reward=2.5871265467211626 coverage=0.2517142857142857 connected=None/3500
[2026-05-28 18:26:44] [RESULT_STEP] [RAINSTORM_TEST] report=1 step=3 action={} reward=1.857371649103305 coverage=0.31457142857142856 connected=None/3500
[2026-05-28 18:26:44] [RESULT_STEP] [RAINSTORM_TEST] report=1 step=4 action={} reward=1.766855200117824 coverage=0.37742857142857145 connected=None/3500
[2026-05-28 18:26:44] [RESULT_STEP] [RAINSTORM_TEST] report=1 step=5 action={} reward=1.5869602115135015 coverage=0.4402857142857143 connected=None/3500
[2026-05-28 18:26:44] [RESULT_STEP] [RAINSTORM_TEST] report=1 step=6 action={} reward=1.481736639031494 coverage=0.5031428571428571 connected=None/3500
[2026-05-28 18:26:44] [RESULT_STEP] [RAINSTORM_TEST] report=1 step=7 action={} reward=1.430826649157214 coverage=0.566 connected=None/3500
[2026-05-28 18:26:44] [RESULT_STEP] [RAINSTORM_TEST] report=1 step=8 action={} reward=1.42969379995946 coverage=0.6288571428571429 connected=None/3500
[2026-05-28 18:26:44] [RESULT_STEP] [RAINSTORM_TEST] report=1 step=9 action={} reward=1.4308173289087058 coverage=0.6917142857142857 connected=None/3500
[2026-05-28 18:26:44] [RESULT_STEP] [RAINSTORM_TEST] report=1 step=10 action={} reward=1.4296823122289346 coverage=0.7545714285714286 connected=None/3500
[2026-05-28 18:26:44] [RESULT_STEP] [RAINSTORM_TEST] report=1 step=11 action={} reward=1.4296808665327478 coverage=0.8174285714285714 connected=None/3500
[2026-05-28 18:26:44] [RESULT_STEP] [RAINSTORM_TEST] report=1 step=12 action={} reward=0.9940840929285535 coverage=0.8622857142857143 connected=None/3500
[2026-05-28 18:26:44] [RESULT_STEP] [RAINSTORM_TEST] report=1 step=13 action={} reward=1.2844867172120331 coverage=0.9191428571428572 connected=None/3500
[2026-05-28 18:26:44] [RESULT_STEP] [RAINSTORM_TEST] report=1 step=14 action={} reward=1.2360867368151998 coverage=0.974 connected=None/3500
[2026-05-28 18:26:44] [RESULT_STEP] [RAINSTORM_TEST] report=1 step=15 action={} reward=0.16437390809972302 coverage=0.9845714285714285 connected=None/3500
[2026-05-28 18:26:44] [RESULT_STEP] [RAINSTORM_TEST] report=1 step=16 action={} reward=-0.1936163972364089 coverage=0.9888571428571429 connected=None/3500
[2026-05-28 18:26:44] [RESULT_STEP] [RAINSTORM_TEST] report=1 step=17 action={} reward=-0.015380753577426614 coverage=0.992 connected=None/3500
[2026-05-28 18:26:44] [RESULT_STEP] [RAINSTORM_TEST] report=1 step=18 action={} reward=-0.24 coverage=0.992 connected=None/3500
[2026-05-28 18:26:44] [RESULT_STEP] [RAINSTORM_TEST] report=1 step=19 action={} reward=-0.18698295914953328 coverage=0.9965714285714286 connected=None/3500
[2026-05-28 18:26:44] [RESULT_STEP] [RAINSTORM_TEST] report=1 step=20 action={} reward=-0.24620735676926275 coverage=0.9985714285714286 connected=None/3500
[2026-05-28 18:26:44] [RESULT_STEP] [RAINSTORM_TEST] report=1 step=21 action={} reward=1.0162004836399792 coverage=0.9997142857142857 connected=None/3500
[2026-05-28 18:26:44] [STATUS] [RAINSTORM_TEST] state=completed
[2026-05-28 18:26:44] [END] [RAINSTORM_TEST] state=completed
