[2026-05-28 18:26:44] [ACTION] [DISASTER_IMPORT] POST /api/disaster-imports scenario=super_typhoon severity=level_4 session_sample_limit=100
[2026-05-28 18:26:44] [BACKEND] [DISASTER_IMPORT] import_id=imp_20260528_102644_fec6f4 status=ready users=3200 sampled_sessions=1000 stations_total=105 active=25 degraded=35 offline=45
[2026-05-28 18:26:44] [BACKEND] [DISASTER_IMPORT] detail import_id=imp_20260528_102644_fec6f4 scenario=特大台风/特别严重 grid=20x12 heatmap_cells=50 deployments=105
[2026-05-28 18:26:44] [BACKEND] [DISASTER_IMPORT_COMM] import_id=imp_20260528_102644_fec6f4 comm_type=cellular_5g_700mhz deployment_count=30
[2026-05-28 18:26:44] [BACKEND] [DISASTER_IMPORT_COMM] import_id=imp_20260528_102644_fec6f4 comm_type=satellite_ka deployment_count=10
[2026-05-28 18:26:44] [BACKEND] [DISASTER_IMPORT_COMM] import_id=imp_20260528_102644_fec6f4 comm_type=shortwave_hf deployment_count=9
[2026-05-28 18:26:44] [BACKEND] [DISASTER_IMPORT_COMM] import_id=imp_20260528_102644_fec6f4 comm_type=wifi6_mesh deployment_count=56
[2026-05-28 18:26:44] [BACKEND] [DISASTER_DEPLOYMENT] import_id=imp_20260528_102644_fec6f4 deployment_id=super_typhoon_level_4_cellular_5g_700mhz_backpack_micro_cell_cell_001 comm=cellular_5g_700mhz station_type=backpack_micro_cell status=offline grid=(5,7) downlink=0.074 radius_km=0.0 cell_users=0
[2026-05-28 18:26:44] [BACKEND] [DISASTER_DEPLOYMENT] import_id=imp_20260528_102644_fec6f4 deployment_id=super_typhoon_level_4_cellular_5g_700mhz_backpack_micro_cell_cell_002 comm=cellular_5g_700mhz station_type=backpack_micro_cell status=degraded grid=(9,9) downlink=2.629 radius_km=0.136 cell_users=7
[2026-05-28 18:26:44] [BACKEND] [DISASTER_DEPLOYMENT] import_id=imp_20260528_102644_fec6f4 deployment_id=super_typhoon_level_4_cellular_5g_700mhz_backpack_micro_cell_cell_003 comm=cellular_5g_700mhz station_type=backpack_micro_cell status=degraded grid=(8,4) downlink=2.746 radius_km=0.14 cell_users=8
[2026-05-28 18:26:44] [BACKEND] [DISASTER_DEPLOYMENT] import_id=imp_20260528_102644_fec6f4 deployment_id=super_typhoon_level_4_cellular_5g_700mhz_backpack_micro_cell_cell_004 comm=cellular_5g_700mhz station_type=backpack_micro_cell status=active grid=(2,9) downlink=4.209 radius_km=0.185 cell_users=10
[2026-05-28 18:26:44] [BACKEND] [DISASTER_DEPLOYMENT] import_id=imp_20260528_102644_fec6f4 deployment_id=super_typhoon_level_4_cellular_5g_700mhz_backpack_micro_cell_cell_005 comm=cellular_5g_700mhz station_type=backpack_micro_cell status=offline grid=(14,8) downlink=0.088 radius_km=0.0 cell_users=0
[2026-05-28 18:26:44] [BACKEND] [DISASTER_DEPLOYMENT] import_id=imp_20260528_102644_fec6f4 deployment_id=super_typhoon_level_4_cellular_5g_700mhz_backpack_micro_cell_cell_006 comm=cellular_5g_700mhz station_type=backpack_micro_cell status=offline grid=(2,4) downlink=0.091 radius_km=0.0 cell_users=0
[2026-05-28 18:26:44] [BACKEND] [DISASTER_DEPLOYMENT] import_id=imp_20260528_102644_fec6f4 deployment_id=super_typhoon_level_4_cellular_5g_700mhz_backpack_micro_cell_cell_007 comm=cellular_5g_700mhz station_type=backpack_micro_cell status=offline grid=(7,11) downlink=0.094 radius_km=0.0 cell_users=0
[2026-05-28 18:26:44] [BACKEND] [DISASTER_DEPLOYMENT] import_id=imp_20260528_102644_fec6f4 deployment_id=super_typhoon_level_4_cellular_5g_700mhz_backpack_micro_cell_cell_008 comm=cellular_5g_700mhz station_type=backpack_micro_cell status=degraded grid=(13,4) downlink=2.512 radius_km=0.14 cell_users=7
[2026-05-28 18:26:44] [BACKEND] [DISASTER_DEPLOYMENT] import_id=imp_20260528_102644_fec6f4 deployment_id=super_typhoon_level_4_cellular_5g_700mhz_backpack_micro_cell_cell_009 comm=cellular_5g_700mhz station_type=backpack_micro_cell status=offline grid=(0,7) downlink=0.077 radius_km=0.0 cell_users=0
[2026-05-28 18:26:44] [BACKEND] [DISASTER_DEPLOYMENT] import_id=imp_20260528_102644_fec6f4 deployment_id=super_typhoon_level_4_cellular_5g_700mhz_backpack_micro_cell_cell_010 comm=cellular_5g_700mhz station_type=backpack_micro_cell status=offline grid=(15,11) downlink=0.081 radius_km=0.0 cell_users=0
[2026-05-28 18:26:44] [BACKEND] [DISASTER_DEPLOYMENT] import_id=imp_20260528_102644_fec6f4 deployment_id=super_typhoon_level_4_cellular_5g_700mhz_backpack_micro_cell_cell_011 comm=cellular_5g_700mhz station_type=backpack_micro_cell status=offline grid=(7,1) downlink=0.084 radius_km=0.0 cell_users=0
[2026-05-28 18:26:44] [BACKEND] [DISASTER_DEPLOYMENT] import_id=imp_20260528_102644_fec6f4 deployment_id=super_typhoon_level_4_cellular_5g_700mhz_backpack_micro_cell_cell_012 comm=cellular_5g_700mhz station_type=backpack_micro_cell status=offline grid=(1,11) downlink=0.088 radius_km=0.0 cell_users=0
[2026-05-28 18:26:44] [BACKEND] [DISASTER_DEPLOYMENT] import_id=imp_20260528_102644_fec6f4 deployment_id=super_typhoon_level_4_cellular_5g_700mhz_low_band_macro_cell_cell_001 comm=cellular_5g_700mhz station_type=low_band_macro_cell status=degraded grid=(8,6) downlink=7.508 radius_km=0.49 cell_users=24
[2026-05-28 18:26:44] [BACKEND] [DISASTER_DEPLOYMENT] import_id=imp_20260528_102644_fec6f4 deployment_id=super_typhoon_level_4_cellular_5g_700mhz_low_band_macro_cell_cell_002 comm=cellular_5g_700mhz station_type=low_band_macro_cell status=degraded grid=(4,9) downlink=7.858 radius_km=0.506 cell_users=25
[2026-05-28 18:26:44] [BACKEND] [DISASTER_DEPLOYMENT] import_id=imp_20260528_102644_fec6f4 deployment_id=super_typhoon_level_4_cellular_5g_700mhz_low_band_macro_cell_cell_003 comm=cellular_5g_700mhz station_type=low_band_macro_cell status=degraded grid=(12,8) downlink=8.207 radius_km=0.522 cell_users=27
[2026-05-28 18:26:44] [BACKEND] [DISASTER_DEPLOYMENT] import_id=imp_20260528_102644_fec6f4 deployment_id=super_typhoon_level_4_cellular_5g_700mhz_low_band_macro_cell_cell_004 comm=cellular_5g_700mhz station_type=low_band_macro_cell status=degraded grid=(3,4) downlink=8.556 radius_km=0.538 cell_users=28
[2026-05-28 18:26:44] [BACKEND] [DISASTER_DEPLOYMENT] import_id=imp_20260528_102644_fec6f4 deployment_id=super_typhoon_level_4_cellular_5g_700mhz_low_band_macro_cell_cell_005 comm=cellular_5g_700mhz station_type=low_band_macro_cell status=degraded grid=(7,11) downlink=8.905 radius_km=0.554 cell_users=29
[2026-05-28 18:26:44] [BACKEND] [DISASTER_DEPLOYMENT] import_id=imp_20260528_102644_fec6f4 deployment_id=super_typhoon_level_4_cellular_5g_700mhz_low_band_macro_cell_cell_006 comm=cellular_5g_700mhz station_type=low_band_macro_cell status=offline grid=(13,4) downlink=0.272 radius_km=0.0 cell_users=0
[2026-05-28 18:26:44] [BACKEND] [DISASTER_DEPLOYMENT] import_id=imp_20260528_102644_fec6f4 deployment_id=super_typhoon_level_4_cellular_5g_700mhz_low_band_macro_cell_cell_007 comm=cellular_5g_700mhz station_type=low_band_macro_cell status=offline grid=(0,7) downlink=0.282 radius_km=0.0 cell_users=0
[2026-05-28 18:26:44] [BACKEND] [DISASTER_DEPLOYMENT] import_id=imp_20260528_102644_fec6f4 deployment_id=super_typhoon_level_4_cellular_5g_700mhz_low_band_macro_cell_cell_008 comm=cellular_5g_700mhz station_type=low_band_macro_cell status=offline grid=(15,11) downlink=0.221 radius_km=0.0 cell_users=0
[2026-05-28 18:26:44] [BACKEND] [DISASTER_DEPLOYMENT] import_id=imp_20260528_102644_fec6f4 deployment_id=super_typhoon_level_4_cellular_5g_700mhz_low_band_macro_cell_cell_009 comm=cellular_5g_700mhz station_type=low_band_macro_cell status=offline grid=(6,1) downlink=0.231 radius_km=0.0 cell_users=0
[2026-05-28 18:26:44] [BACKEND] [DISASTER_DEPLOYMENT] import_id=imp_20260528_102644_fec6f4 deployment_id=super_typhoon_level_4_cellular_5g_700mhz_low_band_macro_cell_cell_010 comm=cellular_5g_700mhz station_type=low_band_macro_cell status=active grid=(2,11) downlink=12.069 radius_km=0.71 cell_users=34
[2026-05-28 18:26:44] [BACKEND] [DISASTER_DEPLOYMENT] import_id=imp_20260528_102644_fec6f4 deployment_id=super_typhoon_level_4_cellular_5g_700mhz_temporary_macro_cell_cell_001 comm=cellular_5g_700mhz station_type=temporary_macro_cell status=offline grid=(6,6) downlink=0.184 radius_km=0.0 cell_users=0
[2026-05-28 18:26:44] [BACKEND] [DISASTER_DEPLOYMENT] import_id=imp_20260528_102644_fec6f4 deployment_id=super_typhoon_level_4_cellular_5g_700mhz_temporary_macro_cell_cell_002 comm=cellular_5g_700mhz station_type=temporary_macro_cell status=degraded grid=(7,10) downlink=6.561 radius_km=0.343 cell_users=21
[2026-05-28 18:26:44] [BACKEND] [DISASTER_DEPLOYMENT] import_id=imp_20260528_102644_fec6f4 deployment_id=super_typhoon_level_4_cellular_5g_700mhz_temporary_macro_cell_cell_003 comm=cellular_5g_700mhz station_type=temporary_macro_cell status=offline grid=(12,5) downlink=0.202 radius_km=0.0 cell_users=0
[2026-05-28 18:26:44] [BACKEND] [DISASTER_DEPLOYMENT] import_id=imp_20260528_102644_fec6f4 deployment_id=super_typhoon_level_4_cellular_5g_700mhz_temporary_macro_cell_cell_004 comm=cellular_5g_700mhz station_type=temporary_macro_cell status=offline grid=(0,7) downlink=0.21 radius_km=0.0 cell_users=0
[2026-05-28 18:26:44] [BACKEND] [DISASTER_DEPLOYMENT] import_id=imp_20260528_102644_fec6f4 deployment_id=super_typhoon_level_4_cellular_5g_700mhz_temporary_macro_cell_cell_005 comm=cellular_5g_700mhz station_type=temporary_macro_cell status=offline grid=(13,11) downlink=0.219 radius_km=0.0 cell_users=0
[2026-05-28 18:26:44] [BACKEND] [DISASTER_DEPLOYMENT] import_id=imp_20260528_102644_fec6f4 deployment_id=super_typhoon_level_4_cellular_5g_700mhz_temporary_macro_cell_cell_006 comm=cellular_5g_700mhz station_type=temporary_macro_cell status=offline grid=(7,2) downlink=0.227 radius_km=0.0 cell_users=0
[2026-05-28 18:26:44] [BACKEND] [DISASTER_DEPLOYMENT] import_id=imp_20260528_102644_fec6f4 deployment_id=super_typhoon_level_4_cellular_5g_700mhz_temporary_macro_cell_cell_007 comm=cellular_5g_700mhz station_type=temporary_macro_cell status=offline grid=(2,11) downlink=0.236 radius_km=0.0 cell_users=0
[2026-05-28 18:26:44] [BACKEND] [DISASTER_DEPLOYMENT] import_id=imp_20260528_102644_fec6f4 deployment_id=super_typhoon_level_4_cellular_5g_700mhz_temporary_macro_cell_cell_008 comm=cellular_5g_700mhz station_type=temporary_macro_cell status=degraded grid=(17,6) downlink=6.269 radius_km=0.354 cell_users=20
[2026-05-28 18:26:44] [BACKEND] [DISASTER_DEPLOYMENT] import_id=imp_20260528_102644_fec6f4 deployment_id=super_typhoon_level_4_satellite_ka_fixed_satellite_gateway_cell_001 comm=satellite_ka station_type=fixed_satellite_gateway status=active grid=(7,10) downlink=17.082 radius_km=4.715 cell_users=18
[2026-05-28 18:26:44] [BACKEND] [DISASTER_DEPLOYMENT] import_id=imp_20260528_102644_fec6f4 deployment_id=super_typhoon_level_4_satellite_ka_fixed_satellite_gateway_cell_002 comm=satellite_ka station_type=fixed_satellite_gateway status=active grid=(12,4) downlink=17.877 radius_km=4.869 cell_users=19
[2026-05-28 18:26:44] [BACKEND] [DISASTER_DEPLOYMENT] import_id=imp_20260528_102644_fec6f4 deployment_id=super_typhoon_level_4_satellite_ka_fixed_satellite_gateway_cell_003 comm=satellite_ka station_type=fixed_satellite_gateway status=offline grid=(0,8) downlink=0.373 radius_km=0.0 cell_users=0
[2026-05-28 18:26:44] [BACKEND] [DISASTER_DEPLOYMENT] import_id=imp_20260528_102644_fec6f4 deployment_id=super_typhoon_level_4_satellite_ka_fixed_satellite_gateway_cell_004 comm=satellite_ka station_type=fixed_satellite_gateway status=active grid=(16,11) downlink=19.465 radius_km=5.176 cell_users=21
[2026-05-28 18:26:44] [BACKEND] [DISASTER_DEPLOYMENT] import_id=imp_20260528_102644_fec6f4 deployment_id=super_typhoon_level_4_satellite_ka_vehicle_satellite_terminal_cell_001 comm=satellite_ka station_type=vehicle_satellite_terminal status=active grid=(7,9) downlink=9.737 radius_km=3.283 cell_users=12
[2026-05-28 18:26:44] [BACKEND] [DISASTER_DEPLOYMENT] import_id=imp_20260528_102644_fec6f4 deployment_id=super_typhoon_level_4_satellite_ka_vehicle_satellite_terminal_cell_002 comm=satellite_ka station_type=vehicle_satellite_terminal status=active grid=(12,6) downlink=10.19 radius_km=3.391 cell_users=12
[2026-05-28 18:26:44] [BACKEND] [DISASTER_DEPLOYMENT] import_id=imp_20260528_102644_fec6f4 deployment_id=super_typhoon_level_4_satellite_ka_vehicle_satellite_terminal_cell_003 comm=satellite_ka station_type=vehicle_satellite_terminal status=active grid=(1,6) downlink=10.643 radius_km=3.498 cell_users=13
[2026-05-28 18:26:44] [BACKEND] [DISASTER_DEPLOYMENT] import_id=imp_20260528_102644_fec6f4 deployment_id=super_typhoon_level_4_satellite_ka_vehicle_satellite_terminal_cell_004 comm=satellite_ka station_type=vehicle_satellite_terminal status=active grid=(12,11) downlink=11.096 radius_km=3.605 cell_users=13
[2026-05-28 18:26:44] [BACKEND] [DISASTER_DEPLOYMENT] import_id=imp_20260528_102644_fec6f4 deployment_id=super_typhoon_level_4_satellite_ka_vehicle_satellite_terminal_cell_005 comm=satellite_ka station_type=vehicle_satellite_terminal status=degraded grid=(9,2) downlink=7.853 radius_km=2.895 cell_users=11
[2026-05-28 18:26:44] [BACKEND] [DISASTER_DEPLOYMENT] import_id=imp_20260528_102644_fec6f4 deployment_id=super_typhoon_level_4_satellite_ka_vehicle_satellite_terminal_cell_006 comm=satellite_ka station_type=vehicle_satellite_terminal status=active grid=(0,11) downlink=12.002 radius_km=3.283 cell_users=14
[2026-05-28 18:26:44] [BACKEND] [DISASTER_DEPLOYMENT] import_id=imp_20260528_102644_fec6f4 deployment_id=super_typhoon_level_4_shortwave_hf_command_vehicle_radio_cell_001 comm=shortwave_hf station_type=command_vehicle_radio status=offline grid=(7,5) downlink=0.002 radius_km=0.0 cell_users=0
[2026-05-28 18:26:44] [BACKEND] [DISASTER_DEPLOYMENT] import_id=imp_20260528_102644_fec6f4 deployment_id=super_typhoon_level_4_shortwave_hf_command_vehicle_radio_cell_002 comm=shortwave_hf station_type=command_vehicle_radio status=degraded grid=(5,11) downlink=0.124 radius_km=13.883 cell_users=2
[2026-05-28 18:26:44] [BACKEND] [DISASTER_DEPLOYMENT] import_id=imp_20260528_102644_fec6f4 deployment_id=super_typhoon_level_4_shortwave_hf_command_vehicle_radio_cell_003 comm=shortwave_hf station_type=command_vehicle_radio status=degraded grid=(16,5) downlink=0.13 radius_km=14.322 cell_users=2
[2026-05-28 18:26:44] [BACKEND] [DISASTER_DEPLOYMENT] import_id=imp_20260528_102644_fec6f4 deployment_id=super_typhoon_level_4_shortwave_hf_command_vehicle_radio_cell_004 comm=shortwave_hf station_type=command_vehicle_radio status=offline grid=(0,5) downlink=0.003 radius_km=0.0 cell_users=0
[2026-05-28 18:26:44] [BACKEND] [DISASTER_DEPLOYMENT] import_id=imp_20260528_102644_fec6f4 deployment_id=super_typhoon_level_4_shortwave_hf_field_shortwave_station_cell_001 comm=shortwave_hf station_type=field_shortwave_station status=degraded grid=(8,5) downlink=0.052 radius_km=7.565 cell_users=1
[2026-05-28 18:26:44] [BACKEND] [DISASTER_DEPLOYMENT] import_id=imp_20260528_102644_fec6f4 deployment_id=super_typhoon_level_4_shortwave_hf_field_shortwave_station_cell_002 comm=shortwave_hf station_type=field_shortwave_station status=degraded grid=(2,9) downlink=0.054 radius_km=7.812 cell_users=1
[2026-05-28 18:26:44] [BACKEND] [DISASTER_DEPLOYMENT] import_id=imp_20260528_102644_fec6f4 deployment_id=super_typhoon_level_4_shortwave_hf_field_shortwave_station_cell_003 comm=shortwave_hf station_type=field_shortwave_station status=degraded grid=(15,8) downlink=0.056 radius_km=8.058 cell_users=1
[2026-05-28 18:26:44] [BACKEND] [DISASTER_DEPLOYMENT] import_id=imp_20260528_102644_fec6f4 deployment_id=super_typhoon_level_4_shortwave_hf_field_shortwave_station_cell_004 comm=shortwave_hf station_type=field_shortwave_station status=degraded grid=(2,3) downlink=0.059 radius_km=8.305 cell_users=1
[2026-05-28 18:26:44] [BACKEND] [DISASTER_DEPLOYMENT] import_id=imp_20260528_102644_fec6f4 deployment_id=super_typhoon_level_4_shortwave_hf_field_shortwave_station_cell_005 comm=shortwave_hf station_type=field_shortwave_station status=active grid=(7,11) downlink=0.09 radius_km=10.964 cell_users=2
[2026-05-28 18:26:44] [BACKEND] [DISASTER_DEPLOYMENT] import_id=imp_20260528_102644_fec6f4 deployment_id=super_typhoon_level_4_wifi6_mesh_portable_hotspot_cell_001 comm=wifi6_mesh station_type=portable_hotspot status=offline grid=(7,8) downlink=0.068 radius_km=0.0 cell_users=0
[2026-05-28 18:26:44] [BACKEND] [DISASTER_DEPLOYMENT] import_id=imp_20260528_102644_fec6f4 deployment_id=super_typhoon_level_4_wifi6_mesh_portable_hotspot_cell_002 comm=wifi6_mesh station_type=portable_hotspot status=active grid=(10,6) downlink=3.562 radius_km=0.055 cell_users=4
[2026-05-28 18:26:44] [BACKEND] [DISASTER_DEPLOYMENT] import_id=imp_20260528_102644_fec6f4 deployment_id=super_typhoon_level_4_wifi6_mesh_portable_hotspot_cell_003 comm=wifi6_mesh station_type=portable_hotspot status=degraded grid=(3,7) downlink=2.529 radius_km=0.044 cell_users=3
[2026-05-28 18:26:44] [BACKEND] [DISASTER_DEPLOYMENT] import_id=imp_20260528_102644_fec6f4 deployment_id=super_typhoon_level_4_wifi6_mesh_portable_hotspot_cell_004 comm=wifi6_mesh station_type=portable_hotspot status=offline grid=(11,9) downlink=0.077 radius_km=0.0 cell_users=0
[2026-05-28 18:26:44] [BACKEND] [DISASTER_DEPLOYMENT] import_id=imp_20260528_102644_fec6f4 deployment_id=super_typhoon_level_4_wifi6_mesh_portable_hotspot_cell_005 comm=wifi6_mesh station_type=portable_hotspot status=offline grid=(7,4) downlink=0.081 radius_km=0.0 cell_users=0
[2026-05-28 18:26:44] [BACKEND] [DISASTER_DEPLOYMENT] import_id=imp_20260528_102644_fec6f4 deployment_id=super_typhoon_level_4_wifi6_mesh_portable_hotspot_cell_006 comm=wifi6_mesh station_type=portable_hotspot status=active grid=(4,10) downlink=4.194 radius_km=0.053 cell_users=5
[2026-05-28 18:26:44] [BACKEND] [DISASTER_DEPLOYMENT] import_id=imp_20260528_102644_fec6f4 deployment_id=super_typhoon_level_4_wifi6_mesh_portable_hotspot_cell_007 comm=wifi6_mesh station_type=portable_hotspot status=active grid=(13,6) downlink=4.353 radius_km=0.055 cell_users=5
[2026-05-28 18:26:44] [BACKEND] [DISASTER_DEPLOYMENT] import_id=imp_20260528_102644_fec6f4 deployment_id=super_typhoon_level_4_wifi6_mesh_portable_hotspot_cell_008 comm=wifi6_mesh station_type=portable_hotspot status=active grid=(2,5) downlink=3.403 radius_km=0.057 cell_users=4
[2026-05-28 18:26:44] [BACKEND] [DISASTER_DEPLOYMENT] import_id=imp_20260528_102644_fec6f4 deployment_id=super_typhoon_level_4_wifi6_mesh_portable_hotspot_cell_009 comm=wifi6_mesh station_type=portable_hotspot status=active grid=(10,11) downlink=3.562 radius_km=0.059 cell_users=4
[2026-05-28 18:26:44] [BACKEND] [DISASTER_DEPLOYMENT] import_id=imp_20260528_102644_fec6f4 deployment_id=super_typhoon_level_4_wifi6_mesh_portable_hotspot_cell_010 comm=wifi6_mesh station_type=portable_hotspot status=offline grid=(11,3) downlink=0.074 radius_km=0.0 cell_users=0
[2026-05-28 18:26:44] [BACKEND] [DISASTER_DEPLOYMENT] import_id=imp_20260528_102644_fec6f4 deployment_id=super_typhoon_level_4_wifi6_mesh_portable_hotspot_cell_011 comm=wifi6_mesh station_type=portable_hotspot status=degraded grid=(0,9) downlink=2.637 radius_km=0.042 cell_users=3
[2026-05-28 18:26:44] [BACKEND] [DISASTER_DEPLOYMENT] import_id=imp_20260528_102644_fec6f4 deployment_id=super_typhoon_level_4_wifi6_mesh_portable_hotspot_cell_012 comm=wifi6_mesh station_type=portable_hotspot status=degraded grid=(15,9) downlink=2.745 radius_km=0.043 cell_users=3
[2026-05-28 18:26:44] [BACKEND] [DISASTER_DEPLOYMENT] import_id=imp_20260528_102644_fec6f4 deployment_id=super_typhoon_level_4_wifi6_mesh_portable_hotspot_cell_013 comm=wifi6_mesh station_type=portable_hotspot status=active grid=(3,3) downlink=4.194 radius_km=0.057 cell_users=5
[2026-05-28 18:26:44] [BACKEND] [DISASTER_DEPLOYMENT] import_id=imp_20260528_102644_fec6f4 deployment_id=super_typhoon_level_4_wifi6_mesh_portable_hotspot_cell_014 comm=wifi6_mesh station_type=portable_hotspot status=offline grid=(5,11) downlink=0.087 radius_km=0.0 cell_users=0
[2026-05-28 18:26:44] [BACKEND] [DISASTER_DEPLOYMENT] import_id=imp_20260528_102644_fec6f4 deployment_id=super_typhoon_level_4_wifi6_mesh_portable_hotspot_cell_015 comm=wifi6_mesh station_type=portable_hotspot status=offline grid=(15,4) downlink=0.068 radius_km=0.0 cell_users=0
[2026-05-28 18:26:44] [BACKEND] [DISASTER_DEPLOYMENT] import_id=imp_20260528_102644_fec6f4 deployment_id=super_typhoon_level_4_wifi6_mesh_portable_hotspot_cell_016 comm=wifi6_mesh station_type=portable_hotspot status=offline grid=(0,6) downlink=0.071 radius_km=0.0 cell_users=0
[2026-05-28 18:26:44] [BACKEND] [DISASTER_DEPLOYMENT] import_id=imp_20260528_102644_fec6f4 deployment_id=super_typhoon_level_4_wifi6_mesh_portable_hotspot_cell_017 comm=wifi6_mesh station_type=portable_hotspot status=active grid=(13,11) downlink=3.72 radius_km=0.055 cell_users=4
[2026-05-28 18:26:44] [BACKEND] [DISASTER_DEPLOYMENT] import_id=imp_20260528_102644_fec6f4 deployment_id=super_typhoon_level_4_wifi6_mesh_portable_hotspot_cell_018 comm=wifi6_mesh station_type=portable_hotspot status=offline grid=(8,1) downlink=0.077 radius_km=0.0 cell_users=0
[2026-05-28 18:26:44] [BACKEND] [DISASTER_DEPLOYMENT] import_id=imp_20260528_102644_fec6f4 deployment_id=super_typhoon_level_4_wifi6_mesh_portable_hotspot_cell_019 comm=wifi6_mesh station_type=portable_hotspot status=degraded grid=(0,11) downlink=2.745 radius_km=0.046 cell_users=3
[2026-05-28 18:26:44] [BACKEND] [DISASTER_DEPLOYMENT] import_id=imp_20260528_102644_fec6f4 deployment_id=super_typhoon_level_4_wifi6_mesh_portable_hotspot_cell_020 comm=wifi6_mesh station_type=portable_hotspot status=degraded grid=(18,7) downlink=2.852 radius_km=0.047 cell_users=4
[2026-05-28 18:26:44] [BACKEND] [DISASTER_DEPLOYMENT] import_id=imp_20260528_102644_fec6f4 deployment_id=super_typhoon_level_4_wifi6_mesh_shelter_mesh_node_cell_001 comm=wifi6_mesh station_type=shelter_mesh_node status=offline grid=(9,7) downlink=0.136 radius_km=0.0 cell_users=0
[2026-05-28 18:26:44] [BACKEND] [DISASTER_DEPLOYMENT] import_id=imp_20260528_102644_fec6f4 deployment_id=super_typhoon_level_4_wifi6_mesh_shelter_mesh_node_cell_002 comm=wifi6_mesh station_type=shelter_mesh_node status=degraded grid=(6,6) downlink=4.832 radius_km=0.063 cell_users=6
[2026-05-28 18:26:44] [BACKEND] [DISASTER_DEPLOYMENT] import_id=imp_20260528_102644_fec6f4 deployment_id=super_typhoon_level_4_wifi6_mesh_shelter_mesh_node_cell_003 comm=wifi6_mesh station_type=shelter_mesh_node status=offline grid=(7,9) downlink=0.149 radius_km=0.0 cell_users=0
[2026-05-28 18:26:44] [BACKEND] [DISASTER_DEPLOYMENT] import_id=imp_20260528_102644_fec6f4 deployment_id=super_typhoon_level_4_wifi6_mesh_shelter_mesh_node_cell_004 comm=wifi6_mesh station_type=shelter_mesh_node status=offline grid=(10,5) downlink=0.155 radius_km=0.0 cell_users=0
[2026-05-28 18:26:44] [BACKEND] [DISASTER_DEPLOYMENT] import_id=imp_20260528_102644_fec6f4 deployment_id=super_typhoon_level_4_wifi6_mesh_shelter_mesh_node_cell_005 comm=wifi6_mesh station_type=shelter_mesh_node status=degraded grid=(2,8) downlink=5.477 radius_km=0.069 cell_users=7
[2026-05-28 18:26:44] [BACKEND] [DISASTER_DEPLOYMENT] import_id=imp_20260528_102644_fec6f4 deployment_id=super_typhoon_level_4_wifi6_mesh_shelter_mesh_node_cell_006 comm=wifi6_mesh station_type=shelter_mesh_node status=active grid=(12,9) downlink=8.37 radius_km=0.078 cell_users=9
[2026-05-28 18:26:44] [BACKEND] [DISASTER_DEPLOYMENT] import_id=imp_20260528_102644_fec6f4 deployment_id=super_typhoon_level_4_wifi6_mesh_shelter_mesh_node_cell_007 comm=wifi6_mesh station_type=shelter_mesh_node status=offline grid=(7,4) downlink=0.174 radius_km=0.0 cell_users=0
[2026-05-28 18:26:44] [BACKEND] [DISASTER_DEPLOYMENT] import_id=imp_20260528_102644_fec6f4 deployment_id=super_typhoon_level_4_wifi6_mesh_shelter_mesh_node_cell_008 comm=wifi6_mesh station_type=shelter_mesh_node status=offline grid=(4,10) downlink=0.136 radius_km=0.0 cell_users=0
[2026-05-28 18:26:44] [BACKEND] [DISASTER_DEPLOYMENT] import_id=imp_20260528_102644_fec6f4 deployment_id=super_typhoon_level_4_wifi6_mesh_shelter_mesh_node_cell_009 comm=wifi6_mesh station_type=shelter_mesh_node status=offline grid=(13,6) downlink=0.142 radius_km=0.0 cell_users=0
[2026-05-28 18:26:44] [BACKEND] [DISASTER_DEPLOYMENT] import_id=imp_20260528_102644_fec6f4 deployment_id=super_typhoon_level_4_wifi6_mesh_shelter_mesh_node_cell_010 comm=wifi6_mesh station_type=shelter_mesh_node status=offline grid=(2,6) downlink=0.149 radius_km=0.0 cell_users=0
[2026-05-28 18:26:44] [BACKEND] [DISASTER_DEPLOYMENT] import_id=imp_20260528_102644_fec6f4 deployment_id=super_typhoon_level_4_wifi6_mesh_shelter_mesh_node_cell_011 comm=wifi6_mesh station_type=shelter_mesh_node status=offline grid=(10,11) downlink=0.155 radius_km=0.0 cell_users=0
[2026-05-28 18:26:44] [BACKEND] [DISASTER_DEPLOYMENT] import_id=imp_20260528_102644_fec6f4 deployment_id=super_typhoon_level_4_wifi6_mesh_shelter_mesh_node_cell_012 comm=wifi6_mesh station_type=shelter_mesh_node status=offline grid=(10,3) downlink=0.161 radius_km=0.0 cell_users=0
[2026-05-28 18:26:44] [BACKEND] [DISASTER_DEPLOYMENT] import_id=imp_20260528_102644_fec6f4 deployment_id=super_typhoon_level_4_wifi6_mesh_shelter_mesh_node_cell_013 comm=wifi6_mesh station_type=shelter_mesh_node status=active grid=(1,9) downlink=8.37 radius_km=0.083 cell_users=9
[2026-05-28 18:26:44] [BACKEND] [DISASTER_DEPLOYMENT] import_id=imp_20260528_102644_fec6f4 deployment_id=super_typhoon_level_4_wifi6_mesh_shelter_mesh_node_cell_014 comm=wifi6_mesh station_type=shelter_mesh_node status=degraded grid=(15,8) downlink=5.906 radius_km=0.067 cell_users=7
[2026-05-28 18:26:44] [BACKEND] [DISASTER_DEPLOYMENT] import_id=imp_20260528_102644_fec6f4 deployment_id=super_typhoon_level_4_wifi6_mesh_shelter_mesh_node_cell_015 comm=wifi6_mesh station_type=shelter_mesh_node status=degraded grid=(3,3) downlink=4.618 radius_km=0.069 cell_users=6
[2026-05-28 18:26:44] [BACKEND] [DISASTER_DEPLOYMENT] import_id=imp_20260528_102644_fec6f4 deployment_id=super_typhoon_level_4_wifi6_mesh_shelter_mesh_node_cell_016 comm=wifi6_mesh station_type=shelter_mesh_node status=degraded grid=(6,11) downlink=4.832 radius_km=0.061 cell_users=6
[2026-05-28 18:26:44] [BACKEND] [DISASTER_DEPLOYMENT] import_id=imp_20260528_102644_fec6f4 deployment_id=super_typhoon_level_4_wifi6_mesh_shelter_mesh_node_cell_017 comm=wifi6_mesh station_type=shelter_mesh_node status=offline grid=(15,4) downlink=0.149 radius_km=0.0 cell_users=0
[2026-05-28 18:26:44] [BACKEND] [DISASTER_DEPLOYMENT] import_id=imp_20260528_102644_fec6f4 deployment_id=super_typhoon_level_4_wifi6_mesh_shelter_mesh_node_cell_018 comm=wifi6_mesh station_type=shelter_mesh_node status=degraded grid=(0,7) downlink=5.262 radius_km=0.065 cell_users=6
[2026-05-28 18:26:44] [BACKEND] [DISASTER_DEPLOYMENT] import_id=imp_20260528_102644_fec6f4 deployment_id=super_typhoon_level_4_wifi6_mesh_shelter_mesh_node_cell_019 comm=wifi6_mesh station_type=shelter_mesh_node status=offline grid=(14,11) downlink=0.161 radius_km=0.0 cell_users=0
[2026-05-28 18:26:44] [BACKEND] [DISASTER_DEPLOYMENT] import_id=imp_20260528_102644_fec6f4 deployment_id=super_typhoon_level_4_wifi6_mesh_shelter_mesh_node_cell_020 comm=wifi6_mesh station_type=shelter_mesh_node status=offline grid=(7,1) downlink=0.167 radius_km=0.0 cell_users=0
[2026-05-28 18:26:44] [BACKEND] [DISASTER_DEPLOYMENT] import_id=imp_20260528_102644_fec6f4 deployment_id=super_typhoon_level_4_wifi6_mesh_shelter_mesh_node_cell_021 comm=wifi6_mesh station_type=shelter_mesh_node status=offline grid=(1,11) downlink=0.174 radius_km=0.0 cell_users=0
[2026-05-28 18:26:44] [BACKEND] [DISASTER_DEPLOYMENT] import_id=imp_20260528_102644_fec6f4 deployment_id=super_typhoon_level_4_wifi6_mesh_shelter_mesh_node_cell_022 comm=wifi6_mesh station_type=shelter_mesh_node status=offline grid=(17,7) downlink=0.136 radius_km=0.0 cell_users=0
[2026-05-28 18:26:44] [BACKEND] [DISASTER_DEPLOYMENT] import_id=imp_20260528_102644_fec6f4 deployment_id=super_typhoon_level_4_wifi6_mesh_shelter_mesh_node_cell_023 comm=wifi6_mesh station_type=shelter_mesh_node status=active grid=(0,3) downlink=7.106 radius_km=0.083 cell_users=8
[2026-05-28 18:26:44] [BACKEND] [DISASTER_DEPLOYMENT] import_id=imp_20260528_102644_fec6f4 deployment_id=super_typhoon_level_4_wifi6_mesh_shelter_mesh_node_cell_024 comm=wifi6_mesh station_type=shelter_mesh_node status=degraded grid=(9,11) downlink=5.047 radius_km=0.067 cell_users=6
[2026-05-28 18:26:44] [BACKEND] [DISASTER_DEPLOYMENT] import_id=imp_20260528_102644_fec6f4 deployment_id=super_typhoon_level_4_wifi6_mesh_vehicle_wifi_node_cell_001 comm=wifi6_mesh station_type=vehicle_wifi_node status=degraded grid=(9,8) downlink=3.291 radius_km=0.085 cell_users=4
[2026-05-28 18:26:44] [BACKEND] [DISASTER_DEPLOYMENT] import_id=imp_20260528_102644_fec6f4 deployment_id=super_typhoon_level_4_wifi6_mesh_vehicle_wifi_node_cell_002 comm=wifi6_mesh station_type=vehicle_wifi_node status=degraded grid=(7,5) downlink=3.444 radius_km=0.088 cell_users=4
[2026-05-28 18:26:44] [BACKEND] [DISASTER_DEPLOYMENT] import_id=imp_20260528_102644_fec6f4 deployment_id=super_typhoon_level_4_wifi6_mesh_vehicle_wifi_node_cell_003 comm=wifi6_mesh station_type=vehicle_wifi_node status=active grid=(4,10) downlink=5.29 radius_km=0.117 cell_users=6
[2026-05-28 18:26:44] [BACKEND] [DISASTER_DEPLOYMENT] import_id=imp_20260528_102644_fec6f4 deployment_id=super_typhoon_level_4_wifi6_mesh_vehicle_wifi_node_cell_004 comm=wifi6_mesh station_type=vehicle_wifi_node status=degraded grid=(13,7) downlink=3.75 radius_km=0.094 cell_users=5
[2026-05-28 18:26:44] [BACKEND] [DISASTER_DEPLOYMENT] import_id=imp_20260528_102644_fec6f4 deployment_id=super_typhoon_level_4_wifi6_mesh_vehicle_wifi_node_cell_005 comm=wifi6_mesh station_type=vehicle_wifi_node status=active grid=(2,5) downlink=5.74 radius_km=0.124 cell_users=7
[2026-05-28 18:26:44] [BACKEND] [DISASTER_DEPLOYMENT] import_id=imp_20260528_102644_fec6f4 deployment_id=super_typhoon_level_4_wifi6_mesh_vehicle_wifi_node_cell_006 comm=wifi6_mesh station_type=vehicle_wifi_node status=degraded grid=(9,11) downlink=4.056 radius_km=0.085 cell_users=5
[2026-05-28 18:26:44] [BACKEND] [DISASTER_DEPLOYMENT] import_id=imp_20260528_102644_fec6f4 deployment_id=super_typhoon_level_4_wifi6_mesh_vehicle_wifi_node_cell_007 comm=wifi6_mesh station_type=vehicle_wifi_node status=offline grid=(12,3) downlink=0.124 radius_km=0.0 cell_users=0
[2026-05-28 18:26:44] [BACKEND] [DISASTER_DEPLOYMENT] import_id=imp_20260528_102644_fec6f4 deployment_id=super_typhoon_level_4_wifi6_mesh_vehicle_wifi_node_cell_008 comm=wifi6_mesh station_type=vehicle_wifi_node status=degraded grid=(0,9) downlink=3.291 radius_km=0.091 cell_users=4
[2026-05-28 18:26:44] [BACKEND] [DISASTER_DEPLOYMENT] import_id=imp_20260528_102644_fec6f4 deployment_id=super_typhoon_level_4_wifi6_mesh_vehicle_wifi_node_cell_009 comm=wifi6_mesh station_type=vehicle_wifi_node status=offline grid=(16,9) downlink=0.101 radius_km=0.0 cell_users=0
[2026-05-28 18:26:44] [BACKEND] [DISASTER_DEPLOYMENT] import_id=imp_20260528_102644_fec6f4 deployment_id=super_typhoon_level_4_wifi6_mesh_vehicle_wifi_node_cell_010 comm=wifi6_mesh station_type=vehicle_wifi_node status=active grid=(3,2) downlink=5.29 radius_km=0.124 cell_users=6
[2026-05-28 18:26:44] [BACKEND] [DISASTER_DEPLOYMENT] import_id=imp_20260528_102644_fec6f4 deployment_id=super_typhoon_level_4_wifi6_mesh_vehicle_wifi_node_cell_011 comm=wifi6_mesh station_type=vehicle_wifi_node status=degraded grid=(4,11) downlink=3.75 radius_km=0.085 cell_users=5
[2026-05-28 18:26:44] [BACKEND] [DISASTER_DEPLOYMENT] import_id=imp_20260528_102644_fec6f4 deployment_id=super_typhoon_level_4_wifi6_mesh_vehicle_wifi_node_cell_012 comm=wifi6_mesh station_type=vehicle_wifi_node status=active grid=(17,4) downlink=5.74 radius_km=0.113 cell_users=7
[2026-05-28 18:26:44] [BACKEND] [DISASTER_HEATMAP] import_id=imp_20260528_102644_fec6f4 grid=(0,3) users=8 demand=None connected=None broadcast=None
[2026-05-28 18:26:44] [BACKEND] [DISASTER_HEATMAP] import_id=imp_20260528_102644_fec6f4 grid=(0,7) users=6 demand=None connected=None broadcast=None
[2026-05-28 18:26:44] [BACKEND] [DISASTER_HEATMAP] import_id=imp_20260528_102644_fec6f4 grid=(0,9) users=7 demand=None connected=None broadcast=None
[2026-05-28 18:26:44] [BACKEND] [DISASTER_HEATMAP] import_id=imp_20260528_102644_fec6f4 grid=(0,11) users=17 demand=None connected=None broadcast=None
[2026-05-28 18:26:44] [BACKEND] [DISASTER_HEATMAP] import_id=imp_20260528_102644_fec6f4 grid=(1,6) users=13 demand=None connected=None broadcast=None
[2026-05-28 18:26:44] [BACKEND] [DISASTER_HEATMAP] import_id=imp_20260528_102644_fec6f4 grid=(1,9) users=9 demand=None connected=None broadcast=None
[2026-05-28 18:26:44] [BACKEND] [DISASTER_HEATMAP] import_id=imp_20260528_102644_fec6f4 grid=(2,3) users=1 demand=None connected=None broadcast=None
[2026-05-28 18:26:44] [BACKEND] [DISASTER_HEATMAP] import_id=imp_20260528_102644_fec6f4 grid=(2,5) users=11 demand=None connected=None broadcast=None
[2026-05-28 18:26:44] [BACKEND] [DISASTER_HEATMAP] import_id=imp_20260528_102644_fec6f4 grid=(2,8) users=7 demand=None connected=None broadcast=None
[2026-05-28 18:26:44] [BACKEND] [DISASTER_HEATMAP] import_id=imp_20260528_102644_fec6f4 grid=(2,9) users=11 demand=None connected=None broadcast=None
[2026-05-28 18:26:44] [BACKEND] [DISASTER_HEATMAP] import_id=imp_20260528_102644_fec6f4 grid=(2,11) users=34 demand=None connected=None broadcast=None
[2026-05-28 18:26:44] [BACKEND] [DISASTER_HEATMAP] import_id=imp_20260528_102644_fec6f4 grid=(3,2) users=6 demand=None connected=None broadcast=None
[2026-05-28 18:26:44] [BACKEND] [DISASTER_HEATMAP] import_id=imp_20260528_102644_fec6f4 grid=(3,3) users=11 demand=None connected=None broadcast=None
[2026-05-28 18:26:44] [BACKEND] [DISASTER_HEATMAP] import_id=imp_20260528_102644_fec6f4 grid=(3,4) users=28 demand=None connected=None broadcast=None
[2026-05-28 18:26:44] [BACKEND] [DISASTER_HEATMAP] import_id=imp_20260528_102644_fec6f4 grid=(3,7) users=3 demand=None connected=None broadcast=None
[2026-05-28 18:26:44] [BACKEND] [DISASTER_HEATMAP] import_id=imp_20260528_102644_fec6f4 grid=(4,9) users=25 demand=None connected=None broadcast=None
[2026-05-28 18:26:44] [BACKEND] [DISASTER_HEATMAP] import_id=imp_20260528_102644_fec6f4 grid=(4,10) users=11 demand=None connected=None broadcast=None
[2026-05-28 18:26:44] [BACKEND] [DISASTER_HEATMAP] import_id=imp_20260528_102644_fec6f4 grid=(4,11) users=5 demand=None connected=None broadcast=None
[2026-05-28 18:26:44] [BACKEND] [DISASTER_HEATMAP] import_id=imp_20260528_102644_fec6f4 grid=(5,11) users=2 demand=None connected=None broadcast=None
[2026-05-28 18:26:44] [BACKEND] [DISASTER_HEATMAP] import_id=imp_20260528_102644_fec6f4 grid=(6,6) users=6 demand=None connected=None broadcast=None
[2026-05-28 18:26:44] [BACKEND] [DISASTER_HEATMAP] import_id=imp_20260528_102644_fec6f4 grid=(6,11) users=6 demand=None connected=None broadcast=None
[2026-05-28 18:26:44] [BACKEND] [DISASTER_HEATMAP] import_id=imp_20260528_102644_fec6f4 grid=(7,5) users=4 demand=None connected=None broadcast=None
[2026-05-28 18:26:44] [BACKEND] [DISASTER_HEATMAP] import_id=imp_20260528_102644_fec6f4 grid=(7,9) users=12 demand=None connected=None broadcast=None
[2026-05-28 18:26:44] [BACKEND] [DISASTER_HEATMAP] import_id=imp_20260528_102644_fec6f4 grid=(7,10) users=39 demand=None connected=None broadcast=None
[2026-05-28 18:26:44] [BACKEND] [DISASTER_HEATMAP] import_id=imp_20260528_102644_fec6f4 grid=(7,11) users=31 demand=None connected=None broadcast=None
[2026-05-28 18:26:44] [BACKEND] [DISASTER_HEATMAP] import_id=imp_20260528_102644_fec6f4 grid=(8,4) users=8 demand=None connected=None broadcast=None
[2026-05-28 18:26:44] [BACKEND] [DISASTER_HEATMAP] import_id=imp_20260528_102644_fec6f4 grid=(8,5) users=1 demand=None connected=None broadcast=None
[2026-05-28 18:26:44] [BACKEND] [DISASTER_HEATMAP] import_id=imp_20260528_102644_fec6f4 grid=(8,6) users=24 demand=None connected=None broadcast=None
[2026-05-28 18:26:44] [BACKEND] [DISASTER_HEATMAP] import_id=imp_20260528_102644_fec6f4 grid=(9,2) users=11 demand=None connected=None broadcast=None
[2026-05-28 18:26:44] [BACKEND] [DISASTER_HEATMAP] import_id=imp_20260528_102644_fec6f4 grid=(9,8) users=4 demand=None connected=None broadcast=None
[2026-05-28 18:26:44] [BACKEND] [DISASTER_HEATMAP] import_id=imp_20260528_102644_fec6f4 grid=(9,9) users=7 demand=None connected=None broadcast=None
[2026-05-28 18:26:44] [BACKEND] [DISASTER_HEATMAP] import_id=imp_20260528_102644_fec6f4 grid=(9,11) users=11 demand=None connected=None broadcast=None
[2026-05-28 18:26:44] [BACKEND] [DISASTER_HEATMAP] import_id=imp_20260528_102644_fec6f4 grid=(10,6) users=4 demand=None connected=None broadcast=None
[2026-05-28 18:26:44] [BACKEND] [DISASTER_HEATMAP] import_id=imp_20260528_102644_fec6f4 grid=(10,11) users=4 demand=None connected=None broadcast=None
[2026-05-28 18:26:44] [BACKEND] [DISASTER_HEATMAP] import_id=imp_20260528_102644_fec6f4 grid=(12,4) users=19 demand=None connected=None broadcast=None
[2026-05-28 18:26:44] [BACKEND] [DISASTER_HEATMAP] import_id=imp_20260528_102644_fec6f4 grid=(12,6) users=12 demand=None connected=None broadcast=None
[2026-05-28 18:26:44] [BACKEND] [DISASTER_HEATMAP] import_id=imp_20260528_102644_fec6f4 grid=(12,8) users=27 demand=None connected=None broadcast=None
[2026-05-28 18:26:44] [BACKEND] [DISASTER_HEATMAP] import_id=imp_20260528_102644_fec6f4 grid=(12,9) users=9 demand=None connected=None broadcast=None
[2026-05-28 18:26:44] [BACKEND] [DISASTER_HEATMAP] import_id=imp_20260528_102644_fec6f4 grid=(12,11) users=13 demand=None connected=None broadcast=None
[2026-05-28 18:26:44] [BACKEND] [DISASTER_HEATMAP] import_id=imp_20260528_102644_fec6f4 grid=(13,4) users=7 demand=None connected=None broadcast=None
[2026-05-28 18:26:44] [BACKEND] [DISASTER_HEATMAP] import_id=imp_20260528_102644_fec6f4 grid=(13,6) users=5 demand=None connected=None broadcast=None
[2026-05-28 18:26:44] [BACKEND] [DISASTER_HEATMAP] import_id=imp_20260528_102644_fec6f4 grid=(13,7) users=5 demand=None connected=None broadcast=None
[2026-05-28 18:26:44] [BACKEND] [DISASTER_HEATMAP] import_id=imp_20260528_102644_fec6f4 grid=(13,11) users=4 demand=None connected=None broadcast=None
[2026-05-28 18:26:44] [BACKEND] [DISASTER_HEATMAP] import_id=imp_20260528_102644_fec6f4 grid=(15,8) users=8 demand=None connected=None broadcast=None
[2026-05-28 18:26:44] [BACKEND] [DISASTER_HEATMAP] import_id=imp_20260528_102644_fec6f4 grid=(15,9) users=3 demand=None connected=None broadcast=None
[2026-05-28 18:26:44] [BACKEND] [DISASTER_HEATMAP] import_id=imp_20260528_102644_fec6f4 grid=(16,5) users=2 demand=None connected=None broadcast=None
[2026-05-28 18:26:44] [BACKEND] [DISASTER_HEATMAP] import_id=imp_20260528_102644_fec6f4 grid=(16,11) users=21 demand=None connected=None broadcast=None
[2026-05-28 18:26:44] [BACKEND] [DISASTER_HEATMAP] import_id=imp_20260528_102644_fec6f4 grid=(17,4) users=7 demand=None connected=None broadcast=None
[2026-05-28 18:26:44] [BACKEND] [DISASTER_HEATMAP] import_id=imp_20260528_102644_fec6f4 grid=(17,6) users=20 demand=None connected=None broadcast=None
[2026-05-28 18:26:44] [BACKEND] [DISASTER_HEATMAP] import_id=imp_20260528_102644_fec6f4 grid=(18,7) users=4 demand=None connected=None broadcast=None
[2026-05-28 18:26:44] [ACTION] [TYPHOON_TEST] POST /api/simulate/stream scenario=super_typhoon__level_4 algorithm=mppo checkpoint=artifacts/runs/mppo_super_typhoon__level_4_2589cdfbe11a4973a9e2e910979333f5/mppo_policy.pt import_id=imp_20260528_102644_fec6f4 episodes=1 seed=41 custom_base_stations=4
[2026-05-28 18:26:44] [STATUS] [TYPHOON_TEST] state=initializing
[2026-05-28 18:26:44] [BACKEND] [TYPHOON_TEST] 开始加载场景 super_typhoon__level_4。
[2026-05-28 18:26:44] [BACKEND] [TYPHOON_TEST] 灾害数据来源 import_id=imp_20260528_102644_fec6f4。
[2026-05-28 18:26:44] [BACKEND] [TYPHOON_TEST] 加载模型 artifacts/runs/mppo_super_typhoon__level_4_2589cdfbe11a4973a9e2e910979333f5/mppo_policy.pt，算法=mppo，协议=standard，episodes=1，stochastic=True，seed=41。
[2026-05-28 18:26:45] [STATUS] [TYPHOON_TEST] state=running
[2026-05-28 18:26:45] [BACKEND] [TYPHOON_TEST] 测试开始，终端将持续输出策略执行过程。
[2026-05-28 18:26:45] [BACKEND] [TYPHOON_TEST] [Episode 1] 场景=super_typhoon__level_4 | 灾害=typhoon | 用户=3200 | reward_mode=bandwidth_priority | protocol=level4_conventional_baseline
[2026-05-28 18:26:45] [BACKEND] [TYPHOON_TEST] 初始网络 -> coverage=5.03% | broadcast=0.00% | connected=161/3200 | residual_bases=4
[2026-05-28 18:26:45] [BACKEND] [TYPHOON_TEST] Step 01 | site#70 @(17, 7) cell-17-7 | device=短波保底通信台(shortwave_hf_station) | comm=Shortwave_HF | broadcast=satellite_broadcast | reward=+0.09
[2026-05-28 18:26:45] [BACKEND] [TYPHOON_TEST] -> coverage=6.72% | broadcast=3.12% | remaining_budget=8.0 | Δcoverage=+1.69% | Δbroadcast=+3.12%
[2026-05-28 18:26:45] [BACKEND] [TYPHOON_TEST] Step 02 | site#36 @(4, 9) cell-4-9 | device=短波保底通信台(shortwave_hf_station) | comm=Shortwave_HF | broadcast=cell_broadcast | reward=+0.50
[2026-05-28 18:26:45] [BACKEND] [TYPHOON_TEST] -> coverage=13.59% | broadcast=4.25% | remaining_budget=7.0 | Δcoverage=+6.87% | Δbroadcast=+1.13%
[2026-05-28 18:26:45] [BACKEND] [TYPHOON_TEST] Step 03 | site#48 @(16, 9) cell-16-9 | device=短波保底通信台(shortwave_hf_station) | comm=Shortwave_HF | broadcast=satellite_broadcast | reward=+0.41
[2026-05-28 18:26:45] [BACKEND] [TYPHOON_TEST] -> coverage=18.47% | broadcast=11.62% | remaining_budget=6.0 | Δcoverage=+4.88% | Δbroadcast=+7.38%
[2026-05-28 18:26:45] [BACKEND] [TYPHOON_TEST] Step 04 | site#59 @(0, 6) cell-0-6 | device=短波保底通信台(shortwave_hf_station) | comm=Shortwave_HF | broadcast=emergency_radio | reward=+0.59
[2026-05-28 18:26:45] [BACKEND] [TYPHOON_TEST] -> coverage=25.34% | broadcast=20.16% | remaining_budget=5.0 | Δcoverage=+6.87% | Δbroadcast=+8.53%
[2026-05-28 18:26:45] [BACKEND] [TYPHOON_TEST] Step 05 | site#7 @(0, 8) cell-0-8 | device=WiFi6 Mesh 应急节点(wifi6_mesh_node) | comm=WiFi6 | broadcast=satellite_broadcast | reward=+0.11
[2026-05-28 18:26:45] [BACKEND] [TYPHOON_TEST] -> coverage=26.41% | broadcast=30.34% | remaining_budget=4.0 | Δcoverage=+1.06% | Δbroadcast=+10.19%
[2026-05-28 18:26:45] [BACKEND] [TYPHOON_TEST] Step 06 | site#15 @(8, 5) cell-8-5 | device=短波保底通信台(shortwave_hf_station) | comm=Shortwave_HF | broadcast=emergency_radio | reward=+0.47
[2026-05-28 18:26:45] [BACKEND] [TYPHOON_TEST] -> coverage=32.69% | broadcast=33.16% | remaining_budget=3.0 | Δcoverage=+6.28% | Δbroadcast=+2.81%
[2026-05-28 18:26:45] [BACKEND] [TYPHOON_TEST] Step 07 | site#73 @(12, 9) cell-12-9 | device=WiFi6 Mesh 应急节点(wifi6_mesh_node) | comm=WiFi6 | broadcast=emergency_radio | reward=-0.07
[2026-05-28 18:26:45] [BACKEND] [TYPHOON_TEST] -> coverage=32.91% | broadcast=34.44% | remaining_budget=2.0 | Δcoverage=+0.22% | Δbroadcast=+1.28%
[2026-05-28 18:26:45] [BACKEND] [TYPHOON_TEST] Step 08 | site#40 @(15, 4) cell-15-4 | device=短波保底通信台(shortwave_hf_station) | comm=Shortwave_HF | broadcast=cell_broadcast | reward=+0.28
[2026-05-28 18:26:45] [BACKEND] [TYPHOON_TEST] -> coverage=37.22% | broadcast=35.03% | remaining_budget=1.0 | Δcoverage=+4.31% | Δbroadcast=+0.59%
[2026-05-28 18:26:46] [BACKEND] [TYPHOON_TEST] Step 09 | site#40 @(15, 4) cell-15-4 | device=短波保底通信台(shortwave_hf_station) | comm=Shortwave_HF | broadcast=satellite_broadcast | reward=-0.30
[2026-05-28 18:26:46] [BACKEND] [TYPHOON_TEST] -> coverage=37.22% | broadcast=35.03% | remaining_budget=1.0 | Δcoverage=+0.00% | Δbroadcast=+0.00%
[2026-05-28 18:26:46] [BACKEND] [TYPHOON_TEST] Step 10 | site#35 @(12, 8) cell-12-8 | device=WiFi6 Mesh 应急节点(wifi6_mesh_node) | comm=WiFi6 | broadcast=emergency_radio | reward=-0.08
[2026-05-28 18:26:46] [BACKEND] [TYPHOON_TEST] -> coverage=37.47% | broadcast=35.72% | remaining_budget=0.0 | Δcoverage=+0.25% | Δbroadcast=+0.69%
[2026-05-28 18:26:46] [BACKEND] [TYPHOON_TEST] Step 11 | site#11 @(16, 11) cell-16-11 | device=5G 700MHz 应急小区(emergency_5g_700mhz_cell) | comm=5G_700MHz | broadcast=cell_broadcast | reward=-0.30
[2026-05-28 18:26:46] [BACKEND] [TYPHOON_TEST] -> coverage=37.47% | broadcast=35.72% | remaining_budget=0.0 | Δcoverage=+0.00% | Δbroadcast=+0.00%
[2026-05-28 18:26:46] [BACKEND] [TYPHOON_TEST] 原始站点保留并参与恢复：4 个；恢复前 active=4 degraded=0 offline=0；部署后 active=4 degraded=0 offline=0，在线率 100.00%。
[2026-05-28 18:26:46] [BACKEND] [TYPHOON_TEST] [Episode 1 完成] coverage=37.47% | broadcast=35.72% | connected=1199/3200 | reward=1.71 | steps=11 | reason=budget_exhausted
[2026-05-28 18:26:47] [RESULT] [TYPHOON_TEST] avg_reward=1.71189018087973 avg_final_coverage=0.3746875 replay_session_id=None
[2026-05-28 18:26:47] [RESULT] [TYPHOON_TEST] report=1 initial_connected=None initial_users=3200 final_connected=None final_users=3200 final_coverage=0.3746875
[2026-05-28 18:26:47] [RESULT_STEP] [TYPHOON_TEST] report=1 step=1 action={} reward=0.09479552173695018 coverage=0.0671875 connected=None/3200
[2026-05-28 18:26:47] [RESULT_STEP] [TYPHOON_TEST] report=1 step=2 action={} reward=0.4983926901606792 coverage=0.1359375 connected=None/3200
[2026-05-28 18:26:47] [RESULT_STEP] [TYPHOON_TEST] report=1 step=3 action={} reward=0.41379766851103783 coverage=0.1846875 connected=None/3200
[2026-05-28 18:26:47] [RESULT_STEP] [TYPHOON_TEST] report=1 step=4 action={} reward=0.5943817550953521 coverage=0.2534375 connected=None/3200
[2026-05-28 18:26:47] [RESULT_STEP] [TYPHOON_TEST] report=1 step=5 action={} reward=0.1119537604422855 coverage=0.2640625 connected=None/3200
[2026-05-28 18:26:47] [RESULT_STEP] [TYPHOON_TEST] report=1 step=6 action={} reward=0.47110306425756393 coverage=0.326875 connected=None/3200
[2026-05-28 18:26:47] [RESULT_STEP] [TYPHOON_TEST] report=1 step=7 action={} reward=-0.0733285610625487 coverage=0.3290625 connected=None/3200
[2026-05-28 18:26:47] [RESULT_STEP] [TYPHOON_TEST] report=1 step=8 action={} reward=0.2793387398387235 coverage=0.3721875 connected=None/3200
[2026-05-28 18:26:47] [RESULT_STEP] [TYPHOON_TEST] report=1 step=9 action={} reward=-0.3 coverage=0.3721875 connected=None/3200
[2026-05-28 18:26:47] [RESULT_STEP] [TYPHOON_TEST] report=1 step=10 action={} reward=-0.07854445810031407 coverage=0.3746875 connected=None/3200
[2026-05-28 18:26:47] [RESULT_STEP] [TYPHOON_TEST] report=1 step=11 action={} reward=-0.3 coverage=0.3746875 connected=None/3200
[2026-05-28 18:26:47] [STATUS] [TYPHOON_TEST] state=completed
[2026-05-28 18:26:47] [END] [TYPHOON_TEST] state=completed
