[2026-05-28 18:26:47] [ACTION] [DEVICE] GET /api/scenarios/extreme_rainstorm__level_4/device-state before total=95 active=22 degraded=33 offline=40
[2026-05-28 18:26:47] [ACTION] [DEVICE] PATCH /api/scenarios/extreme_rainstorm__level_4/devices/midterm-rainstorm-5g-700mhz-01 payload={"device_uid":"midterm-rainstorm-5g-700mhz-01","device_name":"暴雨5G应急小区-01","base_station":"emergency_5g_700mhz_cell","mode":"5G_700MHz","status":"active","x":3,"y":6,"coverage_radius_km":6,"coverage_radius":3,"downlink_bandwidth_mbps":300,"uplink_bandwidth_mbps":80,"max_throughput":300,"max_users":1200,"battery_duration_h":10,"notes":"中期自测蜂窝通信方式接入配置完整执行日志"}
[2026-05-28 18:26:47] [BACKEND] [DEVICE] save_response scenario=extreme_rainstorm__level_4 total=95 active=22 degraded=33 offline=40
[2026-05-28 18:26:47] [BACKEND] [DEVICE_TYPE] base_station=emergency_5g_700mhz_cell label=5G 700MHz 应急小区 mode=5G_700MHz total=27 active=3 degraded=7 offline=17 max_users=180 downlink=26.334 uplink=7.9002
[2026-05-28 18:26:47] [BACKEND] [DEVICE_TYPE] base_station=ka_satellite_terminal label=Ka 卫星应急终端 mode=Satellite_Ka total=9 active=7 degraded=1 offline=1 max_users=140 downlink=26.272 uplink=7.881599999999999
[2026-05-28 18:26:47] [BACKEND] [DEVICE_TYPE] base_station=wifi6_mesh_node label=WiFi6 Mesh 应急节点 mode=WiFi6 total=51 active=12 degraded=18 offline=21 max_users=90 downlink=19.951 uplink=5.9853
[2026-05-28 18:26:47] [BACKEND] [DEVICE_TYPE] base_station=shortwave_hf_station label=短波保底通信台 mode=Shortwave_HF total=8 active=0 degraded=7 offline=1 max_users=220 downlink=1.0 uplink=0.3
[2026-05-28 18:26:47] [BACKEND] [DEVICE_INSTANCE] id=deployment:extreme_rainstorm_level_4_wifi6_mesh_portable_hotspot_cell_015 name=便携式 WiFi 6 热点 type=wifi6_mesh_node mode=WiFi6 status=offline grid=(0,4) max_users=90 downlink=0.074 uplink=0.04 notes=
[2026-05-28 18:26:47] [BACKEND] [DEVICE_INSTANCE] id=deployment:extreme_rainstorm_level_4_cellular_5g_700mhz_backpack_micro_cell_cell_008 name=背负式 5G 700MHz 微站 type=emergency_5g_700mhz_cell mode=5G_700MHz status=degraded grid=(0,5) max_users=8 downlink=3.008 uplink=1.263 notes=
[2026-05-28 18:26:47] [BACKEND] [DEVICE_INSTANCE] id=deployment:extreme_rainstorm_level_4_wifi6_mesh_shelter_mesh_node_cell_017 name=避难所 WiFi 6 Mesh 节点 type=wifi6_mesh_node mode=WiFi6 status=active grid=(0,5) max_users=9 downlink=8.93 uplink=4.912 notes=
[2026-05-28 18:26:47] [BACKEND] [DEVICE_INSTANCE] id=deployment:extreme_rainstorm_level_4_cellular_5g_700mhz_low_band_macro_cell_cell_006 name=低频宏基站 type=emergency_5g_700mhz_cell mode=5G_700MHz status=offline grid=(0,6) max_users=180 downlink=0.384 uplink=0.162 notes=
[2026-05-28 18:26:47] [BACKEND] [DEVICE_INSTANCE] id=deployment:extreme_rainstorm_level_4_wifi6_mesh_vehicle_wifi_node_cell_007 name=车载 WiFi 6 节点 type=wifi6_mesh_node mode=WiFi6 status=offline grid=(0,7) max_users=90 downlink=0.162 uplink=0.089 notes=
[2026-05-28 18:26:47] [BACKEND] [DEVICE_INSTANCE] id=deployment:extreme_rainstorm_level_4_satellite_ka_vehicle_satellite_terminal_cell_005 name=车载 Ka 卫星终端 type=ka_satellite_terminal mode=Satellite_Ka status=active grid=(0,9) max_users=15 downlink=10.339 uplink=2.895 notes=
[2026-05-28 18:26:47] [BACKEND] [DEVICE_INSTANCE] id=deployment:extreme_rainstorm_level_4_wifi6_mesh_portable_hotspot_cell_018 name=便携式 WiFi 6 热点 type=wifi6_mesh_node mode=WiFi6 status=active grid=(0,10) max_users=5 downlink=4.181 uplink=2.3 notes=
[2026-05-28 18:26:47] [BACKEND] [DEVICE_INSTANCE] id=deployment:extreme_rainstorm_level_4_wifi6_mesh_shelter_mesh_node_cell_020 name=避难所 WiFi 6 Mesh 节点 type=wifi6_mesh_node mode=WiFi6 status=offline grid=(0,10) max_users=90 downlink=0.202 uplink=0.111 notes=
[2026-05-28 18:26:47] [BACKEND] [DEVICE_INSTANCE] id=deployment:extreme_rainstorm_level_4_wifi6_mesh_shelter_mesh_node_cell_022 name=避难所 WiFi 6 Mesh 节点 type=wifi6_mesh_node mode=WiFi6 status=offline grid=(1,2) max_users=90 downlink=0.163 uplink=0.09 notes=
[2026-05-28 18:26:47] [BACKEND] [DEVICE_INSTANCE] id=deployment:extreme_rainstorm_level_4_shortwave_hf_command_vehicle_radio_cell_003 name=指挥车短波电台 type=shortwave_hf_station mode=Shortwave_HF status=degraded grid=(1,4) max_users=2 downlink=0.151 uplink=0.098 notes=
[2026-05-28 18:26:47] [BACKEND] [DEVICE_INSTANCE] id=deployment:extreme_rainstorm_level_4_cellular_5g_700mhz_temporary_macro_cell_cell_003 name=临时宏基站 type=emergency_5g_700mhz_cell mode=5G_700MHz status=offline grid=(1,5) max_users=180 downlink=0.23 uplink=0.097 notes=
[2026-05-28 18:26:47] [BACKEND] [DEVICE_INSTANCE] id=deployment:extreme_rainstorm_level_4_satellite_ka_fixed_satellite_gateway_cell_002 name=固定 Ka 应急卫星网关 type=ka_satellite_terminal mode=Satellite_Ka status=active grid=(1,6) max_users=20 downlink=16.339 uplink=4.575 notes=
[2026-05-28 18:26:47] [BACKEND] [DEVICE_INSTANCE] id=deployment:extreme_rainstorm_level_4_wifi6_mesh_portable_hotspot_cell_010 name=便携式 WiFi 6 热点 type=wifi6_mesh_node mode=WiFi6 status=offline grid=(1,7) max_users=90 downlink=0.08 uplink=0.044 notes=
[2026-05-28 18:26:47] [BACKEND] [DEVICE_INSTANCE] id=deployment:extreme_rainstorm_level_4_wifi6_mesh_shelter_mesh_node_cell_012 name=避难所 WiFi 6 Mesh 节点 type=wifi6_mesh_node mode=WiFi6 status=degraded grid=(1,8) max_users=7 downlink=6.59 uplink=3.624 notes=
[2026-05-28 18:26:47] [BACKEND] [DEVICE_INSTANCE] id=deployment:extreme_rainstorm_level_4_cellular_5g_700mhz_temporary_macro_cell_cell_006 name=临时宏基站 type=emergency_5g_700mhz_cell mode=5G_700MHz status=active grid=(1,10) max_users=33 downlink=12.965 uplink=5.445 notes=
[2026-05-28 18:26:47] [BACKEND] [DEVICE_INSTANCE] id=deployment:extreme_rainstorm_level_4_cellular_5g_700mhz_low_band_macro_cell_cell_009 name=低频宏基站 type=emergency_5g_700mhz_cell mode=5G_700MHz status=degraded grid=(1,11) max_users=28 downlink=11.099 uplink=4.662 notes=
[2026-05-28 18:26:47] [BACKEND] [DEVICE_INSTANCE] id=deployment:extreme_rainstorm_level_4_shortwave_hf_field_shortwave_station_cell_003 name=野战短波台 type=shortwave_hf_station mode=Shortwave_HF status=degraded grid=(2,2) max_users=1 downlink=0.084 uplink=0.055 notes=
[2026-05-28 18:26:47] [BACKEND] [DEVICE_INSTANCE] id=deployment:extreme_rainstorm_level_4_wifi6_mesh_portable_hotspot_cell_007 name=便携式 WiFi 6 热点 type=wifi6_mesh_node mode=WiFi6 status=active grid=(2,4) max_users=6 downlink=4.694 uplink=2.581 notes=
[2026-05-28 18:26:47] [BACKEND] [DEVICE_INSTANCE] id=deployment:extreme_rainstorm_level_4_wifi6_mesh_shelter_mesh_node_cell_009 name=避难所 WiFi 6 Mesh 节点 type=wifi6_mesh_node mode=WiFi6 status=degraded grid=(2,4) max_users=7 downlink=5.814 uplink=3.198 notes=
[2026-05-28 18:26:47] [BACKEND] [DEVICE_INSTANCE] id=deployment:extreme_rainstorm_level_4_wifi6_mesh_vehicle_wifi_node_cell_004 name=车载 WiFi 6 节点 type=wifi6_mesh_node mode=WiFi6 status=offline grid=(2,4) max_users=90 downlink=0.145 uplink=0.08 notes=
[2026-05-28 18:26:47] [BACKEND] [DEVICE_INSTANCE] id=deployment:extreme_rainstorm_level_4_satellite_ka_vehicle_satellite_terminal_cell_002 name=车载 Ka 卫星终端 type=ka_satellite_terminal mode=Satellite_Ka status=active grid=(2,5) max_users=13 downlink=9.123 uplink=2.554 notes=
[2026-05-28 18:26:47] [BACKEND] [DEVICE_INSTANCE] id=deployment:extreme_rainstorm_level_4_wifi6_mesh_shelter_mesh_node_cell_004 name=避难所 WiFi 6 Mesh 节点 type=wifi6_mesh_node mode=WiFi6 status=active grid=(2,6) max_users=9 downlink=9.311 uplink=5.121 notes=
[2026-05-28 18:26:47] [BACKEND] [DEVICE_INSTANCE] id=deployment:extreme_rainstorm_level_4_cellular_5g_700mhz_backpack_micro_cell_cell_003 name=背负式 5G 700MHz 微站 type=emergency_5g_700mhz_cell mode=5G_700MHz status=offline grid=(2,8) max_users=180 downlink=0.097 uplink=0.041 notes=
[2026-05-28 18:26:47] [BACKEND] [DEVICE_INSTANCE] id=deployment:extreme_rainstorm_level_4_wifi6_mesh_portable_hotspot_cell_005 name=便携式 WiFi 6 热点 type=wifi6_mesh_node mode=WiFi6 status=offline grid=(2,9) max_users=90 downlink=0.087 uplink=0.048 notes=
[2026-05-28 18:26:47] [BACKEND] [DEVICE_INSTANCE] id=deployment:extreme_rainstorm_level_4_wifi6_mesh_shelter_mesh_node_cell_007 name=避难所 WiFi 6 Mesh 节点 type=wifi6_mesh_node mode=WiFi6 status=offline grid=(2,9) max_users=90 downlink=0.209 uplink=0.115 notes=
[2026-05-28 18:26:47] [BACKEND] [DEVICE_INSTANCE] id=deployment:extreme_rainstorm_level_4_wifi6_mesh_portable_hotspot_cell_013 name=便携式 WiFi 6 热点 type=wifi6_mesh_node mode=WiFi6 status=degraded grid=(2,11) max_users=4 downlink=3.075 uplink=1.691 notes=
[2026-05-28 18:26:47] [BACKEND] [DEVICE_INSTANCE] id=deployment:extreme_rainstorm_level_4_wifi6_mesh_vehicle_wifi_node_cell_010 name=车载 WiFi 6 节点 type=wifi6_mesh_node mode=WiFi6 status=degraded grid=(2,11) max_users=5 downlink=4.72 uplink=2.596 notes=
[2026-05-28 18:26:47] [BACKEND] [DEVICE_INSTANCE] id=deployment:extreme_rainstorm_level_4_wifi6_mesh_portable_hotspot_cell_012 name=便携式 WiFi 6 热点 type=wifi6_mesh_node mode=WiFi6 status=active grid=(3,1) max_users=6 downlink=4.352 uplink=2.394 notes=
[2026-05-28 18:26:47] [BACKEND] [DEVICE_INSTANCE] id=deployment:extreme_rainstorm_level_4_wifi6_mesh_vehicle_wifi_node_cell_009 name=车载 WiFi 6 节点 type=wifi6_mesh_node mode=WiFi6 status=active grid=(3,1) max_users=7 downlink=6.645 uplink=3.655 notes=
[2026-05-28 18:26:47] [BACKEND] [DEVICE_INSTANCE] id=deployment:extreme_rainstorm_level_4_cellular_5g_700mhz_backpack_micro_cell_cell_005 name=背负式 5G 700MHz 微站 type=emergency_5g_700mhz_cell mode=5G_700MHz status=active grid=(3,2) max_users=12 downlink=5.246 uplink=2.203 notes=
[2026-05-28 18:26:47] [BACKEND] [DEVICE_INSTANCE] id=deployment:extreme_rainstorm_level_4_wifi6_mesh_shelter_mesh_node_cell_014 name=避难所 WiFi 6 Mesh 节点 type=wifi6_mesh_node mode=WiFi6 status=active grid=(3,2) max_users=11 downlink=10.451 uplink=5.748 notes=
[2026-05-28 18:26:47] [BACKEND] [DEVICE_INSTANCE] id=deployment:extreme_rainstorm_level_4_cellular_5g_700mhz_low_band_macro_cell_cell_003 name=低频宏基站 type=emergency_5g_700mhz_cell mode=5G_700MHz status=offline grid=(3,3) max_users=180 downlink=0.341 uplink=0.143 notes=
[2026-05-28 18:26:47] [BACKEND] [DEVICE_INSTANCE] id=midterm-rainstorm-5g-700mhz-01 name=暴雨5G应急小区-01 type=emergency_5g_700mhz_cell mode=5G_700MHz status=active grid=(3,6) max_users=1200 downlink=300.0 uplink=80.0 notes=中期自测蜂窝通信方式接入配置完整执行日志
[2026-05-28 18:26:47] [BACKEND] [DEVICE_INSTANCE] id=deployment:extreme_rainstorm_level_4_wifi6_mesh_portable_hotspot_cell_002 name=便携式 WiFi 6 热点 type=wifi6_mesh_node mode=WiFi6 status=offline grid=(3,6) max_users=90 downlink=0.077 uplink=0.042 notes=
[2026-05-28 18:26:47] [BACKEND] [DEVICE_INSTANCE] id=deployment:extreme_rainstorm_level_4_cellular_5g_700mhz_low_band_macro_cell_cell_001 name=低频宏基站 type=emergency_5g_700mhz_cell mode=5G_700MHz status=offline grid=(3,7) max_users=180 downlink=0.312 uplink=0.131 notes=
[2026-05-28 18:26:47] [BACKEND] [DEVICE_INSTANCE] id=deployment:extreme_rainstorm_level_4_shortwave_hf_field_shortwave_station_cell_001 name=野战短波台 type=shortwave_hf_station mode=Shortwave_HF status=degraded grid=(3,7) max_users=1 downlink=0.052 uplink=0.034 notes=
[2026-05-28 18:26:47] [BACKEND] [DEVICE_INSTANCE] id=deployment:extreme_rainstorm_level_4_shortwave_hf_command_vehicle_radio_cell_001 name=指挥车短波电台 type=shortwave_hf_station mode=Shortwave_HF status=degraded grid=(3,8) max_users=2 downlink=0.138 uplink=0.09 notes=
[2026-05-28 18:26:47] [BACKEND] [DEVICE_INSTANCE] id=deployment:extreme_rainstorm_level_4_wifi6_mesh_vehicle_wifi_node_cell_002 name=车载 WiFi 6 节点 type=wifi6_mesh_node mode=WiFi6 status=active grid=(3,8) max_users=7 downlink=6.645 uplink=3.655 notes=
[2026-05-28 18:26:47] [BACKEND] [DEVICE_INSTANCE] id=deployment:extreme_rainstorm_level_4_shortwave_hf_field_shortwave_station_cell_004 name=野战短波台 type=shortwave_hf_station mode=Shortwave_HF status=degraded grid=(3,11) max_users=1 downlink=0.088 uplink=0.057 notes=
[2026-05-28 18:26:47] [BACKEND] [DEVICE_INSTANCE] id=deployment:extreme_rainstorm_level_4_wifi6_mesh_shelter_mesh_node_cell_015 name=避难所 WiFi 6 Mesh 节点 type=wifi6_mesh_node mode=WiFi6 status=active grid=(3,11) max_users=8 downlink=8.17 uplink=4.494 notes=
[2026-05-28 18:26:47] [BACKEND] [DEVICE_INSTANCE] id=deployment:extreme_rainstorm_level_4_satellite_ka_fixed_satellite_gateway_cell_004 name=固定 Ka 应急卫星网关 type=ka_satellite_terminal mode=Satellite_Ka status=active grid=(4,0) max_users=22 downlink=17.791 uplink=4.981 notes=
[2026-05-28 18:26:47] [BACKEND] [DEVICE_INSTANCE] id=deployment:extreme_rainstorm_level_4_wifi6_mesh_portable_hotspot_cell_004 name=便携式 WiFi 6 热点 type=wifi6_mesh_node mode=WiFi6 status=offline grid=(4,3) max_users=90 downlink=0.084 uplink=0.046 notes=
[2026-05-28 18:26:47] [BACKEND] [DEVICE_INSTANCE] id=deployment:extreme_rainstorm_level_4_wifi6_mesh_shelter_mesh_node_cell_006 name=避难所 WiFi 6 Mesh 节点 type=wifi6_mesh_node mode=WiFi6 status=offline grid=(4,3) max_users=90 downlink=0.202 uplink=0.111 notes=
[2026-05-28 18:26:47] [BACKEND] [DEVICE_INSTANCE] id=deployment:extreme_rainstorm_level_4_wifi6_mesh_shelter_mesh_node_cell_001 name=避难所 WiFi 6 Mesh 节点 type=wifi6_mesh_node mode=WiFi6 status=degraded grid=(4,5) max_users=6 downlink=5.556 uplink=3.056 notes=
[2026-05-28 18:26:47] [BACKEND] [DEVICE_INSTANCE] id=deployment:extreme_rainstorm_level_4_wifi6_mesh_vehicle_wifi_node_cell_001 name=车载 WiFi 6 节点 type=wifi6_mesh_node mode=WiFi6 status=offline grid=(4,5) max_users=90 downlink=0.127 uplink=0.07 notes=
[2026-05-28 18:26:47] [BACKEND] [DEVICE_INSTANCE] id=deployment:extreme_rainstorm_level_4_cellular_5g_700mhz_temporary_macro_cell_cell_001 name=临时宏基站 type=emergency_5g_700mhz_cell mode=5G_700MHz status=offline grid=(4,8) max_users=180 downlink=0.21 uplink=0.088 notes=
[2026-05-28 18:26:47] [BACKEND] [DEVICE_INSTANCE] id=deployment:extreme_rainstorm_level_4_wifi6_mesh_shelter_mesh_node_cell_002 name=避难所 WiFi 6 Mesh 节点 type=wifi6_mesh_node mode=WiFi6 status=degraded grid=(4,8) max_users=7 downlink=5.814 uplink=3.198 notes=
[2026-05-28 18:26:47] [BACKEND] [DEVICE_INSTANCE] id=deployment:extreme_rainstorm_level_4_cellular_5g_700mhz_low_band_macro_cell_cell_004 name=低频宏基站 type=emergency_5g_700mhz_cell mode=5G_700MHz status=offline grid=(4,10) max_users=180 downlink=0.356 uplink=0.149 notes=
[2026-05-28 18:26:47] [BACKEND] [DEVICE_INSTANCE] id=deployment:extreme_rainstorm_level_4_wifi6_mesh_vehicle_wifi_node_cell_005 name=车载 WiFi 6 节点 type=wifi6_mesh_node mode=WiFi6 status=offline grid=(4,10) max_users=90 downlink=0.151 uplink=0.083 notes=
[2026-05-28 18:26:47] [BACKEND] [DEVICE_INSTANCE] id=deployment:extreme_rainstorm_level_4_cellular_5g_700mhz_backpack_micro_cell_cell_006 name=背负式 5G 700MHz 微站 type=emergency_5g_700mhz_cell mode=5G_700MHz status=offline grid=(4,11) max_users=180 downlink=0.109 uplink=0.046 notes=
[2026-05-28 18:26:47] [BACKEND] [DEVICE_INSTANCE] id=deployment:extreme_rainstorm_level_4_cellular_5g_700mhz_backpack_micro_cell_cell_010 name=背负式 5G 700MHz 微站 type=emergency_5g_700mhz_cell mode=5G_700MHz status=offline grid=(5,0) max_users=180 downlink=0.097 uplink=0.041 notes=
[2026-05-28 18:26:47] [BACKEND] [DEVICE_INSTANCE] id=deployment:extreme_rainstorm_level_4_cellular_5g_700mhz_low_band_macro_cell_cell_008 name=低频宏基站 type=emergency_5g_700mhz_cell mode=5G_700MHz status=degraded grid=(5,0) max_users=26 downlink=10.606 uplink=4.455 notes=
[2026-05-28 18:26:47] [BACKEND] [DEVICE_INSTANCE] id=deployment:extreme_rainstorm_level_4_wifi6_mesh_portable_hotspot_cell_017 name=便携式 WiFi 6 热点 type=wifi6_mesh_node mode=WiFi6 status=degraded grid=(5,0) max_users=4 downlink=2.727 uplink=1.5 notes=
[2026-05-28 18:26:47] [BACKEND] [DEVICE_INSTANCE] id=deployment:extreme_rainstorm_level_4_wifi6_mesh_shelter_mesh_node_cell_019 name=避难所 WiFi 6 Mesh 节点 type=wifi6_mesh_node mode=WiFi6 status=degraded grid=(5,0) max_users=7 downlink=6.59 uplink=3.624 notes=
[2026-05-28 18:26:47] [BACKEND] [DEVICE_INSTANCE] id=deployment:extreme_rainstorm_level_4_cellular_5g_700mhz_temporary_macro_cell_cell_005 name=临时宏基站 type=emergency_5g_700mhz_cell mode=5G_700MHz status=offline grid=(5,1) max_users=180 downlink=0.249 uplink=0.105 notes=
[2026-05-28 18:26:47] [BACKEND] [DEVICE_INSTANCE] id=deployment:extreme_rainstorm_level_4_cellular_5g_700mhz_backpack_micro_cell_cell_002 name=背负式 5G 700MHz 微站 type=emergency_5g_700mhz_cell mode=5G_700MHz status=offline grid=(5,4) max_users=180 downlink=0.093 uplink=0.039 notes=
[2026-05-28 18:26:47] [BACKEND] [DEVICE_INSTANCE] id=deployment:extreme_rainstorm_level_4_wifi6_mesh_shelter_mesh_node_cell_003 name=避难所 WiFi 6 Mesh 节点 type=wifi6_mesh_node mode=WiFi6 status=degraded grid=(5,5) max_users=7 downlink=6.073 uplink=3.34 notes=
[2026-05-28 18:26:47] [BACKEND] [DEVICE_INSTANCE] id=deployment:extreme_rainstorm_level_4_wifi6_mesh_portable_hotspot_cell_001 name=便携式 WiFi 6 热点 type=wifi6_mesh_node mode=WiFi6 status=offline grid=(5,6) max_users=90 downlink=0.074 uplink=0.04 notes=
[2026-05-28 18:26:47] [BACKEND] [DEVICE_INSTANCE] id=deployment:extreme_rainstorm_level_4_cellular_5g_700mhz_backpack_micro_cell_cell_001 name=背负式 5G 700MHz 微站 type=emergency_5g_700mhz_cell mode=5G_700MHz status=offline grid=(5,8) max_users=180 downlink=0.089 uplink=0.037 notes=
[2026-05-28 18:26:47] [BACKEND] [DEVICE_INSTANCE] id=deployment:extreme_rainstorm_level_4_wifi6_mesh_portable_hotspot_cell_003 name=便携式 WiFi 6 热点 type=wifi6_mesh_node mode=WiFi6 status=offline grid=(5,8) max_users=90 downlink=0.08 uplink=0.044 notes=
[2026-05-28 18:26:47] [BACKEND] [DEVICE_INSTANCE] id=deployment:extreme_rainstorm_level_4_wifi6_mesh_portable_hotspot_cell_008 name=便携式 WiFi 6 热点 type=wifi6_mesh_node mode=WiFi6 status=degraded grid=(5,10) max_users=4 downlink=2.495 uplink=1.372 notes=
[2026-05-28 18:26:47] [BACKEND] [DEVICE_INSTANCE] id=deployment:extreme_rainstorm_level_4_wifi6_mesh_shelter_mesh_node_cell_010 name=避难所 WiFi 6 Mesh 节点 type=wifi6_mesh_node mode=WiFi6 status=offline grid=(5,10) max_users=90 downlink=0.179 uplink=0.098 notes=
[2026-05-28 18:26:47] [BACKEND] [DEVICE_INSTANCE] id=deployment:extreme_rainstorm_level_4_satellite_ka_vehicle_satellite_terminal_cell_003 name=车载 Ka 卫星终端 type=ka_satellite_terminal mode=Satellite_Ka status=active grid=(5,11) max_users=14 downlink=9.528 uplink=2.668 notes=
[2026-05-28 18:26:47] [BACKEND] [DEVICE_INSTANCE] id=deployment:extreme_rainstorm_level_4_shortwave_hf_command_vehicle_radio_cell_004 name=指挥车短波电台 type=shortwave_hf_station mode=Shortwave_HF status=offline grid=(5,11) max_users=220 downlink=0.003 uplink=0.002 notes=
[2026-05-28 18:26:47] [BACKEND] [DEVICE_INSTANCE] id=deployment:extreme_rainstorm_level_4_satellite_ka_vehicle_satellite_terminal_cell_004 name=车载 Ka 卫星终端 type=ka_satellite_terminal mode=Satellite_Ka status=offline grid=(6,1) max_users=140 downlink=0.199 uplink=0.056 notes=
[2026-05-28 18:26:47] [BACKEND] [DEVICE_INSTANCE] id=deployment:extreme_rainstorm_level_4_wifi6_mesh_shelter_mesh_node_cell_011 name=避难所 WiFi 6 Mesh 节点 type=wifi6_mesh_node mode=WiFi6 status=degraded grid=(6,2) max_users=7 downlink=6.331 uplink=3.482 notes=
[2026-05-28 18:26:47] [BACKEND] [DEVICE_INSTANCE] id=deployment:extreme_rainstorm_level_4_wifi6_mesh_portable_hotspot_cell_009 name=便携式 WiFi 6 热点 type=wifi6_mesh_node mode=WiFi6 status=offline grid=(6,3) max_users=90 downlink=0.077 uplink=0.042 notes=
[2026-05-28 18:26:47] [BACKEND] [DEVICE_INSTANCE] id=deployment:extreme_rainstorm_level_4_cellular_5g_700mhz_temporary_macro_cell_cell_002 name=临时宏基站 type=emergency_5g_700mhz_cell mode=5G_700MHz status=offline grid=(6,5) max_users=180 downlink=0.22 uplink=0.092 notes=
[2026-05-28 18:26:47] [BACKEND] [DEVICE_INSTANCE] id=deployment:extreme_rainstorm_level_4_satellite_ka_fixed_satellite_gateway_cell_001 name=固定 Ka 应急卫星网关 type=ka_satellite_terminal mode=Satellite_Ka status=active grid=(6,5) max_users=19 downlink=15.613 uplink=4.372 notes=
[2026-05-28 18:26:47] [BACKEND] [DEVICE_INSTANCE] id=deployment:extreme_rainstorm_level_4_satellite_ka_vehicle_satellite_terminal_cell_001 name=车载 Ka 卫星终端 type=ka_satellite_terminal mode=Satellite_Ka status=active grid=(6,6) max_users=12 downlink=8.718 uplink=2.441 notes=
[2026-05-28 18:26:47] [BACKEND] [DEVICE_INSTANCE] id=deployment:extreme_rainstorm_level_4_cellular_5g_700mhz_low_band_macro_cell_cell_002 name=低频宏基站 type=emergency_5g_700mhz_cell mode=5G_700MHz status=offline grid=(6,7) max_users=180 downlink=0.326 uplink=0.137 notes=
[2026-05-28 18:26:47] [BACKEND] [DEVICE_INSTANCE] id=deployment:extreme_rainstorm_level_4_wifi6_mesh_shelter_mesh_node_cell_005 name=避难所 WiFi 6 Mesh 节点 type=wifi6_mesh_node mode=WiFi6 status=degraded grid=(6,8) max_users=7 downlink=6.59 uplink=3.624 notes=
[2026-05-28 18:26:47] [BACKEND] [DEVICE_INSTANCE] id=deployment:extreme_rainstorm_level_4_cellular_5g_700mhz_temporary_macro_cell_cell_004 name=临时宏基站 type=emergency_5g_700mhz_cell mode=5G_700MHz status=offline grid=(6,10) max_users=180 downlink=0.24 uplink=0.101 notes=
[2026-05-28 18:26:47] [BACKEND] [DEVICE_INSTANCE] id=deployment:extreme_rainstorm_level_4_wifi6_mesh_vehicle_wifi_node_cell_006 name=车载 WiFi 6 节点 type=wifi6_mesh_node mode=WiFi6 status=active grid=(7,3) max_users=8 downlink=7.826 uplink=4.305 notes=
[2026-05-28 18:26:47] [BACKEND] [DEVICE_INSTANCE] id=deployment:extreme_rainstorm_level_4_cellular_5g_700mhz_low_band_macro_cell_cell_005 name=低频宏基站 type=emergency_5g_700mhz_cell mode=5G_700MHz status=degraded grid=(7,4) max_users=31 downlink=12.579 uplink=5.283 notes=
[2026-05-28 18:26:47] [BACKEND] [DEVICE_INSTANCE] id=deployment:extreme_rainstorm_level_4_shortwave_hf_command_vehicle_radio_cell_002 name=指挥车短波电台 type=shortwave_hf_station mode=Shortwave_HF status=degraded grid=(7,5) max_users=2 downlink=0.098 uplink=0.064 notes=
[2026-05-28 18:26:47] [BACKEND] [DEVICE_INSTANCE] id=deployment:extreme_rainstorm_level_4_wifi6_mesh_portable_hotspot_cell_006 name=便携式 WiFi 6 热点 type=wifi6_mesh_node mode=WiFi6 status=offline grid=(7,6) max_users=90 downlink=0.09 uplink=0.05 notes=
[2026-05-28 18:26:47] [BACKEND] [DEVICE_INSTANCE] id=deployment:extreme_rainstorm_level_4_wifi6_mesh_shelter_mesh_node_cell_008 name=避难所 WiFi 6 Mesh 节点 type=wifi6_mesh_node mode=WiFi6 status=degraded grid=(7,6) max_users=6 downlink=5.556 uplink=3.056 notes=
[2026-05-28 18:26:47] [BACKEND] [DEVICE_INSTANCE] id=deployment:extreme_rainstorm_level_4_wifi6_mesh_vehicle_wifi_node_cell_003 name=车载 WiFi 6 节点 type=wifi6_mesh_node mode=WiFi6 status=degraded grid=(7,6) max_users=5 downlink=4.72 uplink=2.596 notes=
[2026-05-28 18:26:47] [BACKEND] [DEVICE_INSTANCE] id=deployment:extreme_rainstorm_level_4_shortwave_hf_field_shortwave_station_cell_002 name=野战短波台 type=shortwave_hf_station mode=Shortwave_HF status=degraded grid=(7,7) max_users=1 downlink=0.08 uplink=0.052 notes=
[2026-05-28 18:26:47] [BACKEND] [DEVICE_INSTANCE] id=deployment:extreme_rainstorm_level_4_cellular_5g_700mhz_backpack_micro_cell_cell_004 name=背负式 5G 700MHz 微站 type=emergency_5g_700mhz_cell mode=5G_700MHz status=degraded grid=(7,8) max_users=9 downlink=3.427 uplink=1.44 notes=
[2026-05-28 18:26:47] [BACKEND] [DEVICE_INSTANCE] id=deployment:extreme_rainstorm_level_4_satellite_ka_fixed_satellite_gateway_cell_003 name=固定 Ka 应急卫星网关 type=ka_satellite_terminal mode=Satellite_Ka status=degraded grid=(7,10) max_users=16 downlink=11.604 uplink=3.249 notes=
[2026-05-28 18:26:47] [BACKEND] [DEVICE_INSTANCE] id=deployment:extreme_rainstorm_level_4_cellular_5g_700mhz_backpack_micro_cell_cell_009 name=背负式 5G 700MHz 微站 type=emergency_5g_700mhz_cell mode=5G_700MHz status=offline grid=(7,11) max_users=180 downlink=0.093 uplink=0.039 notes=
[2026-05-28 18:26:47] [BACKEND] [DEVICE_INSTANCE] id=deployment:extreme_rainstorm_level_4_cellular_5g_700mhz_low_band_macro_cell_cell_007 name=低频宏基站 type=emergency_5g_700mhz_cell mode=5G_700MHz status=degraded grid=(7,11) max_users=34 downlink=13.566 uplink=5.697 notes=
[2026-05-28 18:26:47] [BACKEND] [DEVICE_INSTANCE] id=deployment:extreme_rainstorm_level_4_wifi6_mesh_portable_hotspot_cell_016 name=便携式 WiFi 6 热点 type=wifi6_mesh_node mode=WiFi6 status=active grid=(7,11) max_users=5 downlink=3.84 uplink=2.112 notes=
[2026-05-28 18:26:47] [BACKEND] [DEVICE_INSTANCE] id=deployment:extreme_rainstorm_level_4_wifi6_mesh_shelter_mesh_node_cell_018 name=避难所 WiFi 6 Mesh 节点 type=wifi6_mesh_node mode=WiFi6 status=active grid=(7,11) max_users=9 downlink=9.311 uplink=5.121 notes=
[2026-05-28 18:26:47] [BACKEND] [DEVICE_INSTANCE] id=deployment:extreme_rainstorm_level_4_cellular_5g_700mhz_backpack_micro_cell_cell_007 name=背负式 5G 700MHz 微站 type=emergency_5g_700mhz_cell mode=5G_700MHz status=degraded grid=(8,3) max_users=10 downlink=3.847 uplink=1.616 notes=
[2026-05-28 18:26:47] [BACKEND] [DEVICE_INSTANCE] id=deployment:extreme_rainstorm_level_4_wifi6_mesh_portable_hotspot_cell_014 name=便携式 WiFi 6 热点 type=wifi6_mesh_node mode=WiFi6 status=degraded grid=(8,4) max_users=5 downlink=3.191 uplink=1.755 notes=
[2026-05-28 18:26:47] [BACKEND] [DEVICE_INSTANCE] id=deployment:extreme_rainstorm_level_4_wifi6_mesh_shelter_mesh_node_cell_016 name=避难所 WiFi 6 Mesh 节点 type=wifi6_mesh_node mode=WiFi6 status=degraded grid=(8,4) max_users=7 downlink=5.814 uplink=3.198 notes=
[2026-05-28 18:26:47] [BACKEND] [DEVICE_INSTANCE] id=deployment:extreme_rainstorm_level_4_wifi6_mesh_shelter_mesh_node_cell_013 name=避难所 WiFi 6 Mesh 节点 type=wifi6_mesh_node mode=WiFi6 status=degraded grid=(8,8) max_users=8 downlink=6.848 uplink=3.767 notes=
[2026-05-28 18:26:47] [BACKEND] [DEVICE_INSTANCE] id=deployment:extreme_rainstorm_level_4_wifi6_mesh_portable_hotspot_cell_011 name=便携式 WiFi 6 热点 type=wifi6_mesh_node mode=WiFi6 status=degraded grid=(8,9) max_users=4 downlink=2.843 uplink=1.564 notes=
[2026-05-28 18:26:47] [BACKEND] [DEVICE_INSTANCE] id=deployment:extreme_rainstorm_level_4_wifi6_mesh_vehicle_wifi_node_cell_008 name=车载 WiFi 6 节点 type=wifi6_mesh_node mode=WiFi6 status=offline grid=(8,9) max_users=90 downlink=0.127 uplink=0.07 notes=
[2026-05-28 18:26:47] [BACKEND] [DEVICE_INSTANCE] id=deployment:extreme_rainstorm_level_4_wifi6_mesh_vehicle_wifi_node_cell_011 name=车载 WiFi 6 节点 type=wifi6_mesh_node mode=WiFi6 status=offline grid=(9,4) max_users=90 downlink=0.145 uplink=0.08 notes=
[2026-05-28 18:26:47] [BACKEND] [DEVICE_INSTANCE] id=deployment:extreme_rainstorm_level_4_cellular_5g_700mhz_temporary_macro_cell_cell_007 name=临时宏基站 type=emergency_5g_700mhz_cell mode=5G_700MHz status=offline grid=(9,7) max_users=180 downlink=0.269 uplink=0.113 notes=
[2026-05-28 18:26:47] [BACKEND] [DEVICE_INSTANCE] id=deployment:extreme_rainstorm_level_4_wifi6_mesh_shelter_mesh_node_cell_021 name=避难所 WiFi 6 Mesh 节点 type=wifi6_mesh_node mode=WiFi6 status=offline grid=(9,7) max_users=90 downlink=0.209 uplink=0.115 notes=
[2026-05-28 18:26:47] [BACKEND] [DEVICE_HISTORY] operation=replace_base_stations device_count=95 active=22 degraded=33 offline=40 created_at=None
[2026-05-28 18:26:47] [BACKEND] [DEVICE_HISTORY] operation=replace_base_stations device_count=94 active=22 degraded=33 offline=39 created_at=None
[2026-05-28 18:26:47] [BACKEND] [DEVICE_HISTORY] operation=clear_residual_network device_count=0 active=0 degraded=0 offline=0 created_at=None
[2026-05-28 18:26:47] [BACKEND] [DEVICE_HISTORY] operation=reset_base_stations device_count=94 active=21 degraded=33 offline=40 created_at=None
[2026-05-28 18:26:47] [BACKEND] [DEVICE_HISTORY] operation=reset_base_stations device_count=94 active=21 degraded=33 offline=40 created_at=None
[2026-05-28 18:26:47] [BACKEND] [DEVICE_HISTORY] operation=replace_base_stations device_count=95 active=22 degraded=33 offline=40 created_at=None
[2026-05-28 18:26:47] [BACKEND] [DEVICE_HISTORY] operation=add_device device_count=96 active=23 degraded=33 offline=40 created_at=None
[2026-05-28 18:26:47] [BACKEND] [DEVICE_HISTORY] operation=update_device device_count=96 active=23 degraded=33 offline=40 created_at=None
[2026-05-28 18:26:47] [BACKEND] [DEVICE_HISTORY] operation=update_device device_count=96 active=23 degraded=33 offline=40 created_at=None
[2026-05-28 18:26:47] [BACKEND] [DEVICE_HISTORY] operation=update_device device_count=96 active=23 degraded=33 offline=40 created_at=None
[2026-05-28 18:26:47] [BACKEND] [DEVICE_HISTORY] operation=reset_base_stations device_count=94 active=21 degraded=33 offline=40 created_at=None
[2026-05-28 18:26:47] [BACKEND] [DEVICE_HISTORY] operation=add_device device_count=95 active=22 degraded=33 offline=40 created_at=None
[2026-05-28 18:26:47] [BACKEND] [DEVICE_HISTORY] operation=update_device device_count=95 active=22 degraded=33 offline=40 created_at=None
[2026-05-28 18:26:47] [BACKEND] [DEVICE_AUDIT_SQLITE] event_id=38 operation=update_device device_count=95 active=22 degraded=33 offline=40 created_at=2026-05-28T10:26:47Z
[2026-05-28 18:26:47] [BACKEND] [DEVICE_AUDIT_SQLITE] event_id=37 operation=add_device device_count=95 active=22 degraded=33 offline=40 created_at=2026-05-28T10:16:31Z
[2026-05-28 18:26:47] [BACKEND] [DEVICE_AUDIT_SQLITE] event_id=36 operation=reset_base_stations device_count=94 active=21 degraded=33 offline=40 created_at=2026-05-28T10:03:22Z
[2026-05-28 18:26:47] [BACKEND] [DEVICE_AUDIT_SQLITE] event_id=35 operation=update_device device_count=96 active=23 degraded=33 offline=40 created_at=2026-05-28T10:01:14Z
[2026-05-28 18:26:47] [BACKEND] [DEVICE_AUDIT_SQLITE] event_id=34 operation=update_device device_count=96 active=23 degraded=33 offline=40 created_at=2026-05-28T09:55:35Z
[2026-05-28 18:26:47] [BACKEND] [DEVICE_AUDIT_SQLITE] event_id=33 operation=update_device device_count=96 active=23 degraded=33 offline=40 created_at=2026-05-28T08:55:44Z
[2026-05-28 18:26:47] [BACKEND] [DEVICE_AUDIT_SQLITE] event_id=22 operation=add_device device_count=96 active=23 degraded=33 offline=40 created_at=2026-05-28T07:56:25Z
[2026-05-28 18:26:47] [BACKEND] [DEVICE_AUDIT_SQLITE] event_id=17 operation=replace_base_stations device_count=95 active=22 degraded=33 offline=40 created_at=2026-05-27T09:58:37Z
[2026-05-28 18:26:47] [BACKEND] [DEVICE_AUDIT_SQLITE] event_id=14 operation=reset_base_stations device_count=94 active=21 degraded=33 offline=40 created_at=2026-05-27T04:35:04Z
[2026-05-28 18:26:47] [BACKEND] [DEVICE_AUDIT_SQLITE] event_id=13 operation=reset_base_stations device_count=94 active=21 degraded=33 offline=40 created_at=2026-05-27T03:41:58Z
[2026-05-28 18:26:47] [BACKEND] [DEVICE_AUDIT_SQLITE] event_id=12 operation=clear_residual_network device_count=0 active=0 degraded=0 offline=0 created_at=2026-05-27T03:41:45Z
[2026-05-28 18:26:47] [BACKEND] [DEVICE_AUDIT_SQLITE] event_id=11 operation=replace_base_stations device_count=94 active=22 degraded=33 offline=39 created_at=2026-05-27T03:17:22Z
[2026-05-28 18:26:47] [BACKEND] [DEVICE_AUDIT_SQLITE] event_id=10 operation=replace_base_stations device_count=95 active=22 degraded=33 offline=40 created_at=2026-05-27T03:12:05Z
