$ ./scripts/run_jmeter_6_endpoints_1200.sh --users 1200 --out-dir artifacts/load_tests/jmeter/midterm_1200_20260609_terminal_commanded
Pre-test health check command:
  curl -sS -o /dev/null -w "%{http_code}" --max-time 30 "$BASE_URL/api/health"
Pre-test health check output: HTTP 200
Prewarm command:
  curl -fsS -o /dev/null "$BASE_URL/api/scenarios"
Prewarming 场景列表接口
Running JMeter pressure tests
  plan:     jmeter/rescuenet_single_endpoint_1200.jmx
  target:   被测系统本机服务
  users:    1200 per endpoint
  output:   artifacts/load_tests/jmeter/midterm_1200_20260609_terminal_commanded

[1/6] Testing 健康检查接口
WARN StatusConsoleListener The use of package scanning to locate plugins is deprecated and will be removed in a future release
WARN StatusConsoleListener The use of package scanning to locate plugins is deprecated and will be removed in a future release
WARN StatusConsoleListener The use of package scanning to locate plugins is deprecated and will be removed in a future release
WARN StatusConsoleListener The use of package scanning to locate plugins is deprecated and will be removed in a future release
Creating summariser <summary>
Created the tree successfully using jmeter/rescuenet_single_endpoint_1200.jmx
Starting standalone test @ 2026 Jun 9 18:08:08 CST (1780999688206)
Waiting for possible Shutdown/StopTestNow/HeapDump/ThreadDump message on port 4445
summary =   1200 in 00:00:03 =  412.4/s Avg:   250 Min:    63 Max:   624 Err:     0 (0.00%)
Tidying up ...    @ 2026 Jun 9 18:08:11 CST (1780999691251)
... end of run

[2/6] Testing 设备列表接口
WARN StatusConsoleListener The use of package scanning to locate plugins is deprecated and will be removed in a future release
WARN StatusConsoleListener The use of package scanning to locate plugins is deprecated and will be removed in a future release
WARN StatusConsoleListener The use of package scanning to locate plugins is deprecated and will be removed in a future release
WARN StatusConsoleListener The use of package scanning to locate plugins is deprecated and will be removed in a future release
Creating summariser <summary>
Created the tree successfully using jmeter/rescuenet_single_endpoint_1200.jmx
Starting standalone test @ 2026 Jun 9 18:08:15 CST (1780999695203)
Waiting for possible Shutdown/StopTestNow/HeapDump/ThreadDump message on port 4445
summary =   1200 in 00:00:03 =  346.6/s Avg:   671 Min:   127 Max:  1037 Err:     0 (0.00%)
Tidying up ...    @ 2026 Jun 9 18:08:18 CST (1780999698805)
... end of run

[3/6] Testing 运行状态接口一
WARN StatusConsoleListener The use of package scanning to locate plugins is deprecated and will be removed in a future release
WARN StatusConsoleListener The use of package scanning to locate plugins is deprecated and will be removed in a future release
WARN StatusConsoleListener The use of package scanning to locate plugins is deprecated and will be removed in a future release
WARN StatusConsoleListener The use of package scanning to locate plugins is deprecated and will be removed in a future release
Creating summariser <summary>
Created the tree successfully using jmeter/rescuenet_single_endpoint_1200.jmx
Starting standalone test @ 2026 Jun 9 18:08:22 CST (1780999702796)
Waiting for possible Shutdown/StopTestNow/HeapDump/ThreadDump message on port 4445
summary =   1200 in 00:00:03 =  365.7/s Avg:   530 Min:   136 Max:  1370 Err:     0 (0.00%)
Tidying up ...    @ 2026 Jun 9 18:08:26 CST (1780999706219)
... end of run

[4/6] Testing 运行状态接口二
WARN StatusConsoleListener The use of package scanning to locate plugins is deprecated and will be removed in a future release
WARN StatusConsoleListener The use of package scanning to locate plugins is deprecated and will be removed in a future release
WARN StatusConsoleListener The use of package scanning to locate plugins is deprecated and will be removed in a future release
WARN StatusConsoleListener The use of package scanning to locate plugins is deprecated and will be removed in a future release
Creating summariser <summary>
Created the tree successfully using jmeter/rescuenet_single_endpoint_1200.jmx
Starting standalone test @ 2026 Jun 9 18:08:30 CST (1780999710294)
Waiting for possible Shutdown/StopTestNow/HeapDump/ThreadDump message on port 4445
summary +      1 in 00:00:02 =    0.6/s Avg:   180 Min:   180 Max:   180 Err:     0 (0.00%) Active: 1200 Started: 1200 Finished: 0
summary +   1199 in 00:00:02 =  635.7/s Avg:   786 Min:    52 Max:  1223 Err:     0 (0.00%) Active: 0 Started: 1200 Finished: 1200
summary =   1200 in 00:00:04 =  340.2/s Avg:   785 Min:    52 Max:  1223 Err:     0 (0.00%)
Tidying up ...    @ 2026 Jun 9 18:08:33 CST (1780999713954)
... end of run

[5/6] Testing 回放会话列表接口
WARN StatusConsoleListener The use of package scanning to locate plugins is deprecated and will be removed in a future release
WARN StatusConsoleListener The use of package scanning to locate plugins is deprecated and will be removed in a future release
WARN StatusConsoleListener The use of package scanning to locate plugins is deprecated and will be removed in a future release
WARN StatusConsoleListener The use of package scanning to locate plugins is deprecated and will be removed in a future release
Creating summariser <summary>
Created the tree successfully using jmeter/rescuenet_single_endpoint_1200.jmx
Starting standalone test @ 2026 Jun 9 18:08:38 CST (1780999718080)
Waiting for possible Shutdown/StopTestNow/HeapDump/ThreadDump message on port 4445
summary =   1200 in 00:00:08 =  143.0/s Avg:  3179 Min:    87 Max:  5990 Err:     0 (0.00%)
Tidying up ...    @ 2026 Jun 9 18:08:46 CST (1780999726612)
... end of run

[6/6] Testing 场景列表接口
WARN StatusConsoleListener The use of package scanning to locate plugins is deprecated and will be removed in a future release
WARN StatusConsoleListener The use of package scanning to locate plugins is deprecated and will be removed in a future release
WARN StatusConsoleListener The use of package scanning to locate plugins is deprecated and will be removed in a future release
WARN StatusConsoleListener The use of package scanning to locate plugins is deprecated and will be removed in a future release
Creating summariser <summary>
Created the tree successfully using jmeter/rescuenet_single_endpoint_1200.jmx
Starting standalone test @ 2026 Jun 9 18:08:50 CST (1780999730586)
Waiting for possible Shutdown/StopTestNow/HeapDump/ThreadDump message on port 4445
summary =   1200 in 00:00:06 =  192.4/s Avg:  1674 Min:     7 Max:  3916 Err:     0 (0.00%)
Tidying up ...    @ 2026 Jun 9 18:08:56 CST (1780999736957)
... end of run

Result summary
========================================================================
Target: 被测系统本机服务
Users per endpoint: 1200
Samples: 7200  Success: 7200  Failures: 0  Error%: 0.0
健康检查接口: samples=1200 success=1200 fail=0 avg=250.03ms p95=446.15ms throughput=828.73/s
设备列表接口: samples=1200 success=1200 fail=0 avg=671.58ms p95=938.05ms throughput=607.59/s
运行状态接口一: samples=1200 success=1200 fail=0 avg=530.44ms p95=755.05ms throughput=652.88/s
运行状态接口二: samples=1200 success=1200 fail=0 avg=785.51ms p95=1209.0ms throughput=576.92/s
回放会话列表接口: samples=1200 success=1200 fail=0 avg=3179.25ms p95=5782.2ms throughput=172.64/s
场景列表接口: samples=1200 success=1200 fail=0 avg=1674.74ms p95=3557.0ms throughput=259.91/s

Wrote artifacts/load_tests/jmeter/midterm_1200_20260609_terminal_commanded/summary.json
Wrote artifacts/load_tests/jmeter/midterm_1200_20260609_terminal_commanded/report.md
Post-test health check command:
  curl -sS -o /dev/null -w "%{http_code}" --max-time 30 "$BASE_URL/api/health"
Post-test health check output: HTTP 200

JMeter artifacts:
  Output:  artifacts/load_tests/jmeter/midterm_1200_20260609_terminal_commanded
  Summary: artifacts/load_tests/jmeter/midterm_1200_20260609_terminal_commanded/summary.json
  Report:  artifacts/load_tests/jmeter/midterm_1200_20260609_terminal_commanded/report.md
  HTML:    artifacts/load_tests/jmeter/midterm_1200_20260609_terminal_commanded/<endpoint>/html/index.html
  JTL:     artifacts/load_tests/jmeter/midterm_1200_20260609_terminal_commanded/<endpoint>/results.jtl
